[34m[1mtrain: [0mFast image access ✅ (ping: 0.0±0.0 ms, read: 2856.9±630.2 MB/s, size: 139.0 KB)
[K[34m[1mtrain: [0mScanning /mnt/dataset/yudongfang/projects/RGBT_campaign/data/processed/llvip/yolo/grouped_v1/visible/labels/fit.cache... 9619 images, 2 backgrounds, 0 corrupt: 100% ━━━━━━━━━━━━ 9619/9619 1.8Git/s 0.0s
[34m[1mtrain: [0mFast image access ✅ (ping: 0.0±0.0 ms, read: 1894.5±1118.3 MB/s, size: 85.9 KB)
[K[34m[1mtrain: [0mScanning /mnt/dataset/yudongfang/projects/RGBT_campaign/data/processed/llvip/yolo/grouped_v1/infrared/labels/fit.cache... 9619 images, 2 backgrounds, 0 corrupt: 100% ━━━━━━━━━━━━ 9619/9619 2.2Git/s 0.0s
{"batch_completed": 1, "roster_hit_batches_so_far": 1}
{"batch_completed": 2, "roster_hit_batches_so_far": 1}
{"batch_completed": 3, "roster_hit_batches_so_far": 1}
{"batch_completed": 4, "roster_hit_batches_so_far": 2}
{"batch_completed": 5, "roster_hit_batches_so_far": 3}
{"batch_completed": 6, "roster_hit_batches_so_far": 3}
{"batch_completed": 7, "roster_hit_batches_so_far": 4}
{"batch_completed": 8, "roster_hit_batches_so_far": 4}
{"batch_completed": 9, "roster_hit_batches_so_far": 4}
{"batch_completed": 10, "roster_hit_batches_so_far": 4}
{"batch_completed": 11, "roster_hit_batches_so_far": 5}
{"batch_completed": 12, "roster_hit_batches_so_far": 6}
{"batch_completed": 13, "roster_hit_batches_so_far": 6}
{"batch_completed": 14, "roster_hit_batches_so_far": 6}
{"batch_completed": 15, "roster_hit_batches_so_far": 6}
{"batch_completed": 16, "roster_hit_batches_so_far": 7}
{"batch_completed": 17, "roster_hit_batches_so_far": 7}
{"batch_completed": 18, "roster_hit_batches_so_far": 7}
{"batch_completed": 19, "roster_hit_batches_so_far": 7}
{"batch_completed": 20, "roster_hit_batches_so_far": 7}
{"batch_completed": 21, "roster_hit_batches_so_far": 7}
{"batch_completed": 22, "roster_hit_batches_so_far": 7}
{"batch_completed": 23, "roster_hit_batches_so_far": 7}
{"batch_completed": 24, "roster_hit_batches_so_far": 8}
{"batch_completed": 25, "roster_hit_batches_so_far": 8}
{"batch_completed": 26, "roster_hit_batches_so_far": 9}
{"batch_completed": 27, "roster_hit_batches_so_far": 9}
{"batch_completed": 28, "roster_hit_batches_so_far": 9}
{"batch_completed": 29, "roster_hit_batches_so_far": 9}
{"batch_completed": 30, "roster_hit_batches_so_far": 9}
{"batch_completed": 31, "roster_hit_batches_so_far": 9}
{"batch_completed": 32, "roster_hit_batches_so_far": 9}
{"batch_completed": 33, "roster_hit_batches_so_far": 9}
{"batch_completed": 34, "roster_hit_batches_so_far": 10}
{"batch_completed": 35, "roster_hit_batches_so_far": 11}
{"batch_completed": 36, "roster_hit_batches_so_far": 11}
{"batch_completed": 37, "roster_hit_batches_so_far": 11}
{"batch_completed": 38, "roster_hit_batches_so_far": 11}
{"batch_completed": 39, "roster_hit_batches_so_far": 11}
{"batch_completed": 40, "roster_hit_batches_so_far": 11}
{"batch_completed": 41, "roster_hit_batches_so_far": 11}
{"batch_completed": 42, "roster_hit_batches_so_far": 11}
{"batch_completed": 43, "roster_hit_batches_so_far": 11}
{"batch_completed": 44, "roster_hit_batches_so_far": 11}
{"batch_completed": 45, "roster_hit_batches_so_far": 11}
{"batch_completed": 46, "roster_hit_batches_so_far": 11}
{"batch_completed": 47, "roster_hit_batches_so_far": 11}
{"batch_completed": 48, "roster_hit_batches_so_far": 11}
{"batch_completed": 49, "roster_hit_batches_so_far": 11}
{"batch_completed": 50, "roster_hit_batches_so_far": 11}
{"batch_completed": 51, "roster_hit_batches_so_far": 11}
{"batch_completed": 52, "roster_hit_batches_so_far": 11}
{"batch_completed": 53, "roster_hit_batches_so_far": 11}
{"batch_completed": 54, "roster_hit_batches_so_far": 11}
{"batch_completed": 55, "roster_hit_batches_so_far": 11}
{"batch_completed": 56, "roster_hit_batches_so_far": 11}
{"batch_completed": 57, "roster_hit_batches_so_far": 11}
{"batch_completed": 58, "roster_hit_batches_so_far": 11}
{"batch_completed": 59, "roster_hit_batches_so_far": 11}
{"batch_completed": 60, "roster_hit_batches_so_far": 11}
{"batch_completed": 61, "roster_hit_batches_so_far": 11}
{"batch_completed": 62, "roster_hit_batches_so_far": 11}
{"batch_completed": 63, "roster_hit_batches_so_far": 11}
{"batch_completed": 64, "roster_hit_batches_so_far": 11}
{"seed": 20260907, "generator_seed": 20260907, "worker_init": "seed_natural_worker", "shuffle": true, "replacement": false, "drop_last": false, "prefetch_factor": 4, "workers": 4, "batch_size": 32, "dataset_size": 9619, "main_rng_isolated_for_workers0": true, "loader_class": "torch.utils.data.DataLoader", "use": "fixed calibration/probe only; formal training retains matched legacy stream", "dataset": "llvip", "yaml_sources": ["/mnt/dataset/yudongfang/projects/RGBT_campaign/artifacts/rgbt_p3_causal_v1/prepared/llvip/visible.data.yaml", "/mnt/dataset/yudongfang/projects/RGBT_campaign/artifacts/rgbt_p3_causal_v1/prepared/llvip/infrared.data.yaml"], "paired_mapping": "/mnt/dataset/yudongfang/projects/RGBT_campaign/artifacts/rgbt_p3_causal_v1/prepared/llvip/mappings/visible_to_infrared_train.json", "train_manifests": [{"train": "/mnt/dataset/yudongfang/projects/RGBT_campaign/data/processed/llvip/yolo/grouped_v1/visible/images/fit", "names": {"0": "person"}}, {"train": "/mnt/dataset/yudongfang/projects/RGBT_campaign/data/processed/llvip/yolo/grouped_v1/infrared/images/fit", "names": {"0": "person"}}], "augmentation": {"mosaic": 0.0, "mixup": 0.0, "cutmix": 0.0, "copy_paste": 0.0, "degrees": 0.0, "shear": 0.0, "perspective": 0.0, "translate": 0.1, "scale": 0.5, "fliplr": 0.5, "flipud": 0.0, "hsv_h": 0.0, "hsv_s": 0.0, "hsv_v": 0.0, "erasing": 0.0, "bgr": 0.0}, "test_accessed": false, "model_loaded": false, "geometry_reference_directory": "/mnt/dataset/yudongfang/projects/RGBT_campaign/artifacts/rgbir_independent_kd_v2_20260907/release_cpu1/task_conditional_reference", "roster_path": "/mnt/dataset/yudongfang/projects/RGBT_campaign/artifacts/rgbir_independent_kd_v2_20260907/geometry_frozen_roster.json", "roster_row_count": 42, "roster_unique_resolved_paths": 42, "config_path": "/mnt/dataset/yudongfang/projects/RGBT_campaign/artifacts/rgbir_independent_kd_v2_20260907/configs_draft_v1/llvip_C1.yaml", "status": "COMPLETED", "requested_batches": 64, "actual_batches": 64, "unique_source_images": 2048, "unique_roster_source_images": 13, "roster_hit_batch_indices": [0, 3, 4, 6, 10, 11, 15, 23, 25, 33, 34], "roster_hit_batch_upper_bound": 11, "roster_both_gt_batch_upper_bound": 11, "signal_requirement": 16, "coverage_gate": "ROSTER_CANNOT_REACH_16", "upper_bound_only": true, "geometry_verified": false, "actual_L_selected_not_measured": true, "no_oversampling": true, "no_batch_replacement": true, "no_hashes_computed": true, "seconds": 14.460305213928223}
