Looking in indexes: https://pypi.tuna.tsinghua.edu.cn/simple
Collecting tensorboard==2.20.0
  Downloading https://pypi.tuna.tsinghua.edu.cn/packages/9c/d9/a5db55f88f258ac669a92858b70a714bbbd5acd993820b41ec4a96a4d77f/tensorboard-2.20.0-py3-none-any.whl (5.5 MB)
     ━━━━━━━━━━━━━━━━━━━━━━━━━━━━━━━━━━━━━━━━ 5.5/5.5 MB 12.5 MB/s eta 0:00:00
Collecting absl-py>=0.4 (from tensorboard==2.20.0)
  Downloading https://pypi.tuna.tsinghua.edu.cn/packages/58/0a/a10b45aab35b175aded078a462dc8d0c698f5b13946e7cb0869097b78bb6/absl_py-2.5.0-py3-none-any.whl (137 kB)
     ━━━━━━━━━━━━━━━━━━━━━━━━━━━━━━━━━━━━━━ 137.4/137.4 kB 10.3 MB/s eta 0:00:00
Collecting grpcio>=1.48.2 (from tensorboard==2.20.0)
  Downloading https://pypi.tuna.tsinghua.edu.cn/packages/d6/bf/7f0850aa13d98bb4dd8e7633b6beb639e6fd80a8c0813ad36dec3240f70e/grpcio-1.83.1-cp311-cp311-manylinux2014_x86_64.manylinux_2_17_x86_64.whl (7.1 MB)
     ━━━━━━━━━━━━━━━━━━━━━━━━━━━━━━━━━━━━━━━━ 7.1/7.1 MB 14.4 MB/s eta 0:00:00
Collecting markdown>=2.6.8 (from tensorboard==2.20.0)
  Downloading https://pypi.tuna.tsinghua.edu.cn/packages/64/69/4a5af2bc115a9a33fefe51709749de8262be3f9ba063d1753a837cdbc49c/markdown-3.10.3-py3-none-any.whl (110 kB)
     ━━━━━━━━━━━━━━━━━━━━━━━━━━━━━━━━━━━━━━━ 110.8/110.8 kB 2.1 MB/s eta 0:00:00
Requirement already satisfied: numpy>=1.12.0 in /mnt/dataX/ydf/projects/RGBT_campaign_90/environments/cft90/lib/python3.11/site-packages (from tensorboard==2.20.0) (2.2.6)
Requirement already satisfied: packaging in /mnt/dataY/ydf/conda/envs/ogsod400/lib/python3.11/site-packages (from tensorboard==2.20.0) (26.3)
Requirement already satisfied: pillow in /mnt/dataY/ydf/conda/envs/ogsod400/lib/python3.11/site-packages (from tensorboard==2.20.0) (12.2.0)
Collecting protobuf!=4.24.0,>=3.19.6 (from tensorboard==2.20.0)
  Downloading https://pypi.tuna.tsinghua.edu.cn/packages/22/df/c799fe7a05ef16ba853a59db01f3a2c5f7d0676469589ccc4874f76a2a88/protobuf-7.36.1-cp310-abi3-manylinux2014_x86_64.whl (343 kB)
     ━━━━━━━━━━━━━━━━━━━━━━━━━━━━━━━━━━━━━━━ 343.2/343.2 kB 5.9 MB/s eta 0:00:00
Requirement already satisfied: setuptools>=41.0.0 in /mnt/dataX/ydf/projects/RGBT_campaign_90/environments/cft90/lib/python3.11/site-packages (from tensorboard==2.20.0) (79.0.1)
Collecting tensorboard-data-server<0.8.0,>=0.7.0 (from tensorboard==2.20.0)
  Downloading https://pypi.tuna.tsinghua.edu.cn/packages/73/c6/825dab04195756cf8ff2e12698f22513b3db2f64925bdd41671bfb33aaa5/tensorboard_data_server-0.7.2-py3-none-manylinux_2_31_x86_64.whl (6.6 MB)
     ━━━━━━━━━━━━━━━━━━━━━━━━━━━━━━━━━━━━━━━━ 6.6/6.6 MB 17.9 MB/s eta 0:00:00
Collecting werkzeug>=1.0.1 (from tensorboard==2.20.0)
  Downloading https://pypi.tuna.tsinghua.edu.cn/packages/93/8c/2e650f2afeb7ee576912636c23ddb621c91ac6a98e66dc8d29c3c69446e1/werkzeug-3.1.8-py3-none-any.whl (226 kB)
     ━━━━━━━━━━━━━━━━━━━━━━━━━━━━━━━━━━━━━━ 226.5/226.5 kB 13.3 MB/s eta 0:00:00
Requirement already satisfied: typing-extensions~=4.12 in /mnt/dataY/ydf/conda/envs/ogsod400/lib/python3.11/site-packages (from grpcio>=1.48.2->tensorboard==2.20.0) (4.15.0)
Requirement already satisfied: markupsafe>=2.1.1 in /mnt/dataY/ydf/conda/envs/ogsod400/lib/python3.11/site-packages (from werkzeug>=1.0.1->tensorboard==2.20.0) (3.0.3)
Installing collected packages: werkzeug, tensorboard-data-server, protobuf, markdown, grpcio, absl-py, tensorboard
Successfully installed absl-py-2.5.0 grpcio-1.83.1 markdown-3.10.3 protobuf-7.36.1 tensorboard-2.20.0 tensorboard-data-server-0.7.2 werkzeug-3.1.8

[notice] A new release of pip is available: 24.0 -> 26.2.1
[notice] To update, run: /mnt/dataX/ydf/projects/RGBT_campaign_90/environments/cft90/bin/python -m pip install --upgrade pip
