{"cuda_processes_per_gpu": 1, "expected_rss_mib": 65536, "expected_vram_mib": 17152, "gpu_ids": [3], "lease_id": "cft_author_train_canary32_cap68-9255b00c2ffc", "pid": 2223584, "status": "LAUNCHED"}
/mnt/dataX/ydf/projects/RGBT_campaign_90/external_reproductions/cft/author_source/utils/datasets.py:897: SyntaxWarning: assertion is always true, perhaps remove parentheses?
  assert (self.img_files_rgb, self.img_files_ir), (f'{prefix}No images found', f'{prefix}No images found')
calling_original_train_rgb_ir {}
[34m[1mhyperparameters: [0mlr0=0.01, lrf=0.2, momentum=0.937, weight_decay=0.0005, warmup_epochs=3.0, warmup_momentum=0.8, warmup_bias_lr=0.1, box=0.05, cls=0.5, cls_pw=1.0, obj=1.0, obj_pw=1.0, iou_t=0.2, anchor_t=4.0, fl_gamma=0.0, hsv_h=0.015, hsv_s=0.7, hsv_v=0.4, degrees=0.0, translate=0.1, scale=0.5, shear=0.0, perspective=0.0, flipud=0.0, fliplr=0.5, mosaic=1.0, mixup=0.0
/mnt/dataX/ydf/projects/RGBT_campaign_90/artifacts/cft_author_protocol_20260909_attempt1/train_canary_wrapper.py:121: UserWarning: Environment variable TORCH_FORCE_NO_WEIGHTS_ONLY_LOAD detected, since the`weights_only` argument was not explicitly passed to `torch.load`, forcing weights_only=False.
  payload = original_load(path, *pos, **kw)
[34m[1mwandb: [0mInstall Weights & Biases for YOLOv5 logging with 'pip install wandb' (recommended)

                 from  n    params  module                                  arguments                     
  0                -1  1      7040  models.common.Focus                     [3, 64, 3]                    
  1                -1  1     73984  models.common.Conv                      [64, 128, 3, 2]               
  2                -1  1    156928  models.common.C3                        [128, 128, 3]                 
  3                -1  1    295424  models.common.Conv                      [128, 256, 3, 2]              
  4                -1  1   1611264  models.common.C3                        [256, 256, 9]                 
  5                -4  1      7040  models.common.Focus                     [3, 64, 3]                    
  6                -1  1     73984  models.common.Conv                      [64, 128, 3, 2]               
  7                -1  1    156928  models.common.C3                        [128, 128, 3]                 
  8                -1  1    295424  models.common.Conv                      [128, 256, 3, 2]              
  9                -1  1   1611264  models.common.C3                        [256, 256, 9]                 
 10            [4, 9]  1   6351360  models.common.GPT                       [256]                         
 11           [4, 10]  1         0  models.common.Add2                      [256, 0]                      
 12           [9, 10]  1         0  models.common.Add2                      [256, 1]                      
 13                11  1   1180672  models.common.Conv                      [256, 512, 3, 2]              
 14                -1  1   6433792  models.common.C3                        [512, 512, 9]                 
 15                12  1   1180672  models.common.Conv                      [256, 512, 3, 2]              
 16                -1  1   6433792  models.common.C3                        [512, 512, 9]                 
 17          [14, 16]  1  25285632  models.common.GPT                       [512]                         
 18          [14, 17]  1         0  models.common.Add2                      [512, 0]                      
 19          [16, 17]  1         0  models.common.Add2                      [512, 1]                      
 20                18  1   4720640  models.common.Conv                      [512, 1024, 3, 2]             
 21                -1  1   2624512  models.common.SPP                       [1024, 1024, [5, 9, 13]]      
 22                -1  1   9971712  models.common.C3                        [1024, 1024, 3, False]        
 23                19  1   4720640  models.common.Conv                      [512, 1024, 3, 2]             
 24                -1  1   2624512  models.common.SPP                       [1024, 1024, [5, 9, 13]]      
 25                -1  1   9971712  models.common.C3                        [1024, 1024, 3, False]        
 26          [22, 25]  1 100902912  models.common.GPT                       [1024]                        
 27          [22, 26]  1         0  models.common.Add2                      [1024, 0]                     
 28          [25, 26]  1         0  models.common.Add2                      [1024, 1]                     
 29          [11, 12]  1         0  models.common.Add                       [256]                         
 30          [18, 19]  1         0  models.common.Add                       [512]                         
 31          [27, 28]  1         0  models.common.Add                       [1024]                        
 32                -1  1    525312  models.common.Conv                      [1024, 512, 1, 1]             
 33                -1  1         0  torch.nn.modules.upsampling.Upsample    [None, 2, 'nearest']          
 34          [-1, 30]  1         0  models.common.Concat                    [1]                           
 35                -1  1   2757632  models.common.C3                        [1024, 512, 3, False]         
 36                -1  1    131584  models.common.Conv                      [512, 256, 1, 1]              
 37                -1  1         0  torch.nn.modules.upsampling.Upsample    [None, 2, 'nearest']          
 38          [-1, 29]  1         0  models.common.Concat                    [1]                           
 39                -1  1    690688  models.common.C3                        [512, 256, 3, False]          
 40                -1  1    590336  models.common.Conv                      [256, 256, 3, 2]              
 41          [-1, 36]  1         0  models.common.Concat                    [1]                           
 42                -1  1   2495488  models.common.C3                        [512, 512, 3, False]          
 43                -1  1   2360320  models.common.Conv                      [512, 512, 3, 2]              
 44          [-1, 32]  1         0  models.common.Concat                    [1]                           
 45                -1  1   9971712  models.common.C3                        [1024, 1024, 3, False]        
 46      [39, 42, 45]  1     32310  models.yolo_test.Detect                 [1, [[10, 13, 16, 30, 33, 23], [30, 61, 62, 45, 59, 119], [116, 90, 156, 198, 373, 326]], [256, 512, 1024]]
Model Summary: 1189 layers, 206247222 parameters, 206247222 gradients

Transferred 207/1445 items from /mnt/dataX/ydf/projects/RGBT_campaign_90/external_reproductions/cft/author_initialization/yolov5l.pt
Scaled weight_decay = 0.0005
Optimizer groups: 372 .bias, 372 conv.weight, 174 other
[34m[1mtrain: [0mScanning RGB '/mnt/dataX/ydf/projects/RGBT_campaign_90/data_author_protocol/llvip_attempt1/previous/visible/train.cache' images and labels... 12025 found, 0 missing, 1 empty, 0 corrupted: 100%|██████████| 12025/12025 [00:00<?, ?it/s][34m[1mtrain: [0mScanning RGB '/mnt/dataX/ydf/projects/RGBT_campaign_90/data_author_protocol/llvip_attempt1/previous/visible/train.cache' images and labels... 12025 found, 0 missing, 1 empty, 0 corrupted: 100%|██████████| 12025/12025 [00:00<?, ?it/s]
[34m[1mtrain: [0mScanning IR '/mnt/dataX/ydf/projects/RGBT_campaign_90/data_author_protocol/llvip_attempt1/previous/visible/train.cache' images and labels... 12025 found, 0 missing, 1 empty, 0 corrupted: 100%|██████████| 12025/12025 [00:00<?, ?it/s][34m[1mtrain: [0mScanning IR '/mnt/dataX/ydf/projects/RGBT_campaign_90/data_author_protocol/llvip_attempt1/previous/visible/train.cache' images and labels... 12025 found, 0 missing, 1 empty, 0 corrupted: 100%|██████████| 12025/12025 [00:00<?, ?it/s]
original_loader_ready {"split": "train", "images": 12025, "batches": 376}
0.0
[34m[1mval: [0mScanning RGB '/mnt/dataX/ydf/projects/RGBT_campaign_90/data_author_protocol/llvip_attempt1/previous/visible/test.cache' images and labels... 3463 found, 0 missing, 0 empty, 0 corrupted: 100%|██████████| 3463/3463 [00:00<?, ?it/s][34m[1mval: [0mScanning RGB '/mnt/dataX/ydf/projects/RGBT_campaign_90/data_author_protocol/llvip_attempt1/previous/visible/test.cache' images and labels... 3463 found, 0 missing, 0 empty, 0 corrupted: 100%|██████████| 3463/3463 [00:00<?, ?it/s]
[34m[1mval: [0mScanning IR '/mnt/dataX/ydf/projects/RGBT_campaign_90/data_author_protocol/llvip_attempt1/previous/visible/test.cache' images and labels... 3463 found, 0 missing, 0 empty, 0 corrupted: 100%|██████████| 3463/3463 [00:00<?, ?it/s][34m[1mval: [0mScanning IR '/mnt/dataX/ydf/projects/RGBT_campaign_90/data_author_protocol/llvip_attempt1/previous/visible/test.cache' images and labels... 3463 found, 0 missing, 0 empty, 0 corrupted: 100%|██████████| 3463/3463 [00:00<?, ?it/s]
original_loader_ready {"split": "official_test", "images": 3463, "batches": 55}
diagnostic_label_plot_skipped {}

[34m[1mautoanchor: [0mAnalyzing anchors... anchors/target = 4.74, Best Possible Recall (BPR) = 0.9998
/mnt/dataX/ydf/projects/RGBT_campaign_90/external_reproductions/cft/author_source/train.py:678: FutureWarning: `torch.cuda.amp.GradScaler(args...)` is deprecated. Please use `torch.amp.GradScaler('cuda', args...)` instead.
  scaler = amp.GradScaler(enabled=cuda)
Image sizes 1024 train, 1024 test
Using 8 dataloader workers
Logging results to /mnt/dataX/ydf/projects/RGBT_campaign_90/artifacts/cft_author_protocol_20260909_attempt1/train_canary32_attempt2/author_train
Starting training for 200 epochs...

     Epoch   gpu_mem       box       obj       cls     total    labels  img_size
  0%|          | 0/376 [00:00<?, ?it/s]train_batch {"index": 1, "input_shape": [32, 6, 1024, 1024], "loader_seconds": 6.442418750142679, "source_stems": ["010001", "010002", "010003", "010004", "010005", "010006", "010007", "010008", "010009", "010010", "010011", "010012", "010013", "010014", "010015", "010016", "010017", "010018", "010019", "010020", "010021", "010022", "010023", "010024", "010025", "010026", "010027", "010028", "010029", "010030", "010031", "010032"]}
/mnt/dataX/ydf/projects/RGBT_campaign_90/external_reproductions/cft/author_source/train.py:755: FutureWarning: `torch.cuda.amp.autocast(args...)` is deprecated. Please use `torch.amp.autocast('cuda', args...)` instead.
  with amp.autocast(enabled=cuda):
  0%|          | 0/376 [00:13<?, ?it/s]
{"status": "RESOURCE_FAILURE_OOM", "successful_optimizer_steps": 0, "batches_entered": 1, "steps": [], "batches": [{"index": 1, "input_shape": [32, 6, 1024, 1024], "loader_seconds": 6.442418750142679, "source_stems": ["010001", "010002", "010003", "010004", "010005", "010006", "010007", "010008", "010009", "010010", "010011", "010012", "010013", "010014", "010015", "010016", "010017", "010018", "010019", "010020", "010021", "010022", "010023", "010024", "010025", "010026", "010027", "010028", "010029", "010030", "010031", "010032"]}], "source_unchanged": true, "ap_computed": false, "training_completed": false, "new_hash_computed": false, "initialization": {"path": "/mnt/dataX/ydf/projects/RGBT_campaign_90/external_reproductions/cft/author_initialization/yolov5l.pt", "bytes": 94562742, "classes": 80, "epoch": -1, "optimizer_is_none": true}, "error": "OutOfMemoryError('CUDA out of memory. Tried to allocate 128.00 MiB. GPU 0 has a total capacity of 23.80 GiB of which 7.35 GiB is free. Including non-PyTorch memory, this process has 16.41 GiB memory in use. 16.19 GiB allowed; Of the allocated memory 15.99 GiB is allocated by PyTorch, and 121.23 MiB is reserved by PyTorch but unallocated. If reserved but unallocated memory is large try setting PYTORCH_ALLOC_CONF=expandable_segments:True to avoid fragmentation.  See documentation for Memory Management  (https://pytorch.org/docs/stable/notes/cuda.html#environment-variables)')", "traceback": "Traceback (most recent call last):\n  File \"/mnt/dataX/ydf/projects/RGBT_campaign_90/artifacts/cft_author_protocol_20260909_attempt1/train_canary_wrapper.py\", line 196, in main\n    author_train.train_rgb_ir(hyp, opt, torch.device('cuda:0'), tb_writer=None)\n  File \"/mnt/dataX/ydf/projects/RGBT_campaign_90/external_reproductions/cft/author_source/train.py\", line 757, in train_rgb_ir\n    pred = model(imgs_rgb, imgs_ir)  # forward\n           ^^^^^^^^^^^^^^^^^^^^^^^^\n  File \"/mnt/dataY/ydf/conda/envs/ogsod400/lib/python3.11/site-packages/torch/nn/modules/module.py\", line 1776, in _wrapped_call_impl\n    return self._call_impl(*args, **kwargs)\n           ^^^^^^^^^^^^^^^^^^^^^^^^^^^^^^^^\n  File \"/mnt/dataY/ydf/conda/envs/ogsod400/lib/python3.11/site-packages/torch/nn/modules/module.py\", line 1787, in _call_impl\n    return forward_call(*args, **kwargs)\n           ^^^^^^^^^^^^^^^^^^^^^^^^^^^^^\n  File \"/mnt/dataX/ydf/projects/RGBT_campaign_90/external_reproductions/cft/author_source/models/yolo_test.py\", line 232, in forward\n    return self.forward_once(x, x2, profile)  # single-scale inference, train\n           ^^^^^^^^^^^^^^^^^^^^^^^^^^^^^^^^^\n  File \"/mnt/dataX/ydf/projects/RGBT_campaign_90/external_reproductions/cft/author_source/models/yolo_test.py\", line 265, in forward_once\n    x = m(x)  # run\n        ^^^^\n  File \"/mnt/dataY/ydf/conda/envs/ogsod400/lib/python3.11/site-packages/torch/nn/modules/module.py\", line 1776, in _wrapped_call_impl\n    return self._call_impl(*args, **kwargs)\n           ^^^^^^^^^^^^^^^^^^^^^^^^^^^^^^^^\n  File \"/mnt/dataY/ydf/conda/envs/ogsod400/lib/python3.11/site-packages/torch/nn/modules/module.py\", line 1787, in _call_impl\n    return forward_call(*args, **kwargs)\n           ^^^^^^^^^^^^^^^^^^^^^^^^^^^^^\n  File \"/mnt/dataX/ydf/projects/RGBT_campaign_90/external_reproductions/cft/author_source/models/common.py\", line 143, in forward\n    return self.cv3(torch.cat((self.m(self.cv1(x)), self.cv2(x)), dim=1))\n                               ^^^^^^^^^^^^^^^^^^^\n  File \"/mnt/dataY/ydf/conda/envs/ogsod400/lib/python3.11/site-packages/torch/nn/modules/module.py\", line 1776, in _wrapped_call_impl\n    return self._call_impl(*args, **kwargs)\n           ^^^^^^^^^^^^^^^^^^^^^^^^^^^^^^^^\n  File \"/mnt/dataY/ydf/conda/envs/ogsod400/lib/python3.11/site-packages/torch/nn/modules/module.py\", line 1787, in _call_impl\n    return forward_call(*args, **kwargs)\n           ^^^^^^^^^^^^^^^^^^^^^^^^^^^^^\n  File \"/mnt/dataY/ydf/conda/envs/ogsod400/lib/python3.11/site-packages/torch/nn/modules/container.py\", line 253, in forward\n    input = module(input)\n            ^^^^^^^^^^^^^\n  File \"/mnt/dataY/ydf/conda/envs/ogsod400/lib/python3.11/site-packages/torch/nn/modules/module.py\", line 1776, in _wrapped_call_impl\n    return self._call_impl(*args, **kwargs)\n           ^^^^^^^^^^^^^^^^^^^^^^^^^^^^^^^^\n  File \"/mnt/dataY/ydf/conda/envs/ogsod400/lib/python3.11/site-packages/torch/nn/modules/module.py\", line 1787, in _call_impl\n    return forward_call(*args, **kwargs)\n           ^^^^^^^^^^^^^^^^^^^^^^^^^^^^^\n  File \"/mnt/dataX/ydf/projects/RGBT_campaign_90/external_reproductions/cft/author_source/models/common.py\", line 109, in forward\n    return x + self.cv2(self.cv1(x)) if self.add else self.cv2(self.cv1(x))\n               ^^^^^^^^^^^^^^^^^^^^^\n  File \"/mnt/dataY/ydf/conda/envs/ogsod400/lib/python3.11/site-packages/torch/nn/modules/module.py\", line 1776, in _wrapped_call_impl\n    return self._call_impl(*args, **kwargs)\n           ^^^^^^^^^^^^^^^^^^^^^^^^^^^^^^^^\n  File \"/mnt/dataY/ydf/conda/envs/ogsod400/lib/python3.11/site-packages/torch/nn/modules/module.py\", line 1787, in _call_impl\n    return forward_call(*args, **kwargs)\n           ^^^^^^^^^^^^^^^^^^^^^^^^^^^^^\n  File \"/mnt/dataX/ydf/projects/RGBT_campaign_90/external_reproductions/cft/author_source/models/common.py\", line 47, in forward\n    return self.act(self.bn(self.conv(x)))\n                            ^^^^^^^^^^^^\n  File \"/mnt/dataY/ydf/conda/envs/ogsod400/lib/python3.11/site-packages/torch/nn/modules/module.py\", line 1776, in _wrapped_call_impl\n    return self._call_impl(*args, **kwargs)\n           ^^^^^^^^^^^^^^^^^^^^^^^^^^^^^^^^\n  File \"/mnt/dataY/ydf/conda/envs/ogsod400/lib/python3.11/site-packages/torch/nn/modules/module.py\", line 1787, in _call_impl\n    return forward_call(*args, **kwargs)\n           ^^^^^^^^^^^^^^^^^^^^^^^^^^^^^\n  File \"/mnt/dataY/ydf/conda/envs/ogsod400/lib/python3.11/site-packages/torch/nn/modules/conv.py\", line 553, in forward\n    return self._conv_forward(input, self.weight, self.bias)\n           ^^^^^^^^^^^^^^^^^^^^^^^^^^^^^^^^^^^^^^^^^^^^^^^^^\n  File \"/mnt/dataY/ydf/conda/envs/ogsod400/lib/python3.11/site-packages/torch/nn/modules/conv.py\", line 548, in _conv_forward\n    return F.conv2d(\n           ^^^^^^^^^\ntorch.OutOfMemoryError: CUDA out of memory. Tried to allocate 128.00 MiB. GPU 0 has a total capacity of 23.80 GiB of which 7.35 GiB is free. Including non-PyTorch memory, this process has 16.41 GiB memory in use. 16.19 GiB allowed; Of the allocated memory 15.99 GiB is allocated by PyTorch, and 121.23 MiB is reserved by PyTorch but unallocated. If reserved but unallocated memory is large try setting PYTORCH_ALLOC_CONF=expandable_segments:True to avoid fragmentation.  See documentation for Memory Management  (https://pytorch.org/docs/stable/notes/cuda.html#environment-variables)\n", "elapsed_seconds": 29.781567962141708, "torch_max_allocated_mib": 16374.77099609375, "torch_max_reserved_mib": 16498.0, "lease_resources": {"gpu_ids": [3], "cuda_pid_counts": {"3": 1}, "per_gpu_peak_vram_mib": {"3": 16806}, "peak_rss_mib": 40608}, "finished": "2026-09-09T11:15:24.256904+08:00"}
