/mnt/dataset/yudongfang/projects/SpaceNet6_OTD_official_reproduction/yolo_osssl/transforms.py:61: UserWarning: The given buffer is not writable, and PyTorch does not support non-writable tensors. This means you can write to the underlying (supposedly non-writable) buffer using the tensor. You may want to copy the buffer to protect its data or make it writable before converting it to a tensor. This type of warning will be suppressed for the rest of this program. (Triggered internally at /pytorch/torch/csrc/utils/tensor_new.cpp:1581.)
  value = torch.frombuffer(memoryview(raw), dtype=torch.uint8).clone()
/mnt/dataset/yudongfang/projects/SpaceNet6_OTD_official_reproduction/yolo_osssl/transforms.py:61: UserWarning: The given buffer is not writable, and PyTorch does not support non-writable tensors. This means you can write to the underlying (supposedly non-writable) buffer using the tensor. You may want to copy the buffer to protect its data or make it writable before converting it to a tensor. This type of warning will be suppressed for the rest of this program. (Triggered internally at /pytorch/torch/csrc/utils/tensor_new.cpp:1581.)
  value = torch.frombuffer(memoryview(raw), dtype=torch.uint8).clone()
/mnt/dataset/yudongfang/projects/SpaceNet6_OTD_official_reproduction/yolo_osssl/transforms.py:61: UserWarning: The given buffer is not writable, and PyTorch does not support non-writable tensors. This means you can write to the underlying (supposedly non-writable) buffer using the tensor. You may want to copy the buffer to protect its data or make it writable before converting it to a tensor. This type of warning will be suppressed for the rest of this program. (Triggered internally at /pytorch/torch/csrc/utils/tensor_new.cpp:1581.)
  value = torch.frombuffer(memoryview(raw), dtype=torch.uint8).clone()
/mnt/dataset/yudongfang/projects/SpaceNet6_OTD_official_reproduction/yolo_osssl/transforms.py:61: UserWarning: The given buffer is not writable, and PyTorch does not support non-writable tensors. This means you can write to the underlying (supposedly non-writable) buffer using the tensor. You may want to copy the buffer to protect its data or make it writable before converting it to a tensor. This type of warning will be suppressed for the rest of this program. (Triggered internally at /pytorch/torch/csrc/utils/tensor_new.cpp:1581.)
  value = torch.frombuffer(memoryview(raw), dtype=torch.uint8).clone()
/mnt/dataset/yudongfang/projects/SpaceNet6_OTD_official_reproduction/yolo_osssl/transforms.py:61: UserWarning: The given buffer is not writable, and PyTorch does not support non-writable tensors. This means you can write to the underlying (supposedly non-writable) buffer using the tensor. You may want to copy the buffer to protect its data or make it writable before converting it to a tensor. This type of warning will be suppressed for the rest of this program. (Triggered internally at /pytorch/torch/csrc/utils/tensor_new.cpp:1581.)
  value = torch.frombuffer(memoryview(raw), dtype=torch.uint8).clone()
/mnt/dataset/yudongfang/projects/SpaceNet6_OTD_official_reproduction/yolo_osssl/transforms.py:61: UserWarning: The given buffer is not writable, and PyTorch does not support non-writable tensors. This means you can write to the underlying (supposedly non-writable) buffer using the tensor. You may want to copy the buffer to protect its data or make it writable before converting it to a tensor. This type of warning will be suppressed for the rest of this program. (Triggered internally at /pytorch/torch/csrc/utils/tensor_new.cpp:1581.)
  value = torch.frombuffer(memoryview(raw), dtype=torch.uint8).clone()
/mnt/dataset/yudongfang/projects/SpaceNet6_OTD_official_reproduction/yolo_osssl/transforms.py:61: UserWarning: The given buffer is not writable, and PyTorch does not support non-writable tensors. This means you can write to the underlying (supposedly non-writable) buffer using the tensor. You may want to copy the buffer to protect its data or make it writable before converting it to a tensor. This type of warning will be suppressed for the rest of this program. (Triggered internally at /pytorch/torch/csrc/utils/tensor_new.cpp:1581.)
  value = torch.frombuffer(memoryview(raw), dtype=torch.uint8).clone()
/mnt/dataset/yudongfang/projects/SpaceNet6_OTD_official_reproduction/yolo_osssl/transforms.py:61: UserWarning: The given buffer is not writable, and PyTorch does not support non-writable tensors. This means you can write to the underlying (supposedly non-writable) buffer using the tensor. You may want to copy the buffer to protect its data or make it writable before converting it to a tensor. This type of warning will be suppressed for the rest of this program. (Triggered internally at /pytorch/torch/csrc/utils/tensor_new.cpp:1581.)
  value = torch.frombuffer(memoryview(raw), dtype=torch.uint8).clone()
{"step": 1, "loss": 1.914720058441162, "lr": 8e-05}
{"step": 20, "loss": 1.7505007982254028, "lr": 0.01527848}
{"step": 40, "loss": 1.2334939241409302, "lr": 0.03127688}
{"step": 60, "loss": 0.7615208029747009, "lr": 0.04727528}
{"step": 80, "loss": 0.5938663482666016, "lr": 0.06327368}
{"step": 100, "loss": 0.5529992580413818, "lr": 0.07927208000000002}
{"step": 120, "loss": 0.5245031118392944, "lr": 0.09527048}
{"step": 140, "loss": 0.45526015758514404, "lr": 0.11126888}
{"step": 160, "loss": 0.553098201751709, "lr": 0.12726728}
{"step": 180, "loss": 0.3183615207672119, "lr": 0.14326568}
{"step": 200, "loss": 0.3959786295890808, "lr": 0.15926408000000003}
{"step": 220, "loss": 0.26977819204330444, "lr": 0.17526248}
{"step": 240, "loss": 0.2821628451347351, "lr": 0.19126088}
{"step": 260, "loss": 0.2843277156352997, "lr": 0.20725928}
{"step": 280, "loss": 0.25907015800476074, "lr": 0.22325768000000004}
{"step": 300, "loss": 0.24295765161514282, "lr": 0.23925608}
{"step": 320, "loss": 0.30520451068878174, "lr": 0.25525448}
{"step": 340, "loss": 0.14276832342147827, "lr": 0.27125288000000003}
{"step": 360, "loss": 0.19607414305210114, "lr": 0.28725128}
{"step": 380, "loss": 0.26850759983062744, "lr": 0.30324968}
{"step": 400, "loss": 0.3185158967971802, "lr": 0.31924808000000005}
{"step": 420, "loss": 0.25803402066230774, "lr": 0.33524648}
{"step": 440, "loss": 0.2963147759437561, "lr": 0.35124488000000004}
{"step": 460, "loss": 0.21515494585037231, "lr": 0.36724328000000006}
{"step": 480, "loss": 0.27573636174201965, "lr": 0.38324168000000003}
{"step": 500, "loss": 0.11690668016672134, "lr": 0.39924008}
{"step": 520, "loss": 0.16220755875110626, "lr": 0.41523848}
{"step": 540, "loss": 0.23861360549926758, "lr": 0.4312368800000001}
{"step": 560, "loss": 0.19082167744636536, "lr": 0.44723528000000007}
{"step": 580, "loss": 0.23188725113868713, "lr": 0.46323368000000004}
{"step": 600, "loss": 0.2629774808883667, "lr": 0.47923208}
{"step": 620, "loss": 0.25412875413894653, "lr": 0.49523048000000003}
{"step": 640, "loss": 0.21878382563591003, "lr": 0.51122888}
{"step": 660, "loss": 0.19514372944831848, "lr": 0.5272272800000001}
{"step": 680, "loss": 0.14687901735305786, "lr": 0.54322568}
{"step": 700, "loss": 0.18926960229873657, "lr": 0.55922408}
{"step": 720, "loss": 0.2252524197101593, "lr": 0.57522248}
{"step": 740, "loss": 0.2909269630908966, "lr": 0.5912208800000001}
{"step": 760, "loss": 0.1542147547006607, "lr": 0.60721928}
{"step": 780, "loss": 0.17287781834602356, "lr": 0.6232176800000001}
{"step": 800, "loss": 0.15526042878627777, "lr": 0.6392160800000001}
{"step": 820, "loss": 0.4517762362957001, "lr": 0.65521448}
{"step": 840, "loss": 0.1749037206172943, "lr": 0.67121288}
{"step": 860, "loss": 0.1902044117450714, "lr": 0.6872112800000001}
{"step": 880, "loss": 0.23882173001766205, "lr": 0.7032096800000001}
{"step": 900, "loss": 0.16177833080291748, "lr": 0.71920808}
{"step": 920, "loss": 0.1666959524154663, "lr": 0.73520648}
{"step": 940, "loss": 0.27325505018234253, "lr": 0.75120488}
{"step": 960, "loss": 0.25641298294067383, "lr": 0.7672032799999999}
{"step": 980, "loss": 0.19446980953216553, "lr": 0.78320168}
{"step": 1000, "loss": 0.1404639035463333, "lr": 0.79920008}
{"step": 1020, "loss": 0.17021331191062927, "lr": 0.7999912007258854}
{"step": 1040, "loss": 0.1968403458595276, "lr": 0.799962926486832}
{"step": 1060, "loss": 0.24896761775016785, "lr": 0.7999151542863834}
{"step": 1080, "loss": 0.12832705676555634, "lr": 0.7998478864534064}
{"step": 1100, "loss": 0.15939724445343018, "lr": 0.799761126267169}
{"step": 1120, "loss": 0.16028156876564026, "lr": 0.7996548779571804}
{"step": 1140, "loss": 0.20225711166858673, "lr": 0.7995291467029839}
{"step": 1160, "loss": 0.1893579065799713, "lr": 0.7993839386339057}
{"step": 1180, "loss": 0.18008574843406677, "lr": 0.7992192608287549}
{"step": 1200, "loss": 0.12487709522247314, "lr": 0.7990351213154798}
{"step": 1220, "loss": 0.1906358301639557, "lr": 0.7988315290707746}
{"step": 1240, "loss": 0.24685388803482056, "lr": 0.798608494019644}
{"step": 1260, "loss": 0.19778019189834595, "lr": 0.7983660270349174}
{"step": 1280, "loss": 0.19748716056346893, "lr": 0.7981041399367204}
{"step": 1300, "loss": 0.17212732136249542, "lr": 0.7978228454918974}
{"step": 1320, "loss": 0.17769856750965118, "lr": 0.79752215741339}
{"step": 1340, "loss": 0.16689875721931458, "lr": 0.7972020903595682}
{"step": 1360, "loss": 0.1493586152791977, "lr": 0.7968626599335158}
{"step": 1380, "loss": 0.2433449923992157, "lr": 0.7965038826822698}
{"step": 1400, "loss": 0.19346575438976288, "lr": 0.7961257760960136}
{"step": 1420, "loss": 0.17644108831882477, "lr": 0.7957283586072248}
{"step": 1440, "loss": 0.17917507886886597, "lr": 0.7953116495897762}
{"step": 1460, "loss": 0.21603994071483612, "lr": 0.7948756693579914}
{"step": 1480, "loss": 0.18968811631202698, "lr": 0.7944204391656545}
{"step": 1500, "loss": 0.17483261227607727, "lr": 0.7939459812049743}
{"step": 1520, "loss": 0.16075734794139862, "lr": 0.7934523186055019}
{"step": 1540, "loss": 0.18428371846675873, "lr": 0.7929394754330037}
{"step": 1560, "loss": 0.22878719866275787, "lr": 0.7924074766882878}
{"step": 1580, "loss": 0.20048929750919342, "lr": 0.7918563483059853}
{"step": 1600, "loss": 0.24869346618652344, "lr": 0.7912861171532862}
{"step": 1620, "loss": 0.1414393186569214, "lr": 0.7906968110286295}
{"step": 1640, "loss": 0.1876232922077179, "lr": 0.790088458660348}
{"step": 1660, "loss": 0.15557384490966797, "lr": 0.789461089705268}
{"step": 1680, "loss": 0.2561616897583008, "lr": 0.788814734747263}
{"step": 1700, "loss": 0.18723058700561523, "lr": 0.7881494252957637}
{"step": 1720, "loss": 0.19426295161247253, "lr": 0.7874651937842212}
{"step": 1740, "loss": 0.15944315493106842, "lr": 0.7867620735685259}
{"step": 1760, "loss": 0.16072919964790344, "lr": 0.7860400989253817}
{"step": 1780, "loss": 0.2214471399784088, "lr": 0.7852993050506352}
{"step": 1800, "loss": 0.23441898822784424, "lr": 0.7845397280575592}
{"step": 1820, "loss": 0.1545589715242386, "lr": 0.7837614049750932}
{"step": 1840, "loss": 0.26453766226768494, "lr": 0.7829643737460371}
{"step": 1860, "loss": 0.17884007096290588, "lr": 0.7821486732252027}
{"step": 1880, "loss": 0.15560626983642578, "lr": 0.7813143431775185}
{"step": 1900, "loss": 0.20446676015853882, "lr": 0.7804614242760922}
{"step": 1920, "loss": 0.13754214346408844, "lr": 0.7795899581002268}
{"step": 1940, "loss": 0.14746986329555511, "lr": 0.7786999871333944}
{"step": 1960, "loss": 0.17450737953186035, "lr": 0.7777915547611652}
{"step": 1980, "loss": 0.19696718454360962, "lr": 0.7768647052690922}
{"step": 2000, "loss": 0.15187323093414307, "lr": 0.775919483840552}
{"step": 2020, "loss": 0.1892900913953781, "lr": 0.7749559365545426}
{"step": 2040, "loss": 0.14583486318588257, "lr": 0.7739741103834372}
{"step": 2060, "loss": 0.17886820435523987, "lr": 0.7729740531906939}
{"step": 2080, "loss": 0.18922707438468933, "lr": 0.7719558137285225}
{"step": 2100, "loss": 0.2049909085035324, "lr": 0.7709194416355082}
{"step": 2120, "loss": 0.15746408700942993, "lr": 0.769864987434191}
{"step": 2140, "loss": 0.2200900912284851, "lr": 0.7687925025286036}
{"step": 2160, "loss": 0.15903793275356293, "lr": 0.7677020392017652}
{"step": 2180, "loss": 0.19320015609264374, "lr": 0.7665936506131322}
{"step": 2200, "loss": 0.15112358331680298, "lr": 0.7654673907960075}
{"step": 2220, "loss": 0.16994550824165344, "lr": 0.7643233146549058}
{"step": 2240, "loss": 0.1478349268436432, "lr": 0.7631614779628777}
{"step": 2260, "loss": 0.1270374059677124, "lr": 0.7619819373587899}
{"step": 2280, "loss": 0.15835224092006683, "lr": 0.7607847503445649}
{"step": 2300, "loss": 0.16999119520187378, "lr": 0.7595699752823775}
{"step": 2320, "loss": 0.25036337971687317, "lr": 0.7583376713918093}
{"step": 2340, "loss": 0.20479461550712585, "lr": 0.7570878987469627}
{"step": 2360, "loss": 0.1871698796749115, "lr": 0.7558207182735311}
{"step": 2380, "loss": 0.14579136669635773, "lr": 0.7545361917458303}
{"step": 2400, "loss": 0.14619234204292297, "lr": 0.7532343817837855}
{"step": 2420, "loss": 0.1497052013874054, "lr": 0.7519153518498797}
{"step": 2440, "loss": 0.20688918232917786, "lr": 0.7505791662460594}
{"step": 2460, "loss": 0.18429812788963318, "lr": 0.7492258901106001}
{"step": 2480, "loss": 0.15349487960338593, "lr": 0.7478555894149311}
{"step": 2500, "loss": 0.174070343375206, "lr": 0.7464683309604189}
{"step": 2520, "loss": 0.1923791766166687, "lr": 0.745064182375111}
{"step": 2540, "loss": 0.1612052619457245, "lr": 0.7436432121104389}
{"step": 2560, "loss": 0.2211991548538208, "lr": 0.7422054894378814}
{"step": 2580, "loss": 0.2007817029953003, "lr": 0.7407510844455875}
{"step": 2600, "loss": 0.2065703570842743, "lr": 0.7392800680349596}
{"step": 2620, "loss": 0.17606675624847412, "lr": 0.7377925119171972}
{"step": 2640, "loss": 0.16408690810203552, "lr": 0.7362884886098007}
{"step": 2660, "loss": 0.14124543964862823, "lr": 0.7347680714330367}
{"step": 2680, "loss": 0.15862011909484863, "lr": 0.7332313345063636}
{"step": 2700, "loss": 0.16526338458061218, "lr": 0.7316783527448179}
{"step": 2720, "loss": 0.2053404450416565, "lr": 0.7301092018553623}
{"step": 2740, "loss": 0.13273456692695618, "lr": 0.7285239583331956}
{"step": 2760, "loss": 0.18549948930740356, "lr": 0.7269226994580227}
{"step": 2780, "loss": 0.14996999502182007, "lr": 0.725305503290288}
{"step": 2800, "loss": 0.18942560255527496, "lr": 0.7236724486673695}
{"step": 2820, "loss": 0.1864127516746521, "lr": 0.7220236151997357}
{"step": 2840, "loss": 0.16546502709388733, "lr": 0.7203590832670648}
{"step": 2860, "loss": 0.145889014005661, "lr": 0.718678934014326}
{"step": 2880, "loss": 0.14042527973651886, "lr": 0.7169832493478241}
{"step": 2900, "loss": 0.13474711775779724, "lr": 0.7152721119312059}
{"step": 2920, "loss": 0.15770229697227478, "lr": 0.713545605181431}
{"step": 2940, "loss": 0.15365922451019287, "lr": 0.711803813264705}
{"step": 2960, "loss": 0.14833372831344604, "lr": 0.7100468210923769}
{"step": 2980, "loss": 0.1863924264907837, "lr": 0.7082747143167992}
{"step": 3000, "loss": 0.15810617804527283, "lr": 0.7064875793271524}
{"step": 3020, "loss": 0.21503257751464844, "lr": 0.7046855032452339}
{"step": 3040, "loss": 0.18392133712768555, "lr": 0.7028685739212106}
{"step": 3060, "loss": 0.1796254813671112, "lr": 0.7010368799293367}
{"step": 3080, "loss": 0.1536771059036255, "lr": 0.6991905105636348}
{"step": 3100, "loss": 0.19118812680244446, "lr": 0.6973295558335441}
{"step": 3120, "loss": 0.20714521408081055, "lr": 0.6954541064595315}
{"step": 3140, "loss": 0.20575502514839172, "lr": 0.6935642538686697}
{"step": 3160, "loss": 0.1630229949951172, "lr": 0.6916600901901795}
{"step": 3180, "loss": 0.204154372215271, "lr": 0.6897417082509394}
{"step": 3200, "loss": 0.14446918666362762, "lr": 0.6878092015709596}
{"step": 3220, "loss": 0.17424124479293823, "lr": 0.6858626643588233}
{"step": 3240, "loss": 0.13607046008110046, "lr": 0.683902191507094}
{"step": 3260, "loss": 0.24566854536533356, "lr": 0.6819278785876897}
{"step": 3280, "loss": 0.1710990071296692, "lr": 0.6799398218472237}
{"step": 3300, "loss": 0.1517493724822998, "lr": 0.6779381182023121}
{"step": 3320, "loss": 0.17405493557453156, "lr": 0.6759228652348507}
{"step": 3340, "loss": 0.15839985013008118, "lr": 0.6738941611872561}
{"step": 3360, "loss": 0.14251399040222168, "lr": 0.6718521049576776}
{"step": 3380, "loss": 0.1750524640083313, "lr": 0.6697967960951755}
{"step": 3400, "loss": 0.16894997656345367, "lr": 0.6677283347948686}
{"step": 3420, "loss": 0.16347259283065796, "lr": 0.6656468218930492}
{"step": 3440, "loss": 0.17921613156795502, "lr": 0.6635523588622676}
{"step": 3460, "loss": 0.15432831645011902, "lr": 0.6614450478063856}
{"step": 3480, "loss": 0.17236241698265076, "lr": 0.6593249914555984}
{"step": 3500, "loss": 0.17381785809993744, "lr": 0.6571922931614275}
{"step": 3520, "loss": 0.17596971988677979, "lr": 0.6550470568916814}
{"step": 3540, "loss": 0.16208460927009583, "lr": 0.6528893872253878}
{"step": 3560, "loss": 0.12791946530342102, "lr": 0.6507193893476955}
{"step": 3580, "loss": 0.17817425727844238, "lr": 0.6485371690447459}
{"step": 3600, "loss": 0.15838108956813812, "lr": 0.6463428326985172}
{"step": 3620, "loss": 0.14227308332920074, "lr": 0.6441364872816376}
{"step": 3640, "loss": 0.16520316898822784, "lr": 0.6419182403521699}
{"step": 3660, "loss": 0.17021983861923218, "lr": 0.6396882000483699}
{"step": 3680, "loss": 0.1637578308582306, "lr": 0.6374464750834123}
{"step": 3700, "loss": 0.17807337641716003, "lr": 0.6351931747400933}
{"step": 3720, "loss": 0.22177627682685852, "lr": 0.6329284088655017}
{"step": 3740, "loss": 0.14142833650112152, "lr": 0.6306522878656642}
{"step": 3760, "loss": 0.14224889874458313, "lr": 0.6283649227001634}
{"step": 3780, "loss": 0.128376767039299, "lr": 0.6260664248767286}
{"step": 3800, "loss": 0.1815403699874878, "lr": 0.6237569064457995}
{"step": 3820, "loss": 0.16632989048957825, "lr": 0.6214364799950644}
{"step": 3840, "loss": 0.18724609911441803, "lr": 0.6191052586439707}
{"step": 3860, "loss": 0.20770540833473206, "lr": 0.6167633560382116}
{"step": 3880, "loss": 0.17370690405368805, "lr": 0.6144108863441848}
{"step": 3900, "loss": 0.181167334318161, "lr": 0.6120479642434277}
{"step": 3920, "loss": 0.17882108688354492, "lr": 0.6096747049270262}
{"step": 3940, "loss": 0.16215157508850098, "lr": 0.6072912240900001}
{"step": 3960, "loss": 0.18867450952529907, "lr": 0.6048976379256615}
{"step": 3980, "loss": 0.17001023888587952, "lr": 0.6024940631199522}
{"step": 4000, "loss": 0.16827982664108276, "lr": 0.6000806168457541}
{"step": 4020, "loss": 0.1774417757987976, "lr": 0.5976574167571774}
{"step": 4040, "loss": 0.18683651089668274, "lr": 0.5952245809838255}
{"step": 4060, "loss": 0.1733945906162262, "lr": 0.5927822281250353}
{"step": 4080, "loss": 0.14651483297348022, "lr": 0.5903304772440968}
{"step": 4100, "loss": 0.15723030269145966, "lr": 0.5878694478624473}
{"step": 4120, "loss": 0.2134685516357422, "lr": 0.5853992599538466}
{"step": 4140, "loss": 0.2450687289237976, "lr": 0.5829200339385266}
{"step": 4160, "loss": 0.1792883276939392, "lr": 0.5804318906773219}
{"step": 4180, "loss": 0.2166215181350708, "lr": 0.577934951465778}
{"step": 4200, "loss": 0.17601370811462402, "lr": 0.5754293380282377}
{"step": 4220, "loss": 0.16961242258548737, "lr": 0.572915172511907}
{"step": 4240, "loss": 0.15495392680168152, "lr": 0.5703925774809012}
{"step": 4260, "loss": 0.13936036825180054, "lr": 0.5678616759102696}
{"step": 4280, "loss": 0.14209520816802979, "lr": 0.56532259118}
{"step": 4300, "loss": 0.2115417867898941, "lr": 0.5627754470690048}
{"step": 4320, "loss": 0.17335611581802368, "lr": 0.5602203677490868}
{"step": 4340, "loss": 0.1465122103691101, "lr": 0.5576574777788855}
{"step": 4360, "loss": 0.12433943152427673, "lr": 0.5550869020978048}
{"step": 4380, "loss": 0.16397860646247864, "lr": 0.5525087660199227}
{"step": 4400, "loss": 0.20234724879264832, "lr": 0.5499231952278825}
{"step": 4420, "loss": 0.19253399968147278, "lr": 0.547330315766765}
{"step": 4440, "loss": 0.18649590015411377, "lr": 0.5447302540379448}
{"step": 4460, "loss": 0.17301791906356812, "lr": 0.5421231367929278}
{"step": 4480, "loss": 0.1856747269630432, "lr": 0.5395090911271722}
{"step": 4500, "loss": 0.1664944440126419, "lr": 0.5368882444738923}
{"step": 4520, "loss": 0.12845632433891296, "lr": 0.5342607245978473}
{"step": 4540, "loss": 0.23891085386276245, "lr": 0.5316266595891119}
{"step": 4560, "loss": 0.146299809217453, "lr": 0.5289861778568321}
{"step": 4580, "loss": 0.15070173144340515, "lr": 0.5263394081229655}
{"step": 4600, "loss": 0.13233180344104767, "lr": 0.5236864794160063}
{"step": 4620, "loss": 0.17022745311260223, "lr": 0.5210275210646949}
{"step": 4640, "loss": 0.17309817671775818, "lr": 0.5183626626917132}
{"step": 4660, "loss": 0.17352993786334991, "lr": 0.5156920342073662}
{"step": 4680, "loss": 0.15535488724708557, "lr": 0.5130157658032485}
{"step": 4700, "loss": 0.20392099022865295, "lr": 0.5103339879458969}
{"step": 4720, "loss": 0.1681215614080429, "lr": 0.5076468313704314}
{"step": 4740, "loss": 0.19624324142932892, "lr": 0.5049544270741814}
{"step": 4760, "loss": 0.16519340872764587, "lr": 0.5022569063102993}
{"step": 4780, "loss": 0.16995590925216675, "lr": 0.4995544005813627}
{"step": 4800, "loss": 0.20272603631019592, "lr": 0.4968470416329632}
{"step": 4820, "loss": 0.1724218726158142, "lr": 0.49413496144728397}
{"step": 4840, "loss": 0.14872479438781738, "lr": 0.4914182922366659}
{"step": 4860, "loss": 0.1391979455947876, "lr": 0.488697166437162}
{"step": 4880, "loss": 0.17973974347114563, "lr": 0.48597171670208184}
{"step": 4900, "loss": 0.18816155195236206, "lr": 0.48324207589552404}
{"step": 4920, "loss": 0.19999000430107117, "lr": 0.48050837708589933}
{"step": 4940, "loss": 0.17355510592460632, "lr": 0.477770753539444}
{"step": 4960, "loss": 0.14983296394348145, "lr": 0.4750293387137231}
{"step": 4980, "loss": 0.20955392718315125, "lr": 0.47228426625112424}
{"step": 5000, "loss": 0.16465383768081665, "lr": 0.46953566997234264}
{"step": 5020, "loss": 0.18558941781520844, "lr": 0.4667836838698575}
{"step": 5040, "loss": 0.22068031132221222, "lr": 0.46402844210140004}
{"step": 5060, "loss": 0.17520245909690857, "lr": 0.46127007898341327}
{"step": 5080, "loss": 0.15650734305381775, "lr": 0.4585087289845044}
{"step": 5100, "loss": 0.14837826788425446, "lr": 0.45574452671888904}
{"step": 5120, "loss": 0.18343761563301086, "lr": 0.45297760693982936}
{"step": 5140, "loss": 0.12884734570980072, "lr": 0.4502081045330646}
{"step": 5160, "loss": 0.16002000868320465, "lr": 0.4474361545102357}
{"step": 5180, "loss": 0.16427196562290192, "lr": 0.4446618920023035}
{"step": 5200, "loss": 0.14447054266929626, "lr": 0.44188545225296105}
{"step": 5220, "loss": 0.20053188502788544, "lr": 0.4391069706120407}
{"step": 5240, "loss": 0.17011144757270813, "lr": 0.43632658252891593}
{"step": 5260, "loss": 0.14141222834587097, "lr": 0.43354442354589795}
{"step": 5280, "loss": 0.18872284889221191, "lr": 0.4307606292916285}
{"step": 5300, "loss": 0.17525818943977356, "lr": 0.42797533547446787}
{"step": 5320, "loss": 0.14083683490753174, "lr": 0.425188677875879}
{"step": 5340, "loss": 0.1678878217935562, "lr": 0.42240079234380856}
{"step": 5360, "loss": 0.18286925554275513, "lr": 0.41961181478606424}
{"step": 5380, "loss": 0.14783531427383423, "lr": 0.4168218811636892}
{"step": 5400, "loss": 0.1560267060995102, "lr": 0.41403112748433435}
{"step": 5420, "loss": 0.19225573539733887, "lr": 0.4112396897956278}
{"step": 5440, "loss": 0.15770629048347473, "lr": 0.40844770417854304}
{"step": 5460, "loss": 0.1449546217918396, "lr": 0.40565530674076417}
{"step": 5480, "loss": 0.1901979148387909, "lr": 0.4028626336100518}
{"step": 5500, "loss": 0.16597262024879456, "lr": 0.4000698209276061}
{"step": 5520, "loss": 0.1407187283039093, "lr": 0.39727700484143064}
{"step": 5540, "loss": 0.1581592857837677, "lr": 0.3944843214996947}
{"step": 5560, "loss": 0.15606197714805603, "lr": 0.3916919070440962}
{"step": 5580, "loss": 0.17914092540740967, "lr": 0.3888998976032254}
{"step": 5600, "loss": 0.16837161779403687, "lr": 0.386108429285928}
{"step": 5620, "loss": 0.1625041961669922, "lr": 0.38331763817467024}
{"step": 5640, "loss": 0.1525905728340149, "lr": 0.3805276603189054}
{"step": 5660, "loss": 0.17226248979568481, "lr": 0.37773863172844035}
{"step": 5680, "loss": 0.20938502252101898, "lr": 0.37495068836680656}
{"step": 5700, "loss": 0.11330515146255493, "lr": 0.3721639661446305}
{"step": 5720, "loss": 0.16515836119651794, "lr": 0.3693786009130091}
{"step": 5740, "loss": 0.12679803371429443, "lr": 0.3665947284568872}
{"step": 5760, "loss": 0.17466720938682556, "lr": 0.36381248448843684}
{"step": 5780, "loss": 0.15135999023914337, "lr": 0.36103200464044316}
{"step": 5800, "loss": 0.16815108060836792, "lr": 0.35825342445969055}
{"step": 5820, "loss": 0.15863777697086334, "lr": 0.3554768794003565}
{"step": 5840, "loss": 0.14340737462043762, "lr": 0.35270250481740717}
{"step": 5860, "loss": 0.14886049926280975, "lr": 0.3499304359599989}
{"step": 5880, "loss": 0.1772879660129547, "lr": 0.34716080796488596}
{"step": 5900, "loss": 0.1836945116519928, "lr": 0.34439375584983134}
{"step": 5920, "loss": 0.20381690561771393, "lr": 0.34162941450702605}
{"step": 5940, "loss": 0.16148024797439575, "lr": 0.3388679186965119}
{"step": 5960, "loss": 0.13690030574798584, "lr": 0.3361094030396126}
{"step": 5980, "loss": 0.1580243706703186, "lr": 0.3333540020123718}
{"step": 6000, "loss": 0.15755724906921387, "lr": 0.330601849938996}
{"step": 6020, "loss": 0.1590110957622528, "lr": 0.32785308098530774}
{"step": 6040, "loss": 0.15677869319915771, "lr": 0.3251078291522039}
{"step": 6060, "loss": 0.16798686981201172, "lr": 0.32236622826912376}
{"step": 6080, "loss": 0.15569500625133514, "lr": 0.31962841198752534}
{"step": 6100, "loss": 0.16382072865962982, "lr": 0.3168945137743691}
{"step": 6120, "loss": 0.19382712244987488, "lr": 0.3141646669056125}
{"step": 6140, "loss": 0.19325241446495056, "lr": 0.31143900445971157}
{"step": 6160, "loss": 0.16993117332458496, "lr": 0.3087176593111344}
{"step": 6180, "loss": 0.1303625851869583, "lr": 0.3060007641238836}
{"step": 6200, "loss": 0.1407545506954193, "lr": 0.3032884513450285}
{"step": 6220, "loss": 0.16087163984775543, "lr": 0.30058085319824895}
{"step": 6240, "loss": 0.1293802410364151, "lr": 0.29787810167738876}
{"step": 6260, "loss": 0.15894705057144165, "lr": 0.2951803285400216}
{"step": 6280, "loss": 0.130327045917511, "lr": 0.29248766530102827}
{"step": 6300, "loss": 0.14429238438606262, "lr": 0.28980024322618453}
{"step": 6320, "loss": 0.1765589863061905, "lr": 0.28711819332576277}
{"step": 6340, "loss": 0.12256477028131485, "lr": 0.2844416463481445}
{"step": 6360, "loss": 0.14007937908172607, "lr": 0.28177073277344755}
{"step": 6380, "loss": 0.12714883685112, "lr": 0.2791055828071642}
{"step": 6400, "loss": 0.14234867691993713, "lr": 0.2764463263738139}
{"step": 6420, "loss": 0.16451288759708405, "lr": 0.2737930931106105}
{"step": 6440, "loss": 0.11201345920562744, "lr": 0.27114601236114116}
{"step": 6460, "loss": 0.1715017855167389, "lr": 0.268505213169062}
{"step": 6480, "loss": 0.128862202167511, "lr": 0.2658708242718066}
{"step": 6500, "loss": 0.16318398714065552, "lr": 0.2632429740943102}
{"step": 6520, "loss": 0.1723654568195343, "lr": 0.26062179074274966}
{"step": 6540, "loss": 0.20240285992622375, "lr": 0.25800740199829764}
{"step": 6560, "loss": 0.1678766906261444, "lr": 0.2553999353108938}
{"step": 6580, "loss": 0.13690146803855896, "lr": 0.25279951779303145}
{"step": 6600, "loss": 0.19351845979690552, "lr": 0.2502062762135607}
{"step": 6620, "loss": 0.18971188366413116, "lr": 0.24762033699150932}
{"step": 6640, "loss": 0.18807128071784973, "lr": 0.24504182618991896}
{"step": 6660, "loss": 0.16397744417190552, "lr": 0.24247086950970032}
{"step": 6680, "loss": 0.18739917874336243, "lr": 0.239907592283505}
{"step": 6700, "loss": 0.17334583401679993, "lr": 0.23735211946961537}
{"step": 6720, "loss": 0.1784641444683075, "lr": 0.23480457564585377}
{"step": 6740, "loss": 0.1603802740573883, "lr": 0.2322650850035083}
{"step": 6760, "loss": 0.1615751087665558, "lr": 0.22973377134127945}
{"step": 6780, "loss": 0.1772870272397995, "lr": 0.22721075805924454}
{"step": 6800, "loss": 0.19257792830467224, "lr": 0.2246961681528423}
{"step": 6820, "loss": 0.16282856464385986, "lr": 0.2221901242068765}
{"step": 6840, "loss": 0.127054825425148, "lr": 0.21969274838954056}
{"step": 6860, "loss": 0.13608820736408234, "lr": 0.21720416244646146}
{"step": 6880, "loss": 0.16225138306617737, "lr": 0.21472448769476493}
{"step": 6900, "loss": 0.1440575271844864, "lr": 0.2122538450171613}
{"step": 6920, "loss": 0.13835205137729645, "lr": 0.20979235485605252}
{"step": 6940, "loss": 0.13530823588371277, "lr": 0.20734013720766065}
{"step": 6960, "loss": 0.19245444238185883, "lr": 0.20489731161617808}
{"step": 6980, "loss": 0.1209368035197258, "lr": 0.20246399716793984}
{"step": 7000, "loss": 0.1700364649295807, "lr": 0.20004031248561838}
{"step": 7020, "loss": 0.15046922862529755, "lr": 0.19762637572244035}
{"step": 7040, "loss": 0.17635183036327362, "lr": 0.19522230455642725}
{"step": 7060, "loss": 0.18612614274024963, "lr": 0.1928282161846583}
{"step": 7080, "loss": 0.1752253770828247, "lr": 0.19044422731755734}
{"step": 7100, "loss": 0.15633980929851532, "lr": 0.188070454173203}
{"step": 7120, "loss": 0.15857653319835663, "lr": 0.18570701247166366}
{"step": 7140, "loss": 0.13260230422019958, "lr": 0.1833540174293555}
{"step": 7160, "loss": 0.19766980409622192, "lr": 0.18101158375342635}
{"step": 7180, "loss": 0.23004168272018433, "lr": 0.17867982563616325}
{"step": 7200, "loss": 0.11221098899841309, "lr": 0.17635885674942664}
{"step": 7220, "loss": 0.1503334641456604, "lr": 0.17404879023910716}
{"step": 7240, "loss": 0.15952640771865845, "lr": 0.17174973871961163}
{"step": 7260, "loss": 0.14013364911079407, "lr": 0.16946181426837226}
{"step": 7280, "loss": 0.20023125410079956, "lr": 0.16718512842038288}
{"step": 7300, "loss": 0.16400930285453796, "lr": 0.16491979216276265}
{"step": 7320, "loss": 0.14120592176914215, "lr": 0.16266591592934374}
{"step": 7340, "loss": 0.15647242963314056, "lr": 0.16042360959528948}
{"step": 7360, "loss": 0.1877087652683258, "lr": 0.15819298247173702}
{"step": 7380, "loss": 0.1596565842628479, "lr": 0.15597414330046877}
{"step": 7400, "loss": 0.13414710760116577, "lr": 0.1537672002486116}
{"step": 7420, "loss": 0.14768949151039124, "lr": 0.15157226090336287}
{"step": 7440, "loss": 0.12289919704198837, "lr": 0.1493894322667466}
{"step": 7460, "loss": 0.137555792927742, "lr": 0.1472188207503966}
{"step": 7480, "loss": 0.1273464560508728, "lr": 0.14506053217036913}
{"step": 7500, "loss": 0.1480608582496643, "lr": 0.14291467174198477}
{"step": 7520, "loss": 0.13055521249771118, "lr": 0.14078134407469817}
{"step": 7540, "loss": 0.14003166556358337, "lr": 0.13866065316699996}
{"step": 7560, "loss": 0.17674852907657623, "lr": 0.1365527024013454}
{"step": 7580, "loss": 0.16671361029148102, "lr": 0.13445759453911532}
{"step": 7600, "loss": 0.14257481694221497, "lr": 0.13237543171560695}
{"step": 7620, "loss": 0.12811896204948425, "lr": 0.13030631543505353}
{"step": 7640, "loss": 0.10990443080663681, "lr": 0.1282503465656776}
{"step": 7660, "loss": 0.16182680428028107, "lr": 0.12620762533477278}
{"step": 7680, "loss": 0.13755080103874207, "lr": 0.12417825132381749}
{"step": 7700, "loss": 0.1387343406677246, "lr": 0.12216232346362187}
{"step": 7720, "loss": 0.1173262745141983, "lr": 0.1201599400295029}
{"step": 7740, "loss": 0.15842732787132263, "lr": 0.1181711986364955}
{"step": 7760, "loss": 0.17871583998203278, "lr": 0.11619619623459268}
{"step": 7780, "loss": 0.15361660718917847, "lr": 0.11423502910401916}
{"step": 7800, "loss": 0.1375543773174286, "lr": 0.11228779285053898}
{"step": 7820, "loss": 0.20092257857322693, "lr": 0.11035458240079313}
{"step": 7840, "loss": 0.12787340581417084, "lr": 0.10843549199767351}
{"step": 7860, "loss": 0.15863633155822754, "lr": 0.10653061519572758}
{"step": 7880, "loss": 0.1899794489145279, "lr": 0.10464004485659767}
{"step": 7900, "loss": 0.11941691488027573, "lr": 0.10276387314449505}
{"step": 7920, "loss": 0.13587743043899536, "lr": 0.10090219152170539}
{"step": 7940, "loss": 0.18418535590171814, "lr": 0.09905509074413166}
{"step": 7960, "loss": 0.170017272233963, "lr": 0.09722266085686876}
{"step": 7980, "loss": 0.1499951183795929, "lr": 0.0954049911898137}
{"step": 8000, "loss": 0.13924157619476318, "lr": 0.09360217035331209}
{"step": 8020, "loss": 0.15652918815612793, "lr": 0.09181428623383714}
{"step": 8040, "loss": 0.1702752560377121, "lr": 0.09004142598970595}
{"step": 8060, "loss": 0.1359052211046219, "lr": 0.08828367604683018}
{"step": 8080, "loss": 0.17872236669063568, "lr": 0.08654112209450325}
{"step": 8100, "loss": 0.15712937712669373, "lr": 0.08481384908122265}
{"step": 8120, "loss": 0.14030635356903076, "lr": 0.0831019412105491}
{"step": 8140, "loss": 0.18648824095726013, "lr": 0.08140548193700137}
{"step": 8160, "loss": 0.12333229184150696, "lr": 0.07972455396198815}
{"step": 8180, "loss": 0.1483265608549118, "lr": 0.07805923922977619}
{"step": 8200, "loss": 0.16597101092338562, "lr": 0.07640961892349579}
{"step": 8220, "loss": 0.13279256224632263, "lr": 0.07477577346118301}
{"step": 8240, "loss": 0.18136757612228394, "lr": 0.0731577824918594}
{"step": 8260, "loss": 0.1485525667667389, "lr": 0.07155572489164914}
{"step": 8280, "loss": 0.2002740353345871, "lr": 0.0699696787599339}
{"step": 8300, "loss": 0.13537485897541046, "lr": 0.06839972141554544}
{"step": 8320, "loss": 0.19370628893375397, "lr": 0.0668459293929966}
{"step": 8340, "loss": 0.1102437973022461, "lr": 0.06530837843874995}
{"step": 8360, "loss": 0.12041285634040833, "lr": 0.0637871435075255}
{"step": 8380, "loss": 0.16779953241348267, "lr": 0.062282298758646486}
{"step": 8400, "loss": 0.13539531826972961, "lr": 0.060793917552424276}
{"step": 8420, "loss": 0.1053905040025711, "lr": 0.05932207244658208}
{"step": 8440, "loss": 0.1384756863117218, "lr": 0.057866835192717674}
{"step": 8460, "loss": 0.12035756558179855, "lr": 0.056428276732805795}
{"step": 8480, "loss": 0.1264955848455429, "lr": 0.0550064671957395}
{"step": 8500, "loss": 0.17142197489738464, "lr": 0.05360147589391158}
{"step": 8520, "loss": 0.15783047676086426, "lr": 0.05221337131983561}
{"step": 8540, "loss": 0.1264166235923767, "lr": 0.05084222114280697}
{"step": 8560, "loss": 0.12142303586006165, "lr": 0.049488092205603844}
{"step": 8580, "loss": 0.16021043062210083, "lr": 0.04815105052122903}
{"step": 8600, "loss": 0.17565065622329712, "lr": 0.046831161269691404}
{"step": 8620, "loss": 0.16521698236465454, "lr": 0.045528488794828986}
{"step": 8640, "loss": 0.13619764149188995, "lr": 0.0442430966011715}
{"step": 8660, "loss": 0.11901754140853882, "lr": 0.04297504735084519}
{"step": 8680, "loss": 0.13805188238620758, "lr": 0.041724402860517755}
{"step": 8700, "loss": 0.12437687814235687, "lr": 0.04049122409838488}
{"step": 8720, "loss": 0.11841264367103577, "lr": 0.03927557118119838}
{"step": 8740, "loss": 0.13854636251926422, "lr": 0.038077503371334843}
{"step": 8760, "loss": 0.13202320039272308, "lr": 0.03689707907390729}
{"step": 8780, "loss": 0.1654941290616989, "lr": 0.035734355833917646}
{"step": 8800, "loss": 0.13097479939460754, "lr": 0.03458939033345154}
{"step": 8820, "loss": 0.13809137046337128, "lr": 0.033462238388915204}
{"step": 8840, "loss": 0.11658644676208496, "lr": 0.032352954948313965}
{"step": 8860, "loss": 0.1117088794708252, "lr": 0.03126159408857423}
{"step": 8880, "loss": 0.17713817954063416, "lr": 0.030188209012906864}
{"step": 8900, "loss": 0.1577913761138916, "lr": 0.029132852048213566}
{"step": 8920, "loss": 0.14778834581375122, "lr": 0.02809557464253634}
{"step": 8940, "loss": 0.1705453097820282, "lr": 0.02707642736254865}
{"step": 8960, "loss": 0.13335108757019043, "lr": 0.02607545989109128}
{"step": 8980, "loss": 0.14175650477409363, "lr": 0.025092721024749576}
{"step": 9000, "loss": 0.15401867032051086, "lr": 0.024128258671475014}
{"step": 9020, "loss": 0.14430056512355804, "lr": 0.023182119848249805}
{"step": 9040, "loss": 0.1655975878238678, "lr": 0.022254350678794266}
{"step": 9060, "loss": 0.1544751524925232, "lr": 0.021344996391319038}
{"step": 9080, "loss": 0.15274053812026978, "lr": 0.02045410131631993}
{"step": 9100, "loss": 0.15432125329971313, "lr": 0.019581708884416484}
{"step": 9120, "loss": 0.16246150434017181, "lr": 0.018727861624235544}
{"step": 9140, "loss": 0.11708077043294907, "lr": 0.01789260116033713}
{"step": 9160, "loss": 0.11322420090436935, "lr": 0.017075968211185934}
{"step": 9180, "loss": 0.12964361906051636, "lr": 0.016278002587166142}
{"step": 9200, "loss": 0.10400432348251343, "lr": 0.01549874318864033}
{"step": 9220, "loss": 0.12395919859409332, "lr": 0.014738228004053777}
{"step": 9240, "loss": 0.18641507625579834, "lr": 0.013996494108081814}
{"step": 9260, "loss": 0.1387893259525299, "lr": 0.013273577659823088}
{"step": 9280, "loss": 0.18751448392868042, "lr": 0.012569513901036444}
{"step": 9300, "loss": 0.1287531852722168, "lr": 0.01188433715442283}
{"step": 9320, "loss": 0.1482371985912323, "lr": 0.011218080821952726}
{"step": 9340, "loss": 0.16795682907104492, "lr": 0.010570777383236862}
{"step": 9360, "loss": 0.12952426075935364, "lr": 0.009942458393943721}
{"step": 9380, "loss": 0.1335495412349701, "lr": 0.00933315448426071}
{"step": 9400, "loss": 0.17165181040763855, "lr": 0.00874289535740096}
{"step": 9420, "loss": 0.1576274037361145, "lr": 0.008171709788155823}
{"step": 9440, "loss": 0.12402810156345367, "lr": 0.007619625621491322}
{"step": 9460, "loss": 0.13573315739631653, "lr": 0.0070866697711914565}
{"step": 9480, "loss": 0.15365013480186462, "lr": 0.006572868218545792}
{"step": 9500, "loss": 0.139201819896698, "lr": 0.006078246011082822}
{"step": 9520, "loss": 0.14511826634407043, "lr": 0.0056028272613492195}
{"step": 9540, "loss": 0.12472934275865555, "lr": 0.005146635145734102}
{"step": 9560, "loss": 0.12360264360904694, "lr": 0.004709691903339364}
{"step": 9580, "loss": 0.10589832812547684, "lr": 0.004292018834895384}
{"step": 9600, "loss": 0.16378343105316162, "lr": 0.003893636301722703}
{"step": 9620, "loss": 0.13804006576538086, "lr": 0.003514563724739528}
{"step": 9640, "loss": 0.12680236995220184, "lr": 0.0031548195835147566}
{"step": 9660, "loss": 0.15437975525856018, "lr": 0.0028144214153672745}
{"step": 9680, "loss": 0.12673115730285645, "lr": 0.002493385814510951}
{"step": 9700, "loss": 0.14994820952415466, "lr": 0.0021917284312456434}
{"step": 9720, "loss": 0.12167858332395554, "lr": 0.0019094639711944251}
{"step": 9740, "loss": 0.12649452686309814, "lr": 0.0016466061945865198}
{"step": 9760, "loss": 0.14550955593585968, "lr": 0.0014031679155864563}
{"step": 9780, "loss": 0.1655140221118927, "lr": 0.001179161001669682}
{"step": 9800, "loss": 0.10487557202577591, "lr": 0.0009745963730436014}
{"step": 9820, "loss": 0.148101806640625, "lr": 0.0007894840021156924}
{"step": 9840, "loss": 0.12978649139404297, "lr": 0.0006238329130069165}
{"step": 9860, "loss": 0.13452982902526855, "lr": 0.0004776511811121154}
{"step": 9880, "loss": 0.1231069415807724, "lr": 0.000350945932706237}
{"step": 9900, "loss": 0.1215246245265007, "lr": 0.00024372334459679126}
{"step": 9920, "loss": 0.11488592624664307, "lr": 0.00015598864382297963}
{"step": 9940, "loss": 0.1404551863670349, "lr": 8.774610740074351e-05}
{"step": 9960, "loss": 0.12798544764518738, "lr": 3.899906211430882e-05}
{"step": 9980, "loss": 0.10755810141563416, "lr": 9.749884353871252e-06}
{"step": 10000, "loss": 0.12388395518064499, "lr": 0.0}
