creating index...
index created!
Loading and preparing results...
DONE (t=0.09s)
creating index...
index created!
Running per image evaluation...
Evaluate annotation type *bbox*
DONE (t=3.25s).
Accumulating evaluation results...
DONE (t=0.24s).
Accumulating evaluation results...
DONE (t=0.24s).
creating index...
index created!
Loading and preparing results...
DONE (t=0.21s)
creating index...
index created!
Running per image evaluation...
Evaluate annotation type *bbox*
DONE (t=4.12s).
Accumulating evaluation results...
DONE (t=0.28s).
Accumulating evaluation results...
DONE (t=0.29s).
creating index...
index created!
Loading and preparing results...
DONE (t=0.20s)
creating index...
index created!
Running per image evaluation...
Evaluate annotation type *bbox*
DONE (t=3.49s).
Accumulating evaluation results...
DONE (t=0.25s).
Accumulating evaluation results...
DONE (t=0.26s).
creating index...
index created!
Loading and preparing results...
DONE (t=0.22s)
creating index...
index created!
Running per image evaluation...
Evaluate annotation type *bbox*
DONE (t=4.20s).
Accumulating evaluation results...
DONE (t=0.31s).
Accumulating evaluation results...
DONE (t=0.29s).
creating index...
index created!
Loading and preparing results...
DONE (t=0.07s)
creating index...
index created!
Running per image evaluation...
Evaluate annotation type *bbox*
DONE (t=3.54s).
Accumulating evaluation results...
DONE (t=0.30s).
Accumulating evaluation results...
DONE (t=0.28s).
creating index...
index created!
Loading and preparing results...
DONE (t=0.28s)
creating index...
index created!
Running per image evaluation...
Evaluate annotation type *bbox*
DONE (t=4.14s).
Accumulating evaluation results...
DONE (t=0.28s).
Accumulating evaluation results...
DONE (t=0.32s).
