[34m[1mtrain: [0mFast image access ✅ (ping: 0.0±0.0 ms, read: 3188.2±603.5 MB/s, size: 129.7 KB)
[K[34m[1mtrain: [0mScanning /mnt/dataset/yudongfang/projects/RGBT_campaign/data/processed/dronevehicle/yolo/hbb_v1/rgb/labels/train.cache... 17990 images, 512 backgrounds, 0 corrupt: 100% ━━━━━━━━━━━━ 17990/17990 3.6Git/s 0.0s
[34m[1mtrain: [0m/mnt/dataset/yudongfang/projects/RGBT_campaign/data/processed/dronevehicle/yolo/hbb_v1/rgb/images/train/00941.jpg: 1 duplicate labels removed
[34m[1mtrain: [0mFast image access ✅ (ping: 0.0±0.0 ms, read: 2841.7±1027.6 MB/s, size: 121.7 KB)
[K[34m[1mtrain: [0mScanning /mnt/dataset/yudongfang/projects/RGBT_campaign/data/processed/dronevehicle/yolo/hbb_v1/infrared/labels/train.cache... 17990 images, 33 backgrounds, 0 corrupt: 100% ━━━━━━━━━━━━ 17990/17990 667.7Mit/s 0.0s
{"batch_completed": 1, "roster_hit_batches_so_far": 0}
{"batch_completed": 2, "roster_hit_batches_so_far": 0}
{"batch_completed": 3, "roster_hit_batches_so_far": 1}
{"batch_completed": 4, "roster_hit_batches_so_far": 1}
{"batch_completed": 5, "roster_hit_batches_so_far": 1}
{"batch_completed": 6, "roster_hit_batches_so_far": 1}
{"batch_completed": 7, "roster_hit_batches_so_far": 1}
{"batch_completed": 8, "roster_hit_batches_so_far": 1}
{"batch_completed": 9, "roster_hit_batches_so_far": 2}
{"batch_completed": 10, "roster_hit_batches_so_far": 2}
{"batch_completed": 11, "roster_hit_batches_so_far": 2}
{"batch_completed": 12, "roster_hit_batches_so_far": 2}
{"batch_completed": 13, "roster_hit_batches_so_far": 3}
{"batch_completed": 14, "roster_hit_batches_so_far": 3}
{"batch_completed": 15, "roster_hit_batches_so_far": 3}
{"batch_completed": 16, "roster_hit_batches_so_far": 3}
{"batch_completed": 17, "roster_hit_batches_so_far": 4}
{"batch_completed": 18, "roster_hit_batches_so_far": 5}
{"batch_completed": 19, "roster_hit_batches_so_far": 5}
{"batch_completed": 20, "roster_hit_batches_so_far": 6}
{"batch_completed": 21, "roster_hit_batches_so_far": 6}
{"batch_completed": 22, "roster_hit_batches_so_far": 7}
{"batch_completed": 23, "roster_hit_batches_so_far": 7}
{"batch_completed": 24, "roster_hit_batches_so_far": 7}
{"batch_completed": 25, "roster_hit_batches_so_far": 7}
{"batch_completed": 26, "roster_hit_batches_so_far": 7}
{"batch_completed": 27, "roster_hit_batches_so_far": 8}
{"batch_completed": 28, "roster_hit_batches_so_far": 8}
{"batch_completed": 29, "roster_hit_batches_so_far": 9}
{"batch_completed": 30, "roster_hit_batches_so_far": 10}
{"batch_completed": 31, "roster_hit_batches_so_far": 10}
{"batch_completed": 32, "roster_hit_batches_so_far": 10}
{"batch_completed": 33, "roster_hit_batches_so_far": 10}
{"batch_completed": 34, "roster_hit_batches_so_far": 10}
{"batch_completed": 35, "roster_hit_batches_so_far": 10}
{"batch_completed": 36, "roster_hit_batches_so_far": 10}
{"batch_completed": 37, "roster_hit_batches_so_far": 10}
{"batch_completed": 38, "roster_hit_batches_so_far": 10}
{"batch_completed": 39, "roster_hit_batches_so_far": 10}
{"batch_completed": 40, "roster_hit_batches_so_far": 10}
{"batch_completed": 41, "roster_hit_batches_so_far": 10}
{"batch_completed": 42, "roster_hit_batches_so_far": 10}
{"batch_completed": 43, "roster_hit_batches_so_far": 11}
{"batch_completed": 44, "roster_hit_batches_so_far": 12}
{"batch_completed": 45, "roster_hit_batches_so_far": 13}
{"batch_completed": 46, "roster_hit_batches_so_far": 14}
{"batch_completed": 47, "roster_hit_batches_so_far": 15}
{"batch_completed": 48, "roster_hit_batches_so_far": 16}
{"batch_completed": 49, "roster_hit_batches_so_far": 17}
{"batch_completed": 50, "roster_hit_batches_so_far": 18}
{"batch_completed": 51, "roster_hit_batches_so_far": 18}
{"batch_completed": 52, "roster_hit_batches_so_far": 19}
{"batch_completed": 53, "roster_hit_batches_so_far": 20}
{"batch_completed": 54, "roster_hit_batches_so_far": 20}
{"batch_completed": 55, "roster_hit_batches_so_far": 20}
{"batch_completed": 56, "roster_hit_batches_so_far": 21}
{"batch_completed": 57, "roster_hit_batches_so_far": 22}
{"batch_completed": 58, "roster_hit_batches_so_far": 23}
{"batch_completed": 59, "roster_hit_batches_so_far": 23}
{"batch_completed": 60, "roster_hit_batches_so_far": 23}
{"batch_completed": 61, "roster_hit_batches_so_far": 23}
{"batch_completed": 62, "roster_hit_batches_so_far": 24}
{"batch_completed": 63, "roster_hit_batches_so_far": 25}
{"batch_completed": 64, "roster_hit_batches_so_far": 25}
{"seed": 20260907, "generator_seed": 20260907, "worker_init": "seed_natural_worker", "shuffle": true, "replacement": false, "drop_last": false, "prefetch_factor": 4, "workers": 4, "batch_size": 32, "dataset_size": 17990, "main_rng_isolated_for_workers0": true, "loader_class": "torch.utils.data.DataLoader", "use": "fixed calibration/probe only; formal training retains matched legacy stream", "dataset": "dronevehicle", "yaml_sources": ["/mnt/dataset/yudongfang/projects/RGBT_campaign/artifacts/rgbt_p3_causal_v1/prepared/dronevehicle/rgb.data.yaml", "/mnt/dataset/yudongfang/projects/RGBT_campaign/artifacts/rgbt_p3_causal_v1/prepared/dronevehicle/infrared.data.yaml"], "paired_mapping": "/mnt/dataset/yudongfang/projects/RGBT_campaign/artifacts/rgbt_p3_causal_v1/prepared/dronevehicle/mappings/rgb_to_infrared_train.json", "train_manifests": [{"train": "/mnt/dataset/yudongfang/projects/RGBT_campaign/data/processed/dronevehicle/yolo/hbb_v1/rgb/images/train", "names": {"0": "car", "1": "freight car", "2": "truck", "3": "bus", "4": "van"}}, {"train": "/mnt/dataset/yudongfang/projects/RGBT_campaign/data/processed/dronevehicle/yolo/hbb_v1/infrared/images/train", "names": {"0": "car", "1": "freight car", "2": "truck", "3": "bus", "4": "van"}}], "augmentation": {"mosaic": 0.0, "mixup": 0.0, "cutmix": 0.0, "copy_paste": 0.0, "degrees": 0.0, "shear": 0.0, "perspective": 0.0, "translate": 0.1, "scale": 0.5, "fliplr": 0.5, "flipud": 0.0, "hsv_h": 0.0, "hsv_s": 0.0, "hsv_v": 0.0, "erasing": 0.0, "bgr": 0.0}, "test_accessed": false, "model_loaded": false, "geometry_reference_directory": "/mnt/dataset/yudongfang/projects/RGBT_campaign/artifacts/rgbir_independent_kd_v2_20260907/release_cpu1/task_conditional_reference", "roster_path": "/mnt/dataset/yudongfang/projects/RGBT_campaign/artifacts/rgbir_independent_kd_v2_20260907/geometry_frozen_roster.json", "roster_row_count": 258, "roster_unique_resolved_paths": 238, "config_path": "/mnt/dataset/yudongfang/projects/RGBT_campaign/artifacts/rgbir_independent_kd_v2_20260907/configs_draft_v1/drone_C1.yaml", "status": "COMPLETED", "requested_batches": 64, "actual_batches": 64, "unique_source_images": 2048, "unique_roster_source_images": 26, "roster_hit_batch_indices": [2, 8, 12, 16, 17, 19, 21, 26, 28, 29, 42, 43, 44, 45, 46, 47, 48, 49, 51, 52, 55, 56, 57, 61, 62], "roster_hit_batch_upper_bound": 25, "roster_both_gt_batch_upper_bound": 25, "signal_requirement": 16, "coverage_gate": "GEOMETRY_AND_SIGNAL_STILL_REQUIRED", "upper_bound_only": true, "geometry_verified": false, "actual_L_selected_not_measured": true, "no_oversampling": true, "no_batch_replacement": true, "no_hashes_computed": true, "seconds": 8.009356021881104}
