{"cuda_processes_per_gpu": 1, "expected_rss_mib": 24576, "expected_vram_mib": 2762, "gpu_ids": [6], "lease_id": "natural_drone_full-663590eaf7c9", "pid": 997237, "status": "LAUNCHED"}
[34m[1mtrain: [0mFast image access ✅ (ping: 0.0±0.0 ms, read: 2190.9±586.6 MB/s, size: 129.7 KB)

[K[34m[1mtrain: [0mScanning /mnt/dataset/yudongfang/projects/RGBT_campaign/data/processed/dronevehicle/yolo/hbb_v1/rgb/labels/train.cache... 17990 images, 512 backgrounds, 0 corrupt: 100% ━━━━━━━━━━━━ 17990/17990 1.5Git/s 0.0s
[34m[1mtrain: [0m/mnt/dataset/yudongfang/projects/RGBT_campaign/data/processed/dronevehicle/yolo/hbb_v1/rgb/images/train/00941.jpg: 1 duplicate labels removed
[34m[1mtrain: [0mFast image access ✅ (ping: 0.0±0.0 ms, read: 1821.2±700.8 MB/s, size: 121.7 KB)

[K[34m[1mtrain: [0mScanning /mnt/dataset/yudongfang/projects/RGBT_campaign/data/processed/dronevehicle/yolo/hbb_v1/infrared/labels/train.cache... 17990 images, 33 backgrounds, 0 corrupt: 100% ━━━━━━━━━━━━ 17990/17990 2.6Git/s 0.0s
{"completed_batches": 1, "dataset": "dronevehicle", "C0_C1_selected": 124, "L_unverified_selected": 13}
{"completed_batches": 2, "dataset": "dronevehicle", "C0_C1_selected": 93, "L_unverified_selected": 4}
{"completed_batches": 3, "dataset": "dronevehicle", "C0_C1_selected": 112, "L_unverified_selected": 7}
{"completed_batches": 4, "dataset": "dronevehicle", "C0_C1_selected": 177, "L_unverified_selected": 11}
{"completed_batches": 5, "dataset": "dronevehicle", "C0_C1_selected": 124, "L_unverified_selected": 6}
{"completed_batches": 6, "dataset": "dronevehicle", "C0_C1_selected": 131, "L_unverified_selected": 14}
{"completed_batches": 7, "dataset": "dronevehicle", "C0_C1_selected": 90, "L_unverified_selected": 14}
{"completed_batches": 8, "dataset": "dronevehicle", "C0_C1_selected": 203, "L_unverified_selected": 22}
{"completed_batches": 9, "dataset": "dronevehicle", "C0_C1_selected": 113, "L_unverified_selected": 12}
{"completed_batches": 10, "dataset": "dronevehicle", "C0_C1_selected": 124, "L_unverified_selected": 12}
{"completed_batches": 11, "dataset": "dronevehicle", "C0_C1_selected": 56, "L_unverified_selected": 5}
{"completed_batches": 12, "dataset": "dronevehicle", "C0_C1_selected": 73, "L_unverified_selected": 7}
{"completed_batches": 13, "dataset": "dronevehicle", "C0_C1_selected": 101, "L_unverified_selected": 6}
{"completed_batches": 14, "dataset": "dronevehicle", "C0_C1_selected": 128, "L_unverified_selected": 3}
{"completed_batches": 15, "dataset": "dronevehicle", "C0_C1_selected": 128, "L_unverified_selected": 16}
{"completed_batches": 16, "dataset": "dronevehicle", "C0_C1_selected": 128, "L_unverified_selected": 3}
{"completed_batches": 17, "dataset": "dronevehicle", "C0_C1_selected": 152, "L_unverified_selected": 10}
{"completed_batches": 18, "dataset": "dronevehicle", "C0_C1_selected": 148, "L_unverified_selected": 12}
{"completed_batches": 19, "dataset": "dronevehicle", "C0_C1_selected": 139, "L_unverified_selected": 17}
{"completed_batches": 20, "dataset": "dronevehicle", "C0_C1_selected": 141, "L_unverified_selected": 12}
{"completed_batches": 21, "dataset": "dronevehicle", "C0_C1_selected": 100, "L_unverified_selected": 3}
{"completed_batches": 22, "dataset": "dronevehicle", "C0_C1_selected": 100, "L_unverified_selected": 0}
{"completed_batches": 23, "dataset": "dronevehicle", "C0_C1_selected": 101, "L_unverified_selected": 3}
{"completed_batches": 24, "dataset": "dronevehicle", "C0_C1_selected": 93, "L_unverified_selected": 5}
{"completed_batches": 25, "dataset": "dronevehicle", "C0_C1_selected": 86, "L_unverified_selected": 12}
{"completed_batches": 26, "dataset": "dronevehicle", "C0_C1_selected": 108, "L_unverified_selected": 9}
{"completed_batches": 27, "dataset": "dronevehicle", "C0_C1_selected": 157, "L_unverified_selected": 35}
{"completed_batches": 28, "dataset": "dronevehicle", "C0_C1_selected": 87, "L_unverified_selected": 16}
{"completed_batches": 29, "dataset": "dronevehicle", "C0_C1_selected": 77, "L_unverified_selected": 5}
{"completed_batches": 30, "dataset": "dronevehicle", "C0_C1_selected": 168, "L_unverified_selected": 15}
{"completed_batches": 31, "dataset": "dronevehicle", "C0_C1_selected": 92, "L_unverified_selected": 3}
{"completed_batches": 32, "dataset": "dronevehicle", "C0_C1_selected": 178, "L_unverified_selected": 16}
{"completed_batches": 33, "dataset": "dronevehicle", "C0_C1_selected": 107, "L_unverified_selected": 2}
{"completed_batches": 34, "dataset": "dronevehicle", "C0_C1_selected": 120, "L_unverified_selected": 5}
{"completed_batches": 35, "dataset": "dronevehicle", "C0_C1_selected": 136, "L_unverified_selected": 10}
{"completed_batches": 36, "dataset": "dronevehicle", "C0_C1_selected": 151, "L_unverified_selected": 13}
{"completed_batches": 37, "dataset": "dronevehicle", "C0_C1_selected": 89, "L_unverified_selected": 3}
{"completed_batches": 38, "dataset": "dronevehicle", "C0_C1_selected": 160, "L_unverified_selected": 8}
{"completed_batches": 39, "dataset": "dronevehicle", "C0_C1_selected": 120, "L_unverified_selected": 15}
{"completed_batches": 40, "dataset": "dronevehicle", "C0_C1_selected": 127, "L_unverified_selected": 12}
{"completed_batches": 41, "dataset": "dronevehicle", "C0_C1_selected": 139, "L_unverified_selected": 7}
{"completed_batches": 42, "dataset": "dronevehicle", "C0_C1_selected": 122, "L_unverified_selected": 7}
{"completed_batches": 43, "dataset": "dronevehicle", "C0_C1_selected": 143, "L_unverified_selected": 6}
{"completed_batches": 44, "dataset": "dronevehicle", "C0_C1_selected": 86, "L_unverified_selected": 1}
{"completed_batches": 45, "dataset": "dronevehicle", "C0_C1_selected": 105, "L_unverified_selected": 7}
{"completed_batches": 46, "dataset": "dronevehicle", "C0_C1_selected": 152, "L_unverified_selected": 23}
{"completed_batches": 47, "dataset": "dronevehicle", "C0_C1_selected": 180, "L_unverified_selected": 8}
{"completed_batches": 48, "dataset": "dronevehicle", "C0_C1_selected": 125, "L_unverified_selected": 1}
{"completed_batches": 49, "dataset": "dronevehicle", "C0_C1_selected": 158, "L_unverified_selected": 9}
{"completed_batches": 50, "dataset": "dronevehicle", "C0_C1_selected": 125, "L_unverified_selected": 9}
{"completed_batches": 51, "dataset": "dronevehicle", "C0_C1_selected": 115, "L_unverified_selected": 16}
{"completed_batches": 52, "dataset": "dronevehicle", "C0_C1_selected": 159, "L_unverified_selected": 9}
{"completed_batches": 53, "dataset": "dronevehicle", "C0_C1_selected": 161, "L_unverified_selected": 6}
{"completed_batches": 54, "dataset": "dronevehicle", "C0_C1_selected": 86, "L_unverified_selected": 9}
{"completed_batches": 55, "dataset": "dronevehicle", "C0_C1_selected": 107, "L_unverified_selected": 5}
{"completed_batches": 56, "dataset": "dronevehicle", "C0_C1_selected": 90, "L_unverified_selected": 7}
{"completed_batches": 57, "dataset": "dronevehicle", "C0_C1_selected": 154, "L_unverified_selected": 6}
{"completed_batches": 58, "dataset": "dronevehicle", "C0_C1_selected": 138, "L_unverified_selected": 8}
{"completed_batches": 59, "dataset": "dronevehicle", "C0_C1_selected": 103, "L_unverified_selected": 6}
{"completed_batches": 60, "dataset": "dronevehicle", "C0_C1_selected": 107, "L_unverified_selected": 21}
{"completed_batches": 61, "dataset": "dronevehicle", "C0_C1_selected": 109, "L_unverified_selected": 11}
{"completed_batches": 62, "dataset": "dronevehicle", "C0_C1_selected": 135, "L_unverified_selected": 17}
{"completed_batches": 63, "dataset": "dronevehicle", "C0_C1_selected": 77, "L_unverified_selected": 6}
{"completed_batches": 64, "dataset": "dronevehicle", "C0_C1_selected": 103, "L_unverified_selected": 1}
