{"cuda_processes_per_gpu": 1, "expected_rss_mib": 24576, "expected_vram_mib": 2716, "gpu_ids": [1], "lease_id": "natural_llvip_full-6699bde81976", "pid": 981358, "status": "LAUNCHED"}
[34m[1mtrain: [0mFast image access ✅ (ping: 0.0±0.0 ms, read: 3351.4±935.9 MB/s, size: 139.0 KB)

[K[34m[1mtrain: [0mScanning /mnt/dataset/yudongfang/projects/RGBT_campaign/data/processed/llvip/yolo/grouped_v1/visible/labels/fit.cache... 9619 images, 2 backgrounds, 0 corrupt: 100% ━━━━━━━━━━━━ 9619/9619 707.8Mit/s 0.0s
[34m[1mtrain: [0mFast image access ✅ (ping: 0.0±0.0 ms, read: 3044.3±708.8 MB/s, size: 85.9 KB)

[K[34m[1mtrain: [0mScanning /mnt/dataset/yudongfang/projects/RGBT_campaign/data/processed/llvip/yolo/grouped_v1/infrared/labels/fit.cache... 9619 images, 2 backgrounds, 0 corrupt: 100% ━━━━━━━━━━━━ 9619/9619 2.4Git/s 0.0s
{"completed_batches": 1, "dataset": "llvip", "C0_C1_selected": 34, "L_unverified_selected": 3}
{"completed_batches": 2, "dataset": "llvip", "C0_C1_selected": 33, "L_unverified_selected": 5}
{"completed_batches": 3, "dataset": "llvip", "C0_C1_selected": 32, "L_unverified_selected": 0}
{"completed_batches": 4, "dataset": "llvip", "C0_C1_selected": 27, "L_unverified_selected": 2}
{"completed_batches": 5, "dataset": "llvip", "C0_C1_selected": 40, "L_unverified_selected": 2}
{"completed_batches": 6, "dataset": "llvip", "C0_C1_selected": 25, "L_unverified_selected": 3}
{"completed_batches": 7, "dataset": "llvip", "C0_C1_selected": 36, "L_unverified_selected": 3}
{"completed_batches": 8, "dataset": "llvip", "C0_C1_selected": 31, "L_unverified_selected": 1}
{"completed_batches": 9, "dataset": "llvip", "C0_C1_selected": 36, "L_unverified_selected": 4}
{"completed_batches": 10, "dataset": "llvip", "C0_C1_selected": 35, "L_unverified_selected": 4}
{"completed_batches": 11, "dataset": "llvip", "C0_C1_selected": 29, "L_unverified_selected": 2}
{"completed_batches": 12, "dataset": "llvip", "C0_C1_selected": 34, "L_unverified_selected": 4}
{"completed_batches": 13, "dataset": "llvip", "C0_C1_selected": 30, "L_unverified_selected": 4}
{"completed_batches": 14, "dataset": "llvip", "C0_C1_selected": 33, "L_unverified_selected": 1}
{"completed_batches": 15, "dataset": "llvip", "C0_C1_selected": 34, "L_unverified_selected": 5}
{"completed_batches": 16, "dataset": "llvip", "C0_C1_selected": 29, "L_unverified_selected": 0}
{"completed_batches": 17, "dataset": "llvip", "C0_C1_selected": 33, "L_unverified_selected": 4}
{"completed_batches": 18, "dataset": "llvip", "C0_C1_selected": 33, "L_unverified_selected": 4}
{"completed_batches": 19, "dataset": "llvip", "C0_C1_selected": 32, "L_unverified_selected": 2}
{"completed_batches": 20, "dataset": "llvip", "C0_C1_selected": 37, "L_unverified_selected": 3}
{"completed_batches": 21, "dataset": "llvip", "C0_C1_selected": 30, "L_unverified_selected": 3}
{"completed_batches": 22, "dataset": "llvip", "C0_C1_selected": 28, "L_unverified_selected": 2}
{"completed_batches": 23, "dataset": "llvip", "C0_C1_selected": 34, "L_unverified_selected": 7}
{"completed_batches": 24, "dataset": "llvip", "C0_C1_selected": 41, "L_unverified_selected": 7}
{"completed_batches": 25, "dataset": "llvip", "C0_C1_selected": 38, "L_unverified_selected": 6}
{"completed_batches": 26, "dataset": "llvip", "C0_C1_selected": 39, "L_unverified_selected": 4}
{"completed_batches": 27, "dataset": "llvip", "C0_C1_selected": 39, "L_unverified_selected": 3}
{"completed_batches": 28, "dataset": "llvip", "C0_C1_selected": 32, "L_unverified_selected": 1}
{"completed_batches": 29, "dataset": "llvip", "C0_C1_selected": 36, "L_unverified_selected": 7}
{"completed_batches": 30, "dataset": "llvip", "C0_C1_selected": 45, "L_unverified_selected": 3}
{"completed_batches": 31, "dataset": "llvip", "C0_C1_selected": 33, "L_unverified_selected": 8}
{"completed_batches": 32, "dataset": "llvip", "C0_C1_selected": 34, "L_unverified_selected": 3}
{"completed_batches": 33, "dataset": "llvip", "C0_C1_selected": 31, "L_unverified_selected": 4}
{"completed_batches": 34, "dataset": "llvip", "C0_C1_selected": 35, "L_unverified_selected": 3}
{"completed_batches": 35, "dataset": "llvip", "C0_C1_selected": 32, "L_unverified_selected": 2}
{"completed_batches": 36, "dataset": "llvip", "C0_C1_selected": 35, "L_unverified_selected": 4}
{"completed_batches": 37, "dataset": "llvip", "C0_C1_selected": 33, "L_unverified_selected": 4}
{"completed_batches": 38, "dataset": "llvip", "C0_C1_selected": 36, "L_unverified_selected": 6}
{"completed_batches": 39, "dataset": "llvip", "C0_C1_selected": 39, "L_unverified_selected": 3}
{"completed_batches": 40, "dataset": "llvip", "C0_C1_selected": 32, "L_unverified_selected": 3}
{"completed_batches": 41, "dataset": "llvip", "C0_C1_selected": 30, "L_unverified_selected": 1}
{"completed_batches": 42, "dataset": "llvip", "C0_C1_selected": 31, "L_unverified_selected": 4}
{"completed_batches": 43, "dataset": "llvip", "C0_C1_selected": 29, "L_unverified_selected": 4}
{"completed_batches": 44, "dataset": "llvip", "C0_C1_selected": 33, "L_unverified_selected": 3}
{"completed_batches": 45, "dataset": "llvip", "C0_C1_selected": 37, "L_unverified_selected": 2}
{"completed_batches": 46, "dataset": "llvip", "C0_C1_selected": 34, "L_unverified_selected": 2}
{"completed_batches": 47, "dataset": "llvip", "C0_C1_selected": 46, "L_unverified_selected": 2}
{"completed_batches": 48, "dataset": "llvip", "C0_C1_selected": 35, "L_unverified_selected": 1}
{"completed_batches": 49, "dataset": "llvip", "C0_C1_selected": 29, "L_unverified_selected": 1}
{"completed_batches": 50, "dataset": "llvip", "C0_C1_selected": 34, "L_unverified_selected": 6}
{"completed_batches": 51, "dataset": "llvip", "C0_C1_selected": 30, "L_unverified_selected": 3}
{"completed_batches": 52, "dataset": "llvip", "C0_C1_selected": 34, "L_unverified_selected": 4}
{"completed_batches": 53, "dataset": "llvip", "C0_C1_selected": 37, "L_unverified_selected": 6}
{"completed_batches": 54, "dataset": "llvip", "C0_C1_selected": 43, "L_unverified_selected": 2}
{"completed_batches": 55, "dataset": "llvip", "C0_C1_selected": 33, "L_unverified_selected": 1}
{"completed_batches": 56, "dataset": "llvip", "C0_C1_selected": 37, "L_unverified_selected": 5}
{"completed_batches": 57, "dataset": "llvip", "C0_C1_selected": 34, "L_unverified_selected": 2}
{"completed_batches": 58, "dataset": "llvip", "C0_C1_selected": 38, "L_unverified_selected": 1}
{"completed_batches": 59, "dataset": "llvip", "C0_C1_selected": 36, "L_unverified_selected": 3}
{"completed_batches": 60, "dataset": "llvip", "C0_C1_selected": 43, "L_unverified_selected": 5}
{"completed_batches": 61, "dataset": "llvip", "C0_C1_selected": 39, "L_unverified_selected": 2}
{"completed_batches": 62, "dataset": "llvip", "C0_C1_selected": 37, "L_unverified_selected": 1}
{"completed_batches": 63, "dataset": "llvip", "C0_C1_selected": 37, "L_unverified_selected": 2}
{"completed_batches": 64, "dataset": "llvip", "C0_C1_selected": 46, "L_unverified_selected": 5}
