/mnt/dataset/yudongfang/projects/SpaceNet6_OTD_official_reproduction/yolo_osssl/transforms.py:61: UserWarning: The given buffer is not writable, and PyTorch does not support non-writable tensors. This means you can write to the underlying (supposedly non-writable) buffer using the tensor. You may want to copy the buffer to protect its data or make it writable before converting it to a tensor. This type of warning will be suppressed for the rest of this program. (Triggered internally at /pytorch/torch/csrc/utils/tensor_new.cpp:1581.)
  value = torch.frombuffer(memoryview(raw), dtype=torch.uint8).clone()
/mnt/dataset/yudongfang/projects/SpaceNet6_OTD_official_reproduction/yolo_osssl/transforms.py:61: UserWarning: The given buffer is not writable, and PyTorch does not support non-writable tensors. This means you can write to the underlying (supposedly non-writable) buffer using the tensor. You may want to copy the buffer to protect its data or make it writable before converting it to a tensor. This type of warning will be suppressed for the rest of this program. (Triggered internally at /pytorch/torch/csrc/utils/tensor_new.cpp:1581.)
  value = torch.frombuffer(memoryview(raw), dtype=torch.uint8).clone()
/mnt/dataset/yudongfang/projects/SpaceNet6_OTD_official_reproduction/yolo_osssl/transforms.py:61: UserWarning: The given buffer is not writable, and PyTorch does not support non-writable tensors. This means you can write to the underlying (supposedly non-writable) buffer using the tensor. You may want to copy the buffer to protect its data or make it writable before converting it to a tensor. This type of warning will be suppressed for the rest of this program. (Triggered internally at /pytorch/torch/csrc/utils/tensor_new.cpp:1581.)
  value = torch.frombuffer(memoryview(raw), dtype=torch.uint8).clone()
/mnt/dataset/yudongfang/projects/SpaceNet6_OTD_official_reproduction/yolo_osssl/transforms.py:61: UserWarning: The given buffer is not writable, and PyTorch does not support non-writable tensors. This means you can write to the underlying (supposedly non-writable) buffer using the tensor. You may want to copy the buffer to protect its data or make it writable before converting it to a tensor. This type of warning will be suppressed for the rest of this program. (Triggered internally at /pytorch/torch/csrc/utils/tensor_new.cpp:1581.)
  value = torch.frombuffer(memoryview(raw), dtype=torch.uint8).clone()
/mnt/dataset/yudongfang/projects/SpaceNet6_OTD_official_reproduction/yolo_osssl/transforms.py:61: UserWarning: The given buffer is not writable, and PyTorch does not support non-writable tensors. This means you can write to the underlying (supposedly non-writable) buffer using the tensor. You may want to copy the buffer to protect its data or make it writable before converting it to a tensor. This type of warning will be suppressed for the rest of this program. (Triggered internally at /pytorch/torch/csrc/utils/tensor_new.cpp:1581.)
  value = torch.frombuffer(memoryview(raw), dtype=torch.uint8).clone()
/mnt/dataset/yudongfang/projects/SpaceNet6_OTD_official_reproduction/yolo_osssl/transforms.py:61: UserWarning: The given buffer is not writable, and PyTorch does not support non-writable tensors. This means you can write to the underlying (supposedly non-writable) buffer using the tensor. You may want to copy the buffer to protect its data or make it writable before converting it to a tensor. This type of warning will be suppressed for the rest of this program. (Triggered internally at /pytorch/torch/csrc/utils/tensor_new.cpp:1581.)
  value = torch.frombuffer(memoryview(raw), dtype=torch.uint8).clone()
/mnt/dataset/yudongfang/projects/SpaceNet6_OTD_official_reproduction/yolo_osssl/transforms.py:61: UserWarning: The given buffer is not writable, and PyTorch does not support non-writable tensors. This means you can write to the underlying (supposedly non-writable) buffer using the tensor. You may want to copy the buffer to protect its data or make it writable before converting it to a tensor. This type of warning will be suppressed for the rest of this program. (Triggered internally at /pytorch/torch/csrc/utils/tensor_new.cpp:1581.)
  value = torch.frombuffer(memoryview(raw), dtype=torch.uint8).clone()
/mnt/dataset/yudongfang/projects/SpaceNet6_OTD_official_reproduction/yolo_osssl/transforms.py:61: UserWarning: The given buffer is not writable, and PyTorch does not support non-writable tensors. This means you can write to the underlying (supposedly non-writable) buffer using the tensor. You may want to copy the buffer to protect its data or make it writable before converting it to a tensor. This type of warning will be suppressed for the rest of this program. (Triggered internally at /pytorch/torch/csrc/utils/tensor_new.cpp:1581.)
  value = torch.frombuffer(memoryview(raw), dtype=torch.uint8).clone()
{"step": 1, "loss": 1.9217052459716797, "lr": 8e-05}
{"step": 20, "loss": 1.7414054870605469, "lr": 0.01527848}
{"step": 40, "loss": 1.2201429605484009, "lr": 0.03127688}
{"step": 60, "loss": 0.7412765026092529, "lr": 0.04727528}
{"step": 80, "loss": 0.539907693862915, "lr": 0.06327368}
{"step": 100, "loss": 0.4961080551147461, "lr": 0.07927208000000002}
{"step": 120, "loss": 0.4358699917793274, "lr": 0.09527048}
{"step": 140, "loss": 0.3816441297531128, "lr": 0.11126888}
{"step": 160, "loss": 0.4825966954231262, "lr": 0.12726728}
{"step": 180, "loss": 0.3089556097984314, "lr": 0.14326568}
{"step": 200, "loss": 0.3322034776210785, "lr": 0.15926408000000003}
{"step": 220, "loss": 0.27452224493026733, "lr": 0.17526248}
{"step": 240, "loss": 0.21165572106838226, "lr": 0.19126088}
{"step": 260, "loss": 0.2164383977651596, "lr": 0.20725928}
{"step": 280, "loss": 0.23069414496421814, "lr": 0.22325768000000004}
{"step": 300, "loss": 0.178378164768219, "lr": 0.23925608}
{"step": 320, "loss": 0.18916310369968414, "lr": 0.25525448}
{"step": 340, "loss": 0.1568256914615631, "lr": 0.27125288000000003}
{"step": 360, "loss": 0.17374461889266968, "lr": 0.28725128}
{"step": 380, "loss": 0.15540063381195068, "lr": 0.30324968}
{"step": 400, "loss": 0.1631719470024109, "lr": 0.31924808000000005}
{"step": 420, "loss": 0.16059905290603638, "lr": 0.33524648}
{"step": 440, "loss": 0.20662644505500793, "lr": 0.35124488000000004}
{"step": 460, "loss": 0.11322793364524841, "lr": 0.36724328000000006}
{"step": 480, "loss": 0.2050982266664505, "lr": 0.38324168000000003}
{"step": 500, "loss": 0.1291174441576004, "lr": 0.39924008}
{"step": 520, "loss": 0.12348642200231552, "lr": 0.41523848}
{"step": 540, "loss": 0.13247600197792053, "lr": 0.4312368800000001}
{"step": 560, "loss": 0.1593310385942459, "lr": 0.44723528000000007}
{"step": 580, "loss": 0.19380930066108704, "lr": 0.46323368000000004}
{"step": 600, "loss": 0.24382735788822174, "lr": 0.47923208}
{"step": 620, "loss": 0.1241721510887146, "lr": 0.49523048000000003}
{"step": 640, "loss": 0.1802392303943634, "lr": 0.51122888}
{"step": 660, "loss": 0.12441938370466232, "lr": 0.5272272800000001}
{"step": 680, "loss": 0.11692675203084946, "lr": 0.54322568}
{"step": 700, "loss": 0.15988805890083313, "lr": 0.55922408}
{"step": 720, "loss": 0.17269517481327057, "lr": 0.57522248}
{"step": 740, "loss": 0.22720877826213837, "lr": 0.5912208800000001}
{"step": 760, "loss": 0.14773984253406525, "lr": 0.60721928}
{"step": 780, "loss": 0.12059363722801208, "lr": 0.6232176800000001}
{"step": 800, "loss": 0.11955202370882034, "lr": 0.6392160800000001}
{"step": 820, "loss": 0.21743634343147278, "lr": 0.65521448}
{"step": 840, "loss": 0.12185539305210114, "lr": 0.67121288}
{"step": 860, "loss": 0.12473288178443909, "lr": 0.6872112800000001}
{"step": 880, "loss": 0.1360912322998047, "lr": 0.7032096800000001}
{"step": 900, "loss": 0.1063392236828804, "lr": 0.71920808}
{"step": 920, "loss": 0.151656836271286, "lr": 0.73520648}
{"step": 940, "loss": 0.18677553534507751, "lr": 0.75120488}
{"step": 960, "loss": 0.1738108992576599, "lr": 0.7672032799999999}
{"step": 980, "loss": 0.15360750257968903, "lr": 0.78320168}
{"step": 1000, "loss": 0.13999000191688538, "lr": 0.79920008}
{"step": 1020, "loss": 0.14553691446781158, "lr": 0.7999912007258854}
{"step": 1040, "loss": 0.1687072068452835, "lr": 0.799962926486832}
{"step": 1060, "loss": 0.19499942660331726, "lr": 0.7999151542863834}
{"step": 1080, "loss": 0.1067315861582756, "lr": 0.7998478864534064}
{"step": 1100, "loss": 0.13007256388664246, "lr": 0.799761126267169}
{"step": 1120, "loss": 0.10394291579723358, "lr": 0.7996548779571804}
{"step": 1140, "loss": 0.12600621581077576, "lr": 0.7995291467029839}
{"step": 1160, "loss": 0.15782605111598969, "lr": 0.7993839386339057}
{"step": 1180, "loss": 0.11874540150165558, "lr": 0.7992192608287549}
{"step": 1200, "loss": 0.12411636114120483, "lr": 0.7990351213154798}
{"step": 1220, "loss": 0.1372978538274765, "lr": 0.7988315290707746}
{"step": 1240, "loss": 0.14819204807281494, "lr": 0.798608494019644}
{"step": 1260, "loss": 0.14897024631500244, "lr": 0.7983660270349174}
{"step": 1280, "loss": 0.11716365814208984, "lr": 0.7981041399367204}
{"step": 1300, "loss": 0.12053543329238892, "lr": 0.7978228454918974}
{"step": 1320, "loss": 0.13896921277046204, "lr": 0.79752215741339}
{"step": 1340, "loss": 0.12705382704734802, "lr": 0.7972020903595682}
{"step": 1360, "loss": 0.1115083247423172, "lr": 0.7968626599335158}
{"step": 1380, "loss": 0.13326925039291382, "lr": 0.7965038826822698}
{"step": 1400, "loss": 0.09715760499238968, "lr": 0.7961257760960136}
{"step": 1420, "loss": 0.09754824638366699, "lr": 0.7957283586072248}
{"step": 1440, "loss": 0.13009688258171082, "lr": 0.7953116495897762}
{"step": 1460, "loss": 0.10152461379766464, "lr": 0.7948756693579914}
{"step": 1480, "loss": 0.19441643357276917, "lr": 0.7944204391656545}
{"step": 1500, "loss": 0.14104273915290833, "lr": 0.7939459812049743}
{"step": 1520, "loss": 0.10816238820552826, "lr": 0.7934523186055019}
{"step": 1540, "loss": 0.14452077448368073, "lr": 0.7929394754330037}
{"step": 1560, "loss": 0.12202125042676926, "lr": 0.7924074766882878}
{"step": 1580, "loss": 0.12908022105693817, "lr": 0.7918563483059853}
{"step": 1600, "loss": 0.11770154535770416, "lr": 0.7912861171532862}
{"step": 1620, "loss": 0.09841584414243698, "lr": 0.7906968110286295}
{"step": 1640, "loss": 0.1302531659603119, "lr": 0.790088458660348}
{"step": 1660, "loss": 0.12732729315757751, "lr": 0.789461089705268}
{"step": 1680, "loss": 0.14620807766914368, "lr": 0.788814734747263}
{"step": 1700, "loss": 0.16472876071929932, "lr": 0.7881494252957637}
{"step": 1720, "loss": 0.14562872052192688, "lr": 0.7874651937842212}
{"step": 1740, "loss": 0.12717118859291077, "lr": 0.7867620735685259}
{"step": 1760, "loss": 0.12155872583389282, "lr": 0.7860400989253817}
{"step": 1780, "loss": 0.17659907042980194, "lr": 0.7852993050506352}
{"step": 1800, "loss": 0.11121273040771484, "lr": 0.7845397280575592}
{"step": 1820, "loss": 0.12707942724227905, "lr": 0.7837614049750932}
{"step": 1840, "loss": 0.1760965883731842, "lr": 0.7829643737460371}
{"step": 1860, "loss": 0.1292758584022522, "lr": 0.7821486732252027}
{"step": 1880, "loss": 0.11418939381837845, "lr": 0.7813143431775185}
{"step": 1900, "loss": 0.14859625697135925, "lr": 0.7804614242760922}
{"step": 1920, "loss": 0.10839657485485077, "lr": 0.7795899581002268}
{"step": 1940, "loss": 0.14427372813224792, "lr": 0.7786999871333944}
{"step": 1960, "loss": 0.12881726026535034, "lr": 0.7777915547611652}
{"step": 1980, "loss": 0.13739852607250214, "lr": 0.7768647052690922}
{"step": 2000, "loss": 0.11679939180612564, "lr": 0.775919483840552}
{"step": 2020, "loss": 0.10079073905944824, "lr": 0.7749559365545426}
{"step": 2040, "loss": 0.0957287922501564, "lr": 0.7739741103834372}
{"step": 2060, "loss": 0.13035520911216736, "lr": 0.7729740531906939}
{"step": 2080, "loss": 0.12288619577884674, "lr": 0.7719558137285225}
{"step": 2100, "loss": 0.12642043828964233, "lr": 0.7709194416355082}
{"step": 2120, "loss": 0.12711367011070251, "lr": 0.769864987434191}
{"step": 2140, "loss": 0.13506031036376953, "lr": 0.7687925025286036}
{"step": 2160, "loss": 0.09442038834095001, "lr": 0.7677020392017652}
{"step": 2180, "loss": 0.11810456216335297, "lr": 0.7665936506131322}
{"step": 2200, "loss": 0.11028248071670532, "lr": 0.7654673907960075}
{"step": 2220, "loss": 0.11640627682209015, "lr": 0.7643233146549058}
{"step": 2240, "loss": 0.10475344210863113, "lr": 0.7631614779628777}
{"step": 2260, "loss": 0.10962040722370148, "lr": 0.7619819373587899}
{"step": 2280, "loss": 0.1445276141166687, "lr": 0.7607847503445649}
{"step": 2300, "loss": 0.11218655109405518, "lr": 0.7595699752823775}
{"step": 2320, "loss": 0.15333831310272217, "lr": 0.7583376713918093}
{"step": 2340, "loss": 0.11918941885232925, "lr": 0.7570878987469627}
{"step": 2360, "loss": 0.14309950172901154, "lr": 0.7558207182735311}
{"step": 2380, "loss": 0.10578738898038864, "lr": 0.7545361917458303}
{"step": 2400, "loss": 0.09584049880504608, "lr": 0.7532343817837855}
{"step": 2420, "loss": 0.14205022156238556, "lr": 0.7519153518498797}
{"step": 2440, "loss": 0.11097384244203568, "lr": 0.7505791662460594}
{"step": 2460, "loss": 0.10732315480709076, "lr": 0.7492258901106001}
{"step": 2480, "loss": 0.10803430527448654, "lr": 0.7478555894149311}
{"step": 2500, "loss": 0.10770635306835175, "lr": 0.7464683309604189}
{"step": 2520, "loss": 0.11408047378063202, "lr": 0.745064182375111}
{"step": 2540, "loss": 0.09229244291782379, "lr": 0.7436432121104389}
{"step": 2560, "loss": 0.12436439096927643, "lr": 0.7422054894378814}
{"step": 2580, "loss": 0.12910108268260956, "lr": 0.7407510844455875}
{"step": 2600, "loss": 0.12471625208854675, "lr": 0.7392800680349596}
{"step": 2620, "loss": 0.11763323098421097, "lr": 0.7377925119171972}
{"step": 2640, "loss": 0.11489234119653702, "lr": 0.7362884886098007}
{"step": 2660, "loss": 0.1275513768196106, "lr": 0.7347680714330367}
{"step": 2680, "loss": 0.0896444097161293, "lr": 0.7332313345063636}
{"step": 2700, "loss": 0.12118329852819443, "lr": 0.7316783527448179}
{"step": 2720, "loss": 0.12339296191930771, "lr": 0.7301092018553623}
{"step": 2740, "loss": 0.10307199507951736, "lr": 0.7285239583331956}
{"step": 2760, "loss": 0.14388054609298706, "lr": 0.7269226994580227}
{"step": 2780, "loss": 0.1113394945859909, "lr": 0.725305503290288}
{"step": 2800, "loss": 0.12345832586288452, "lr": 0.7236724486673695}
{"step": 2820, "loss": 0.09152185171842575, "lr": 0.7220236151997357}
{"step": 2840, "loss": 0.1107097640633583, "lr": 0.7203590832670648}
{"step": 2860, "loss": 0.09205508977174759, "lr": 0.718678934014326}
{"step": 2880, "loss": 0.10273941606283188, "lr": 0.7169832493478241}
{"step": 2900, "loss": 0.12633174657821655, "lr": 0.7152721119312059}
{"step": 2920, "loss": 0.11279666423797607, "lr": 0.713545605181431}
{"step": 2940, "loss": 0.10844965279102325, "lr": 0.711803813264705}
{"step": 2960, "loss": 0.126246839761734, "lr": 0.7100468210923769}
{"step": 2980, "loss": 0.09935003519058228, "lr": 0.7082747143167992}
{"step": 3000, "loss": 0.1290757656097412, "lr": 0.7064875793271524}
{"step": 3020, "loss": 0.13338255882263184, "lr": 0.7046855032452339}
{"step": 3040, "loss": 0.12272481620311737, "lr": 0.7028685739212106}
{"step": 3060, "loss": 0.11708823591470718, "lr": 0.7010368799293367}
{"step": 3080, "loss": 0.12210692465305328, "lr": 0.6991905105636348}
{"step": 3100, "loss": 0.13229748606681824, "lr": 0.6973295558335441}
{"step": 3120, "loss": 0.11953207850456238, "lr": 0.6954541064595315}
{"step": 3140, "loss": 0.10854720324277878, "lr": 0.6935642538686697}
{"step": 3160, "loss": 0.11375543475151062, "lr": 0.6916600901901795}
{"step": 3180, "loss": 0.13289406895637512, "lr": 0.6897417082509394}
{"step": 3200, "loss": 0.1129724383354187, "lr": 0.6878092015709596}
{"step": 3220, "loss": 0.11927223205566406, "lr": 0.6858626643588233}
{"step": 3240, "loss": 0.11580923944711685, "lr": 0.683902191507094}
{"step": 3260, "loss": 0.14060816168785095, "lr": 0.6819278785876897}
{"step": 3280, "loss": 0.1299728900194168, "lr": 0.6799398218472237}
{"step": 3300, "loss": 0.09382715821266174, "lr": 0.6779381182023121}
{"step": 3320, "loss": 0.12188266962766647, "lr": 0.6759228652348507}
{"step": 3340, "loss": 0.10795135796070099, "lr": 0.6738941611872561}
{"step": 3360, "loss": 0.10699744522571564, "lr": 0.6718521049576776}
{"step": 3380, "loss": 0.11984122544527054, "lr": 0.6697967960951755}
{"step": 3400, "loss": 0.1161365658044815, "lr": 0.6677283347948686}
{"step": 3420, "loss": 0.10485704243183136, "lr": 0.6656468218930492}
{"step": 3440, "loss": 0.1234143078327179, "lr": 0.6635523588622676}
{"step": 3460, "loss": 0.10702076554298401, "lr": 0.6614450478063856}
{"step": 3480, "loss": 0.11096565425395966, "lr": 0.6593249914555984}
{"step": 3500, "loss": 0.12962886691093445, "lr": 0.6571922931614275}
{"step": 3520, "loss": 0.11265638470649719, "lr": 0.6550470568916814}
{"step": 3540, "loss": 0.11588825285434723, "lr": 0.6528893872253878}
{"step": 3560, "loss": 0.10518674552440643, "lr": 0.6507193893476955}
{"step": 3580, "loss": 0.12014836072921753, "lr": 0.6485371690447459}
{"step": 3600, "loss": 0.10698645561933517, "lr": 0.6463428326985172}
{"step": 3620, "loss": 0.12522000074386597, "lr": 0.6441364872816376}
{"step": 3640, "loss": 0.11324676126241684, "lr": 0.6419182403521699}
{"step": 3660, "loss": 0.10929461568593979, "lr": 0.6396882000483699}
{"step": 3680, "loss": 0.11679563671350479, "lr": 0.6374464750834123}
{"step": 3700, "loss": 0.12497127056121826, "lr": 0.6351931747400933}
{"step": 3720, "loss": 0.11817219853401184, "lr": 0.6329284088655017}
{"step": 3740, "loss": 0.10772751271724701, "lr": 0.6306522878656642}
{"step": 3760, "loss": 0.10538290441036224, "lr": 0.6283649227001634}
{"step": 3780, "loss": 0.1092802882194519, "lr": 0.6260664248767286}
{"step": 3800, "loss": 0.12176596373319626, "lr": 0.6237569064457995}
{"step": 3820, "loss": 0.0995444506406784, "lr": 0.6214364799950644}
{"step": 3840, "loss": 0.1124524176120758, "lr": 0.6191052586439707}
{"step": 3860, "loss": 0.127267986536026, "lr": 0.6167633560382116}
{"step": 3880, "loss": 0.1159624308347702, "lr": 0.6144108863441848}
{"step": 3900, "loss": 0.11624191701412201, "lr": 0.6120479642434277}
{"step": 3920, "loss": 0.12185558676719666, "lr": 0.6096747049270262}
{"step": 3940, "loss": 0.10030948370695114, "lr": 0.6072912240900001}
{"step": 3960, "loss": 0.10303905606269836, "lr": 0.6048976379256615}
{"step": 3980, "loss": 0.11619232594966888, "lr": 0.6024940631199522}
{"step": 4000, "loss": 0.1129792183637619, "lr": 0.6000806168457541}
{"step": 4020, "loss": 0.1132231056690216, "lr": 0.5976574167571774}
{"step": 4040, "loss": 0.13465911149978638, "lr": 0.5952245809838255}
{"step": 4060, "loss": 0.09860653430223465, "lr": 0.5927822281250353}
{"step": 4080, "loss": 0.13095566630363464, "lr": 0.5903304772440968}
{"step": 4100, "loss": 0.11653107404708862, "lr": 0.5878694478624473}
{"step": 4120, "loss": 0.10984444618225098, "lr": 0.5853992599538466}
{"step": 4140, "loss": 0.13057562708854675, "lr": 0.5829200339385266}
{"step": 4160, "loss": 0.11112093925476074, "lr": 0.5804318906773219}
{"step": 4180, "loss": 0.11361875385046005, "lr": 0.577934951465778}
{"step": 4200, "loss": 0.10705573856830597, "lr": 0.5754293380282377}
{"step": 4220, "loss": 0.13078778982162476, "lr": 0.572915172511907}
{"step": 4240, "loss": 0.0968087911605835, "lr": 0.5703925774809012}
{"step": 4260, "loss": 0.10326670110225677, "lr": 0.5678616759102696}
{"step": 4280, "loss": 0.1173757016658783, "lr": 0.56532259118}
{"step": 4300, "loss": 0.12806247174739838, "lr": 0.5627754470690048}
{"step": 4320, "loss": 0.13375288248062134, "lr": 0.5602203677490868}
{"step": 4340, "loss": 0.12536323070526123, "lr": 0.5576574777788855}
{"step": 4360, "loss": 0.10885275900363922, "lr": 0.5550869020978048}
{"step": 4380, "loss": 0.10990073531866074, "lr": 0.5525087660199227}
{"step": 4400, "loss": 0.13587063550949097, "lr": 0.5499231952278825}
{"step": 4420, "loss": 0.15156131982803345, "lr": 0.547330315766765}
{"step": 4440, "loss": 0.11328648030757904, "lr": 0.5447302540379448}
{"step": 4460, "loss": 0.11275095492601395, "lr": 0.5421231367929278}
{"step": 4480, "loss": 0.112877257168293, "lr": 0.5395090911271722}
{"step": 4500, "loss": 0.1287977695465088, "lr": 0.5368882444738923}
{"step": 4520, "loss": 0.09517405927181244, "lr": 0.5342607245978473}
{"step": 4540, "loss": 0.13197816908359528, "lr": 0.5316266595891119}
{"step": 4560, "loss": 0.13267789781093597, "lr": 0.5289861778568321}
{"step": 4580, "loss": 0.11271057277917862, "lr": 0.5263394081229655}
{"step": 4600, "loss": 0.11376602947711945, "lr": 0.5236864794160063}
{"step": 4620, "loss": 0.10784308612346649, "lr": 0.5210275210646949}
{"step": 4640, "loss": 0.10721446573734283, "lr": 0.5183626626917132}
{"step": 4660, "loss": 0.12250462174415588, "lr": 0.5156920342073662}
{"step": 4680, "loss": 0.1283593773841858, "lr": 0.5130157658032485}
{"step": 4700, "loss": 0.11981037259101868, "lr": 0.5103339879458969}
{"step": 4720, "loss": 0.11494454741477966, "lr": 0.5076468313704314}
{"step": 4740, "loss": 0.1293828785419464, "lr": 0.5049544270741814}
{"step": 4760, "loss": 0.11945299804210663, "lr": 0.5022569063102993}
{"step": 4780, "loss": 0.0964105874300003, "lr": 0.4995544005813627}
{"step": 4800, "loss": 0.1245201826095581, "lr": 0.4968470416329632}
{"step": 4820, "loss": 0.12205223739147186, "lr": 0.49413496144728397}
{"step": 4840, "loss": 0.11560611426830292, "lr": 0.4914182922366659}
{"step": 4860, "loss": 0.1042819619178772, "lr": 0.488697166437162}
{"step": 4880, "loss": 0.11488816887140274, "lr": 0.48597171670208184}
{"step": 4900, "loss": 0.12995265424251556, "lr": 0.48324207589552404}
{"step": 4920, "loss": 0.11164911091327667, "lr": 0.48050837708589933}
{"step": 4940, "loss": 0.11558308452367783, "lr": 0.477770753539444}
{"step": 4960, "loss": 0.1280357390642166, "lr": 0.4750293387137231}
{"step": 4980, "loss": 0.12225345522165298, "lr": 0.47228426625112424}
{"step": 5000, "loss": 0.11888834834098816, "lr": 0.46953566997234264}
{"step": 5020, "loss": 0.12688881158828735, "lr": 0.4667836838698575}
{"step": 5040, "loss": 0.09943318367004395, "lr": 0.46402844210140004}
{"step": 5060, "loss": 0.10978925228118896, "lr": 0.46127007898341327}
{"step": 5080, "loss": 0.10435514152050018, "lr": 0.4585087289845044}
{"step": 5100, "loss": 0.10895209014415741, "lr": 0.45574452671888904}
{"step": 5120, "loss": 0.10859724134206772, "lr": 0.45297760693982936}
{"step": 5140, "loss": 0.12126920372247696, "lr": 0.4502081045330646}
{"step": 5160, "loss": 0.09286987781524658, "lr": 0.4474361545102357}
{"step": 5180, "loss": 0.10561320930719376, "lr": 0.4446618920023035}
{"step": 5200, "loss": 0.09432277083396912, "lr": 0.44188545225296105}
{"step": 5220, "loss": 0.11780017614364624, "lr": 0.4391069706120407}
{"step": 5240, "loss": 0.0948076993227005, "lr": 0.43632658252891593}
{"step": 5260, "loss": 0.10452866554260254, "lr": 0.43354442354589795}
{"step": 5280, "loss": 0.12467517703771591, "lr": 0.4307606292916285}
{"step": 5300, "loss": 0.11197743564844131, "lr": 0.42797533547446787}
{"step": 5320, "loss": 0.10678957402706146, "lr": 0.425188677875879}
{"step": 5340, "loss": 0.09999855607748032, "lr": 0.42240079234380856}
{"step": 5360, "loss": 0.1005544662475586, "lr": 0.41961181478606424}
{"step": 5380, "loss": 0.13414216041564941, "lr": 0.4168218811636892}
{"step": 5400, "loss": 0.11188958585262299, "lr": 0.41403112748433435}
{"step": 5420, "loss": 0.1063852310180664, "lr": 0.4112396897956278}
{"step": 5440, "loss": 0.129835844039917, "lr": 0.40844770417854304}
{"step": 5460, "loss": 0.1300896853208542, "lr": 0.40565530674076417}
{"step": 5480, "loss": 0.10937751084566116, "lr": 0.4028626336100518}
{"step": 5500, "loss": 0.10031840950250626, "lr": 0.4000698209276061}
{"step": 5520, "loss": 0.11228982359170914, "lr": 0.39727700484143064}
{"step": 5540, "loss": 0.10466159880161285, "lr": 0.3944843214996947}
{"step": 5560, "loss": 0.1136607900261879, "lr": 0.3916919070440962}
{"step": 5580, "loss": 0.11001473665237427, "lr": 0.3888998976032254}
{"step": 5600, "loss": 0.12081365287303925, "lr": 0.386108429285928}
{"step": 5620, "loss": 0.0933399423956871, "lr": 0.38331763817467024}
{"step": 5640, "loss": 0.09959582984447479, "lr": 0.3805276603189054}
{"step": 5660, "loss": 0.12123741209506989, "lr": 0.37773863172844035}
{"step": 5680, "loss": 0.10109179466962814, "lr": 0.37495068836680656}
{"step": 5700, "loss": 0.10687622427940369, "lr": 0.3721639661446305}
{"step": 5720, "loss": 0.11627983301877975, "lr": 0.3693786009130091}
{"step": 5740, "loss": 0.09972281008958817, "lr": 0.3665947284568872}
{"step": 5760, "loss": 0.13299405574798584, "lr": 0.36381248448843684}
{"step": 5780, "loss": 0.10613022744655609, "lr": 0.36103200464044316}
{"step": 5800, "loss": 0.10119284689426422, "lr": 0.35825342445969055}
{"step": 5820, "loss": 0.11190370470285416, "lr": 0.3554768794003565}
{"step": 5840, "loss": 0.1201137900352478, "lr": 0.35270250481740717}
{"step": 5860, "loss": 0.10855527222156525, "lr": 0.3499304359599989}
{"step": 5880, "loss": 0.1082385927438736, "lr": 0.34716080796488596}
{"step": 5900, "loss": 0.10819745063781738, "lr": 0.34439375584983134}
{"step": 5920, "loss": 0.11230457574129105, "lr": 0.34162941450702605}
{"step": 5940, "loss": 0.1168440580368042, "lr": 0.3388679186965119}
{"step": 5960, "loss": 0.09909305721521378, "lr": 0.3361094030396126}
{"step": 5980, "loss": 0.1016947329044342, "lr": 0.3333540020123718}
{"step": 6000, "loss": 0.10821886360645294, "lr": 0.330601849938996}
{"step": 6020, "loss": 0.12126584351062775, "lr": 0.32785308098530774}
{"step": 6040, "loss": 0.11199112236499786, "lr": 0.3251078291522039}
{"step": 6060, "loss": 0.1030915379524231, "lr": 0.32236622826912376}
{"step": 6080, "loss": 0.10674279928207397, "lr": 0.31962841198752534}
{"step": 6100, "loss": 0.11203961819410324, "lr": 0.3168945137743691}
{"step": 6120, "loss": 0.11763568222522736, "lr": 0.3141646669056125}
{"step": 6140, "loss": 0.10699188709259033, "lr": 0.31143900445971157}
{"step": 6160, "loss": 0.09677224606275558, "lr": 0.3087176593111344}
{"step": 6180, "loss": 0.09688644111156464, "lr": 0.3060007641238836}
{"step": 6200, "loss": 0.1095925122499466, "lr": 0.3032884513450285}
{"step": 6220, "loss": 0.11668236553668976, "lr": 0.30058085319824895}
{"step": 6240, "loss": 0.115778848528862, "lr": 0.29787810167738876}
{"step": 6260, "loss": 0.1114451065659523, "lr": 0.2951803285400216}
{"step": 6280, "loss": 0.09058070182800293, "lr": 0.29248766530102827}
{"step": 6300, "loss": 0.10067938268184662, "lr": 0.28980024322618453}
{"step": 6320, "loss": 0.10121249407529831, "lr": 0.28711819332576277}
{"step": 6340, "loss": 0.0926327034831047, "lr": 0.2844416463481445}
{"step": 6360, "loss": 0.09476523101329803, "lr": 0.28177073277344755}
{"step": 6380, "loss": 0.11801474541425705, "lr": 0.2791055828071642}
{"step": 6400, "loss": 0.08942653238773346, "lr": 0.2764463263738139}
{"step": 6420, "loss": 0.09789898246526718, "lr": 0.2737930931106105}
{"step": 6440, "loss": 0.11111608147621155, "lr": 0.27114601236114116}
{"step": 6460, "loss": 0.10052794218063354, "lr": 0.268505213169062}
{"step": 6480, "loss": 0.10715469717979431, "lr": 0.2658708242718066}
{"step": 6500, "loss": 0.1229218989610672, "lr": 0.2632429740943102}
{"step": 6520, "loss": 0.10528077930212021, "lr": 0.26062179074274966}
{"step": 6540, "loss": 0.10191112756729126, "lr": 0.25800740199829764}
{"step": 6560, "loss": 0.13558125495910645, "lr": 0.2553999353108938}
{"step": 6580, "loss": 0.10143183171749115, "lr": 0.25279951779303145}
{"step": 6600, "loss": 0.10445984452962875, "lr": 0.2502062762135607}
{"step": 6620, "loss": 0.10816992074251175, "lr": 0.24762033699150932}
{"step": 6640, "loss": 0.1360277235507965, "lr": 0.24504182618991896}
{"step": 6660, "loss": 0.0840911939740181, "lr": 0.24247086950970032}
{"step": 6680, "loss": 0.11936867237091064, "lr": 0.239907592283505}
{"step": 6700, "loss": 0.11223278194665909, "lr": 0.23735211946961537}
{"step": 6720, "loss": 0.12538304924964905, "lr": 0.23480457564585377}
{"step": 6740, "loss": 0.10952508449554443, "lr": 0.2322650850035083}
{"step": 6760, "loss": 0.12140404433012009, "lr": 0.22973377134127945}
{"step": 6780, "loss": 0.11209307610988617, "lr": 0.22721075805924454}
{"step": 6800, "loss": 0.09731610119342804, "lr": 0.2246961681528423}
{"step": 6820, "loss": 0.10950006544589996, "lr": 0.2221901242068765}
{"step": 6840, "loss": 0.11510463058948517, "lr": 0.21969274838954056}
{"step": 6860, "loss": 0.09487743675708771, "lr": 0.21720416244646146}
{"step": 6880, "loss": 0.11751385778188705, "lr": 0.21472448769476493}
{"step": 6900, "loss": 0.10504282265901566, "lr": 0.2122538450171613}
{"step": 6920, "loss": 0.09546574205160141, "lr": 0.20979235485605252}
{"step": 6940, "loss": 0.08773211389780045, "lr": 0.20734013720766065}
{"step": 6960, "loss": 0.10963818430900574, "lr": 0.20489731161617808}
{"step": 6980, "loss": 0.08840968459844589, "lr": 0.20246399716793984}
{"step": 7000, "loss": 0.09458234161138535, "lr": 0.20004031248561838}
{"step": 7020, "loss": 0.08683308959007263, "lr": 0.19762637572244035}
{"step": 7040, "loss": 0.09954270720481873, "lr": 0.19522230455642725}
{"step": 7060, "loss": 0.09833529591560364, "lr": 0.1928282161846583}
{"step": 7080, "loss": 0.11684048175811768, "lr": 0.19044422731755734}
{"step": 7100, "loss": 0.1099783182144165, "lr": 0.188070454173203}
{"step": 7120, "loss": 0.10699965804815292, "lr": 0.18570701247166366}
{"step": 7140, "loss": 0.08805373311042786, "lr": 0.1833540174293555}
{"step": 7160, "loss": 0.09720496833324432, "lr": 0.18101158375342635}
{"step": 7180, "loss": 0.09617443382740021, "lr": 0.17867982563616325}
{"step": 7200, "loss": 0.11007095873355865, "lr": 0.17635885674942664}
{"step": 7220, "loss": 0.09998739510774612, "lr": 0.17404879023910716}
{"step": 7240, "loss": 0.09692874550819397, "lr": 0.17174973871961163}
{"step": 7260, "loss": 0.10057984292507172, "lr": 0.16946181426837226}
{"step": 7280, "loss": 0.09804381430149078, "lr": 0.16718512842038288}
{"step": 7300, "loss": 0.09507977217435837, "lr": 0.16491979216276265}
{"step": 7320, "loss": 0.10429148375988007, "lr": 0.16266591592934374}
{"step": 7340, "loss": 0.0991239994764328, "lr": 0.16042360959528948}
{"step": 7360, "loss": 0.10086141526699066, "lr": 0.15819298247173702}
{"step": 7380, "loss": 0.10505947470664978, "lr": 0.15597414330046877}
{"step": 7400, "loss": 0.10869254916906357, "lr": 0.1537672002486116}
{"step": 7420, "loss": 0.10939650982618332, "lr": 0.15157226090336287}
{"step": 7440, "loss": 0.1103251576423645, "lr": 0.1493894322667466}
{"step": 7460, "loss": 0.0861043781042099, "lr": 0.1472188207503966}
{"step": 7480, "loss": 0.09686136245727539, "lr": 0.14506053217036913}
{"step": 7500, "loss": 0.10943256318569183, "lr": 0.14291467174198477}
{"step": 7520, "loss": 0.1003912016749382, "lr": 0.14078134407469817}
{"step": 7540, "loss": 0.09172934293746948, "lr": 0.13866065316699996}
{"step": 7560, "loss": 0.09282245486974716, "lr": 0.1365527024013454}
{"step": 7580, "loss": 0.11546065658330917, "lr": 0.13445759453911532}
{"step": 7600, "loss": 0.08848465979099274, "lr": 0.13237543171560695}
{"step": 7620, "loss": 0.09499523788690567, "lr": 0.13030631543505353}
{"step": 7640, "loss": 0.10623587667942047, "lr": 0.1282503465656776}
{"step": 7660, "loss": 0.10802586376667023, "lr": 0.12620762533477278}
{"step": 7680, "loss": 0.10121285915374756, "lr": 0.12417825132381749}
{"step": 7700, "loss": 0.07807965576648712, "lr": 0.12216232346362187}
{"step": 7720, "loss": 0.08707886934280396, "lr": 0.1201599400295029}
{"step": 7740, "loss": 0.09755328297615051, "lr": 0.1181711986364955}
{"step": 7760, "loss": 0.09916116297245026, "lr": 0.11619619623459268}
{"step": 7780, "loss": 0.08635721355676651, "lr": 0.11423502910401916}
{"step": 7800, "loss": 0.09604783356189728, "lr": 0.11228779285053898}
{"step": 7820, "loss": 0.09934403747320175, "lr": 0.11035458240079313}
{"step": 7840, "loss": 0.08882409334182739, "lr": 0.10843549199767351}
{"step": 7860, "loss": 0.08841819316148758, "lr": 0.10653061519572758}
{"step": 7880, "loss": 0.09306038916110992, "lr": 0.10464004485659767}
{"step": 7900, "loss": 0.11847065389156342, "lr": 0.10276387314449505}
{"step": 7920, "loss": 0.08090949803590775, "lr": 0.10090219152170539}
{"step": 7940, "loss": 0.08789943158626556, "lr": 0.09905509074413166}
{"step": 7960, "loss": 0.09121694415807724, "lr": 0.09722266085686876}
{"step": 7980, "loss": 0.09713232517242432, "lr": 0.0954049911898137}
{"step": 8000, "loss": 0.08015596121549606, "lr": 0.09360217035331209}
{"step": 8020, "loss": 0.10711334645748138, "lr": 0.09181428623383714}
{"step": 8040, "loss": 0.08648364245891571, "lr": 0.09004142598970595}
{"step": 8060, "loss": 0.09681502729654312, "lr": 0.08828367604683018}
{"step": 8080, "loss": 0.12188117206096649, "lr": 0.08654112209450325}
{"step": 8100, "loss": 0.09437890350818634, "lr": 0.08481384908122265}
{"step": 8120, "loss": 0.08563286066055298, "lr": 0.0831019412105491}
{"step": 8140, "loss": 0.1127181202173233, "lr": 0.08140548193700137}
{"step": 8160, "loss": 0.09163334965705872, "lr": 0.07972455396198815}
{"step": 8180, "loss": 0.10676790028810501, "lr": 0.07805923922977619}
{"step": 8200, "loss": 0.0788007602095604, "lr": 0.07640961892349579}
{"step": 8220, "loss": 0.088727205991745, "lr": 0.07477577346118301}
{"step": 8240, "loss": 0.11258624494075775, "lr": 0.0731577824918594}
{"step": 8260, "loss": 0.10479026287794113, "lr": 0.07155572489164914}
{"step": 8280, "loss": 0.09794312715530396, "lr": 0.0699696787599339}
{"step": 8300, "loss": 0.08453353494405746, "lr": 0.06839972141554544}
{"step": 8320, "loss": 0.09574200212955475, "lr": 0.0668459293929966}
{"step": 8340, "loss": 0.10546346008777618, "lr": 0.06530837843874995}
{"step": 8360, "loss": 0.08885738253593445, "lr": 0.0637871435075255}
{"step": 8380, "loss": 0.09007809311151505, "lr": 0.062282298758646486}
{"step": 8400, "loss": 0.09893591701984406, "lr": 0.060793917552424276}
{"step": 8420, "loss": 0.10341459512710571, "lr": 0.05932207244658208}
{"step": 8440, "loss": 0.09509788453578949, "lr": 0.057866835192717674}
{"step": 8460, "loss": 0.1051316112279892, "lr": 0.056428276732805795}
{"step": 8480, "loss": 0.08415655791759491, "lr": 0.0550064671957395}
{"step": 8500, "loss": 0.08680292963981628, "lr": 0.05360147589391158}
{"step": 8520, "loss": 0.09411531686782837, "lr": 0.05221337131983561}
{"step": 8540, "loss": 0.0856037586927414, "lr": 0.05084222114280697}
{"step": 8560, "loss": 0.0919828861951828, "lr": 0.049488092205603844}
{"step": 8580, "loss": 0.09780298918485641, "lr": 0.04815105052122903}
{"step": 8600, "loss": 0.12065881490707397, "lr": 0.046831161269691404}
{"step": 8620, "loss": 0.07994405925273895, "lr": 0.045528488794828986}
{"step": 8640, "loss": 0.09569887071847916, "lr": 0.0442430966011715}
{"step": 8660, "loss": 0.09325002878904343, "lr": 0.04297504735084519}
{"step": 8680, "loss": 0.08852142095565796, "lr": 0.041724402860517755}
{"step": 8700, "loss": 0.08294495940208435, "lr": 0.04049122409838488}
{"step": 8720, "loss": 0.09714062511920929, "lr": 0.03927557118119838}
{"step": 8740, "loss": 0.09970429539680481, "lr": 0.038077503371334843}
{"step": 8760, "loss": 0.10093548148870468, "lr": 0.03689707907390729}
{"step": 8780, "loss": 0.1211925745010376, "lr": 0.035734355833917646}
{"step": 8800, "loss": 0.08098611235618591, "lr": 0.03458939033345154}
{"step": 8820, "loss": 0.09868110716342926, "lr": 0.033462238388915204}
{"step": 8840, "loss": 0.08471755683422089, "lr": 0.032352954948313965}
{"step": 8860, "loss": 0.08887949585914612, "lr": 0.03126159408857423}
{"step": 8880, "loss": 0.09697362780570984, "lr": 0.030188209012906864}
{"step": 8900, "loss": 0.09412313997745514, "lr": 0.029132852048213566}
{"step": 8920, "loss": 0.10431984066963196, "lr": 0.02809557464253634}
{"step": 8940, "loss": 0.10150264948606491, "lr": 0.02707642736254865}
{"step": 8960, "loss": 0.08201675117015839, "lr": 0.02607545989109128}
{"step": 8980, "loss": 0.09477795660495758, "lr": 0.025092721024749576}
{"step": 9000, "loss": 0.0917271077632904, "lr": 0.024128258671475014}
{"step": 9020, "loss": 0.09535573422908783, "lr": 0.023182119848249805}
{"step": 9040, "loss": 0.10538884997367859, "lr": 0.022254350678794266}
{"step": 9060, "loss": 0.08020881563425064, "lr": 0.021344996391319038}
{"step": 9080, "loss": 0.12812229990959167, "lr": 0.02045410131631993}
{"step": 9100, "loss": 0.08983779698610306, "lr": 0.019581708884416484}
{"step": 9120, "loss": 0.07361376285552979, "lr": 0.018727861624235544}
{"step": 9140, "loss": 0.08086903393268585, "lr": 0.01789260116033713}
{"step": 9160, "loss": 0.09881284832954407, "lr": 0.017075968211185934}
{"step": 9180, "loss": 0.10643059760332108, "lr": 0.016278002587166142}
{"step": 9200, "loss": 0.09209676831960678, "lr": 0.01549874318864033}
{"step": 9220, "loss": 0.08432815223932266, "lr": 0.014738228004053777}
{"step": 9240, "loss": 0.07808747887611389, "lr": 0.013996494108081814}
{"step": 9260, "loss": 0.09113521873950958, "lr": 0.013273577659823088}
{"step": 9280, "loss": 0.08426584303379059, "lr": 0.012569513901036444}
{"step": 9300, "loss": 0.10355295240879059, "lr": 0.01188433715442283}
{"step": 9320, "loss": 0.0953451618552208, "lr": 0.011218080821952726}
{"step": 9340, "loss": 0.09172658622264862, "lr": 0.010570777383236862}
{"step": 9360, "loss": 0.08191937953233719, "lr": 0.009942458393943721}
{"step": 9380, "loss": 0.08523069322109222, "lr": 0.00933315448426071}
{"step": 9400, "loss": 0.08630364388227463, "lr": 0.00874289535740096}
{"step": 9420, "loss": 0.07287416607141495, "lr": 0.008171709788155823}
{"step": 9440, "loss": 0.086956687271595, "lr": 0.007619625621491322}
{"step": 9460, "loss": 0.08381102979183197, "lr": 0.0070866697711914565}
{"step": 9480, "loss": 0.09748952090740204, "lr": 0.006572868218545792}
{"step": 9500, "loss": 0.08155958354473114, "lr": 0.006078246011082822}
{"step": 9520, "loss": 0.0799952894449234, "lr": 0.0056028272613492195}
{"step": 9540, "loss": 0.07887829095125198, "lr": 0.005146635145734102}
{"step": 9560, "loss": 0.08528248965740204, "lr": 0.004709691903339364}
{"step": 9580, "loss": 0.10721559822559357, "lr": 0.004292018834895384}
{"step": 9600, "loss": 0.09154768288135529, "lr": 0.003893636301722703}
{"step": 9620, "loss": 0.10597069561481476, "lr": 0.003514563724739528}
{"step": 9640, "loss": 0.08280285447835922, "lr": 0.0031548195835147566}
{"step": 9660, "loss": 0.09929569810628891, "lr": 0.0028144214153672745}
{"step": 9680, "loss": 0.09003809094429016, "lr": 0.002493385814510951}
{"step": 9700, "loss": 0.07150166481733322, "lr": 0.0021917284312456434}
{"step": 9720, "loss": 0.09275852143764496, "lr": 0.0019094639711944251}
{"step": 9740, "loss": 0.11121354252099991, "lr": 0.0016466061945865198}
{"step": 9760, "loss": 0.08795041590929031, "lr": 0.0014031679155864563}
{"step": 9780, "loss": 0.10159804672002792, "lr": 0.001179161001669682}
{"step": 9800, "loss": 0.08304555714130402, "lr": 0.0009745963730436014}
{"step": 9820, "loss": 0.10848531126976013, "lr": 0.0007894840021156924}
{"step": 9840, "loss": 0.08098648488521576, "lr": 0.0006238329130069165}
{"step": 9860, "loss": 0.08721521496772766, "lr": 0.0004776511811121154}
{"step": 9880, "loss": 0.08701789379119873, "lr": 0.000350945932706237}
{"step": 9900, "loss": 0.0878337025642395, "lr": 0.00024372334459679126}
{"step": 9920, "loss": 0.0844118595123291, "lr": 0.00015598864382297963}
{"step": 9940, "loss": 0.0782855898141861, "lr": 8.774610740074351e-05}
{"step": 9960, "loss": 0.0919138491153717, "lr": 3.899906211430882e-05}
{"step": 9980, "loss": 0.0798383504152298, "lr": 9.749884353871252e-06}
{"step": 10000, "loss": 0.08327533304691315, "lr": 0.0}
