/mnt/dataset/yudongfang/projects/SpaceNet6_OTD_official_reproduction/yolo_osssl/transforms.py:61: UserWarning: The given buffer is not writable, and PyTorch does not support non-writable tensors. This means you can write to the underlying (supposedly non-writable) buffer using the tensor. You may want to copy the buffer to protect its data or make it writable before converting it to a tensor. This type of warning will be suppressed for the rest of this program. (Triggered internally at /pytorch/torch/csrc/utils/tensor_new.cpp:1581.)
  value = torch.frombuffer(memoryview(raw), dtype=torch.uint8).clone()
/mnt/dataset/yudongfang/projects/SpaceNet6_OTD_official_reproduction/yolo_osssl/transforms.py:61: UserWarning: The given buffer is not writable, and PyTorch does not support non-writable tensors. This means you can write to the underlying (supposedly non-writable) buffer using the tensor. You may want to copy the buffer to protect its data or make it writable before converting it to a tensor. This type of warning will be suppressed for the rest of this program. (Triggered internally at /pytorch/torch/csrc/utils/tensor_new.cpp:1581.)
  value = torch.frombuffer(memoryview(raw), dtype=torch.uint8).clone()
/mnt/dataset/yudongfang/projects/SpaceNet6_OTD_official_reproduction/yolo_osssl/transforms.py:61: UserWarning: The given buffer is not writable, and PyTorch does not support non-writable tensors. This means you can write to the underlying (supposedly non-writable) buffer using the tensor. You may want to copy the buffer to protect its data or make it writable before converting it to a tensor. This type of warning will be suppressed for the rest of this program. (Triggered internally at /pytorch/torch/csrc/utils/tensor_new.cpp:1581.)
  value = torch.frombuffer(memoryview(raw), dtype=torch.uint8).clone()
/mnt/dataset/yudongfang/projects/SpaceNet6_OTD_official_reproduction/yolo_osssl/transforms.py:61: UserWarning: The given buffer is not writable, and PyTorch does not support non-writable tensors. This means you can write to the underlying (supposedly non-writable) buffer using the tensor. You may want to copy the buffer to protect its data or make it writable before converting it to a tensor. This type of warning will be suppressed for the rest of this program. (Triggered internally at /pytorch/torch/csrc/utils/tensor_new.cpp:1581.)
  value = torch.frombuffer(memoryview(raw), dtype=torch.uint8).clone()
/mnt/dataset/yudongfang/projects/SpaceNet6_OTD_official_reproduction/yolo_osssl/transforms.py:61: UserWarning: The given buffer is not writable, and PyTorch does not support non-writable tensors. This means you can write to the underlying (supposedly non-writable) buffer using the tensor. You may want to copy the buffer to protect its data or make it writable before converting it to a tensor. This type of warning will be suppressed for the rest of this program. (Triggered internally at /pytorch/torch/csrc/utils/tensor_new.cpp:1581.)
  value = torch.frombuffer(memoryview(raw), dtype=torch.uint8).clone()
/mnt/dataset/yudongfang/projects/SpaceNet6_OTD_official_reproduction/yolo_osssl/transforms.py:61: UserWarning: The given buffer is not writable, and PyTorch does not support non-writable tensors. This means you can write to the underlying (supposedly non-writable) buffer using the tensor. You may want to copy the buffer to protect its data or make it writable before converting it to a tensor. This type of warning will be suppressed for the rest of this program. (Triggered internally at /pytorch/torch/csrc/utils/tensor_new.cpp:1581.)
  value = torch.frombuffer(memoryview(raw), dtype=torch.uint8).clone()
/mnt/dataset/yudongfang/projects/SpaceNet6_OTD_official_reproduction/yolo_osssl/transforms.py:61: UserWarning: The given buffer is not writable, and PyTorch does not support non-writable tensors. This means you can write to the underlying (supposedly non-writable) buffer using the tensor. You may want to copy the buffer to protect its data or make it writable before converting it to a tensor. This type of warning will be suppressed for the rest of this program. (Triggered internally at /pytorch/torch/csrc/utils/tensor_new.cpp:1581.)
  value = torch.frombuffer(memoryview(raw), dtype=torch.uint8).clone()
/mnt/dataset/yudongfang/projects/SpaceNet6_OTD_official_reproduction/yolo_osssl/transforms.py:61: UserWarning: The given buffer is not writable, and PyTorch does not support non-writable tensors. This means you can write to the underlying (supposedly non-writable) buffer using the tensor. You may want to copy the buffer to protect its data or make it writable before converting it to a tensor. This type of warning will be suppressed for the rest of this program. (Triggered internally at /pytorch/torch/csrc/utils/tensor_new.cpp:1581.)
  value = torch.frombuffer(memoryview(raw), dtype=torch.uint8).clone()
{"step": 1, "loss": 1.9058150053024292, "lr": 8e-05}
{"step": 20, "loss": 1.7674322128295898, "lr": 0.01527848}
{"step": 40, "loss": 1.2926151752471924, "lr": 0.03127688}
{"step": 60, "loss": 0.8591973781585693, "lr": 0.04727528}
{"step": 80, "loss": 0.6878286004066467, "lr": 0.06327368}
{"step": 100, "loss": 0.6617736220359802, "lr": 0.07927208000000002}
{"step": 120, "loss": 0.7048546075820923, "lr": 0.09527048}
{"step": 140, "loss": 0.7441290616989136, "lr": 0.11126888}
{"step": 160, "loss": 0.8199188113212585, "lr": 0.12726728}
{"step": 180, "loss": 0.8927372097969055, "lr": 0.14326568}
{"step": 200, "loss": 0.9333906173706055, "lr": 0.15926408000000003}
{"step": 220, "loss": 0.9435957670211792, "lr": 0.17526248}
{"step": 240, "loss": 0.9965075254440308, "lr": 0.19126088}
{"step": 260, "loss": 1.0594933032989502, "lr": 0.20725928}
{"step": 280, "loss": 1.127365231513977, "lr": 0.22325768000000004}
{"step": 300, "loss": 1.1337156295776367, "lr": 0.23925608}
{"step": 320, "loss": 1.1738855838775635, "lr": 0.25525448}
{"step": 340, "loss": 1.1839443445205688, "lr": 0.27125288000000003}
{"step": 360, "loss": 1.2033495903015137, "lr": 0.28725128}
{"step": 380, "loss": 1.21409010887146, "lr": 0.30324968}
{"step": 400, "loss": 1.2214710712432861, "lr": 0.31924808000000005}
{"step": 420, "loss": 1.249692678451538, "lr": 0.33524648}
{"step": 440, "loss": 1.125859260559082, "lr": 0.35124488000000004}
{"step": 460, "loss": 1.15852952003479, "lr": 0.36724328000000006}
{"step": 480, "loss": 0.951912522315979, "lr": 0.38324168000000003}
{"step": 500, "loss": 0.7388601303100586, "lr": 0.39924008}
{"step": 520, "loss": 0.8444162607192993, "lr": 0.41523848}
{"step": 540, "loss": 0.7466226816177368, "lr": 0.4312368800000001}
{"step": 560, "loss": 0.9870817065238953, "lr": 0.44723528000000007}
{"step": 580, "loss": 1.0582393407821655, "lr": 0.46323368000000004}
{"step": 600, "loss": 0.8628488183021545, "lr": 0.47923208}
{"step": 620, "loss": 1.003844976425171, "lr": 0.49523048000000003}
{"step": 640, "loss": 0.6518105864524841, "lr": 0.51122888}
{"step": 660, "loss": 0.543903112411499, "lr": 0.5272272800000001}
{"step": 680, "loss": 0.43501535058021545, "lr": 0.54322568}
{"step": 700, "loss": 0.526394784450531, "lr": 0.55922408}
{"step": 720, "loss": 0.545147180557251, "lr": 0.57522248}
{"step": 740, "loss": 0.2320592999458313, "lr": 0.5912208800000001}
{"step": 760, "loss": 0.13703548908233643, "lr": 0.60721928}
{"step": 780, "loss": 0.07718652486801147, "lr": 0.6232176800000001}
{"step": 800, "loss": 0.0716981440782547, "lr": 0.6392160800000001}
{"step": 820, "loss": 0.03195905312895775, "lr": 0.65521448}
{"step": 840, "loss": 0.03952193260192871, "lr": 0.67121288}
{"step": 860, "loss": 0.014291394501924515, "lr": 0.6872112800000001}
{"step": 880, "loss": 0.0046450551599264145, "lr": 0.7032096800000001}
{"step": 900, "loss": 0.01011279970407486, "lr": 0.71920808}
{"step": 920, "loss": 0.07121796160936356, "lr": 0.73520648}
{"step": 940, "loss": 0.21310988068580627, "lr": 0.75120488}
{"step": 960, "loss": 0.06838817894458771, "lr": 0.7672032799999999}
{"step": 980, "loss": 0.11916560679674149, "lr": 0.78320168}
{"step": 1000, "loss": 0.11384956538677216, "lr": 0.79920008}
{"step": 1020, "loss": 0.24101410806179047, "lr": 0.7999912007258854}
{"step": 1040, "loss": 0.2855209410190582, "lr": 0.799962926486832}
{"step": 1060, "loss": 0.09978902339935303, "lr": 0.7999151542863834}
{"step": 1080, "loss": 0.10785648226737976, "lr": 0.7998478864534064}
{"step": 1100, "loss": 0.18483518064022064, "lr": 0.799761126267169}
{"step": 1120, "loss": 0.16444048285484314, "lr": 0.7996548779571804}
{"step": 1140, "loss": 0.3484061360359192, "lr": 0.7995291467029839}
{"step": 1160, "loss": 0.29825231432914734, "lr": 0.7993839386339057}
{"step": 1180, "loss": 0.4854886531829834, "lr": 0.7992192608287549}
{"step": 1200, "loss": 0.3669404685497284, "lr": 0.7990351213154798}
{"step": 1220, "loss": 0.47547435760498047, "lr": 0.7988315290707746}
{"step": 1240, "loss": 0.42737773060798645, "lr": 0.798608494019644}
{"step": 1260, "loss": 0.3289986550807953, "lr": 0.7983660270349174}
{"step": 1280, "loss": 0.3045428395271301, "lr": 0.7981041399367204}
{"step": 1300, "loss": 0.21482722461223602, "lr": 0.7978228454918974}
{"step": 1320, "loss": 0.17987041175365448, "lr": 0.79752215741339}
{"step": 1340, "loss": 0.22267866134643555, "lr": 0.7972020903595682}
{"step": 1360, "loss": 0.07090079039335251, "lr": 0.7968626599335158}
{"step": 1380, "loss": 0.00021839700639247894, "lr": 0.7965038826822698}
{"step": 1400, "loss": 0.0380396768450737, "lr": 0.7961257760960136}
{"step": 1420, "loss": 0.07637543231248856, "lr": 0.7957283586072248}
{"step": 1440, "loss": 0.1569618582725525, "lr": 0.7953116495897762}
{"step": 1460, "loss": 0.2422257363796234, "lr": 0.7948756693579914}
{"step": 1480, "loss": 0.1462942659854889, "lr": 0.7944204391656545}
{"step": 1500, "loss": 0.03756382316350937, "lr": 0.7939459812049743}
{"step": 1520, "loss": 0.001982400193810463, "lr": 0.7934523186055019}
{"step": 1540, "loss": 0.0035215895622968674, "lr": 0.7929394754330037}
{"step": 1560, "loss": 0.03573261573910713, "lr": 0.7924074766882878}
{"step": 1580, "loss": 0.00025103241205215454, "lr": 0.7918563483059853}
{"step": 1600, "loss": 0.00010053813457489014, "lr": 0.7912861171532862}
{"step": 1620, "loss": 7.742829620838165e-05, "lr": 0.7906968110286295}
{"step": 1640, "loss": 3.561936318874359e-05, "lr": 0.790088458660348}
{"step": 1660, "loss": 3.1366944313049316e-05, "lr": 0.789461089705268}
{"step": 1680, "loss": 0.11259032785892487, "lr": 0.788814734747263}
{"step": 1700, "loss": 0.2895486354827881, "lr": 0.7881494252957637}
{"step": 1720, "loss": 0.5524646639823914, "lr": 0.7874651937842212}
{"step": 1740, "loss": 0.5130116939544678, "lr": 0.7867620735685259}
{"step": 1760, "loss": 0.47287648916244507, "lr": 0.7860400989253817}
{"step": 1780, "loss": 0.5426087379455566, "lr": 0.7852993050506352}
{"step": 1800, "loss": 0.5319072008132935, "lr": 0.7845397280575592}
{"step": 1820, "loss": 0.30319663882255554, "lr": 0.7837614049750932}
{"step": 1840, "loss": 0.16762104630470276, "lr": 0.7829643737460371}
{"step": 1860, "loss": 0.01073705404996872, "lr": 0.7821486732252027}
{"step": 1880, "loss": 0.0001947246491909027, "lr": 0.7813143431775185}
{"step": 1900, "loss": 0.0002425890415906906, "lr": 0.7804614242760922}
{"step": 1920, "loss": 0.0020450763404369354, "lr": 0.7795899581002268}
{"step": 1940, "loss": 0.004790319129824638, "lr": 0.7786999871333944}
{"step": 1960, "loss": 0.04834623634815216, "lr": 0.7777915547611652}
{"step": 1980, "loss": 0.33209338784217834, "lr": 0.7768647052690922}
{"step": 2000, "loss": 0.29533353447914124, "lr": 0.775919483840552}
{"step": 2020, "loss": 0.5074700117111206, "lr": 0.7749559365545426}
{"step": 2040, "loss": 0.5430065989494324, "lr": 0.7739741103834372}
{"step": 2060, "loss": 0.5389310121536255, "lr": 0.7729740531906939}
{"step": 2080, "loss": 0.5212457776069641, "lr": 0.7719558137285225}
{"step": 2100, "loss": 0.3158794641494751, "lr": 0.7709194416355082}
{"step": 2120, "loss": 0.06462115049362183, "lr": 0.769864987434191}
{"step": 2140, "loss": 0.008939642459154129, "lr": 0.7687925025286036}
{"step": 2160, "loss": 0.0036446768790483475, "lr": 0.7677020392017652}
{"step": 2180, "loss": 0.0009979680180549622, "lr": 0.7665936506131322}
{"step": 2200, "loss": 0.01993664540350437, "lr": 0.7654673907960075}
{"step": 2220, "loss": 0.0012415479868650436, "lr": 0.7643233146549058}
{"step": 2240, "loss": 0.0055175162851810455, "lr": 0.7631614779628777}
{"step": 2260, "loss": 0.0420219823718071, "lr": 0.7619819373587899}
{"step": 2280, "loss": 0.28555727005004883, "lr": 0.7607847503445649}
{"step": 2300, "loss": 0.31100600957870483, "lr": 0.7595699752823775}
{"step": 2320, "loss": 0.39469295740127563, "lr": 0.7583376713918093}
{"step": 2340, "loss": 0.738755464553833, "lr": 0.7570878987469627}
{"step": 2360, "loss": 0.587370753288269, "lr": 0.7558207182735311}
{"step": 2380, "loss": 0.3775564134120941, "lr": 0.7545361917458303}
{"step": 2400, "loss": 0.4707385301589966, "lr": 0.7532343817837855}
{"step": 2420, "loss": 0.36934036016464233, "lr": 0.7519153518498797}
{"step": 2440, "loss": 0.0420583039522171, "lr": 0.7505791662460594}
{"step": 2460, "loss": 0.0001615341752767563, "lr": 0.7492258901106001}
{"step": 2480, "loss": 7.048808038234711e-05, "lr": 0.7478555894149311}
{"step": 2500, "loss": 3.700330853462219e-05, "lr": 0.7464683309604189}
{"step": 2520, "loss": 1.858547329902649e-05, "lr": 0.745064182375111}
{"step": 2540, "loss": 5.250424146652222e-05, "lr": 0.7436432121104389}
{"step": 2560, "loss": 4.637427628040314e-05, "lr": 0.7422054894378814}
{"step": 2580, "loss": 4.6759843826293945e-05, "lr": 0.7407510844455875}
{"step": 2600, "loss": 3.615580499172211e-05, "lr": 0.7392800680349596}
{"step": 2620, "loss": 3.206916153430939e-05, "lr": 0.7377925119171972}
{"step": 2640, "loss": 5.353987216949463e-05, "lr": 0.7362884886098007}
{"step": 2660, "loss": 2.1597370505332947e-05, "lr": 0.7347680714330367}
{"step": 2680, "loss": 8.401647210121155e-05, "lr": 0.7332313345063636}
{"step": 2700, "loss": 5.815736949443817e-05, "lr": 0.7316783527448179}
{"step": 2720, "loss": 2.117455005645752e-05, "lr": 0.7301092018553623}
{"step": 2740, "loss": 1.9233673810958862e-05, "lr": 0.7285239583331956}
{"step": 2760, "loss": 7.560476660728455e-06, "lr": 0.7269226994580227}
{"step": 2780, "loss": 7.377564907073975e-05, "lr": 0.725305503290288}
{"step": 2800, "loss": 1.9215047359466553e-05, "lr": 0.7236724486673695}
{"step": 2820, "loss": 2.7196481823921204e-05, "lr": 0.7220236151997357}
{"step": 2840, "loss": 1.0073184967041016e-05, "lr": 0.7203590832670648}
{"step": 2860, "loss": 0.00013489089906215668, "lr": 0.718678934014326}
{"step": 2880, "loss": 0.07804945856332779, "lr": 0.7169832493478241}
{"step": 2900, "loss": 0.041237037628889084, "lr": 0.7152721119312059}
{"step": 2920, "loss": 0.0795641839504242, "lr": 0.713545605181431}
{"step": 2940, "loss": 0.18331904709339142, "lr": 0.711803813264705}
{"step": 2960, "loss": 0.16147944331169128, "lr": 0.7100468210923769}
{"step": 2980, "loss": 0.38836774230003357, "lr": 0.7082747143167992}
{"step": 3000, "loss": 0.3615996241569519, "lr": 0.7064875793271524}
{"step": 3020, "loss": 0.2787165939807892, "lr": 0.7046855032452339}
{"step": 3040, "loss": 0.5161159038543701, "lr": 0.7028685739212106}
{"step": 3060, "loss": 0.5977796316146851, "lr": 0.7010368799293367}
{"step": 3080, "loss": 0.4085128903388977, "lr": 0.6991905105636348}
{"step": 3100, "loss": 0.26958921551704407, "lr": 0.6973295558335441}
{"step": 3120, "loss": 0.1253983974456787, "lr": 0.6954541064595315}
{"step": 3140, "loss": 0.23571038246154785, "lr": 0.6935642538686697}
{"step": 3160, "loss": 0.20645684003829956, "lr": 0.6916600901901795}
{"step": 3180, "loss": 0.018300987780094147, "lr": 0.6897417082509394}
{"step": 3200, "loss": 0.002355314791202545, "lr": 0.6878092015709596}
{"step": 3220, "loss": 0.0006629358977079391, "lr": 0.6858626643588233}
{"step": 3240, "loss": 0.00011520646512508392, "lr": 0.683902191507094}
{"step": 3260, "loss": 0.0005611199885606766, "lr": 0.6819278785876897}
{"step": 3280, "loss": 0.04284447431564331, "lr": 0.6799398218472237}
{"step": 3300, "loss": 0.1328478455543518, "lr": 0.6779381182023121}
{"step": 3320, "loss": 0.05054834112524986, "lr": 0.6759228652348507}
{"step": 3340, "loss": 0.0010780170559883118, "lr": 0.6738941611872561}
{"step": 3360, "loss": 0.01108824647963047, "lr": 0.6718521049576776}
{"step": 3380, "loss": 0.0825166255235672, "lr": 0.6697967960951755}
{"step": 3400, "loss": 0.046263426542282104, "lr": 0.6677283347948686}
{"step": 3420, "loss": 0.08479625731706619, "lr": 0.6656468218930492}
{"step": 3440, "loss": 0.28915491700172424, "lr": 0.6635523588622676}
{"step": 3460, "loss": 0.24679692089557648, "lr": 0.6614450478063856}
{"step": 3480, "loss": 0.028575696051120758, "lr": 0.6593249914555984}
{"step": 3500, "loss": 0.006610799580812454, "lr": 0.6571922931614275}
{"step": 3520, "loss": 0.007535917684435844, "lr": 0.6550470568916814}
{"step": 3540, "loss": 0.005603916943073273, "lr": 0.6528893872253878}
{"step": 3560, "loss": 0.004505205899477005, "lr": 0.6507193893476955}
{"step": 3580, "loss": 0.005661949515342712, "lr": 0.6485371690447459}
{"step": 3600, "loss": 0.008310817182064056, "lr": 0.6463428326985172}
{"step": 3620, "loss": 0.01966935023665428, "lr": 0.6441364872816376}
{"step": 3640, "loss": 0.04275526478886604, "lr": 0.6419182403521699}
{"step": 3660, "loss": 0.05066792666912079, "lr": 0.6396882000483699}
{"step": 3680, "loss": 0.07381623983383179, "lr": 0.6374464750834123}
{"step": 3700, "loss": 0.1703360676765442, "lr": 0.6351931747400933}
{"step": 3720, "loss": 0.26399707794189453, "lr": 0.6329284088655017}
{"step": 3740, "loss": 0.3260959982872009, "lr": 0.6306522878656642}
{"step": 3760, "loss": 0.4772835969924927, "lr": 0.6283649227001634}
{"step": 3780, "loss": 0.7799035310745239, "lr": 0.6260664248767286}
{"step": 3800, "loss": 0.7672710418701172, "lr": 0.6237569064457995}
{"step": 3820, "loss": 0.8069165945053101, "lr": 0.6214364799950644}
{"step": 3840, "loss": 0.7338193655014038, "lr": 0.6191052586439707}
{"step": 3860, "loss": 0.6394609808921814, "lr": 0.6167633560382116}
{"step": 3880, "loss": 0.5951137542724609, "lr": 0.6144108863441848}
{"step": 3900, "loss": 0.5012656450271606, "lr": 0.6120479642434277}
{"step": 3920, "loss": 0.5025972723960876, "lr": 0.6096747049270262}
{"step": 3940, "loss": 0.4910793900489807, "lr": 0.6072912240900001}
{"step": 3960, "loss": 0.37143102288246155, "lr": 0.6048976379256615}
{"step": 3980, "loss": 0.3608114719390869, "lr": 0.6024940631199522}
{"step": 4000, "loss": 0.5001837015151978, "lr": 0.6000806168457541}
{"step": 4020, "loss": 0.7376350164413452, "lr": 0.5976574167571774}
{"step": 4040, "loss": 0.807462215423584, "lr": 0.5952245809838255}
{"step": 4060, "loss": 0.5248904228210449, "lr": 0.5927822281250353}
{"step": 4080, "loss": 0.6087746024131775, "lr": 0.5903304772440968}
{"step": 4100, "loss": 0.4094732999801636, "lr": 0.5878694478624473}
{"step": 4120, "loss": 0.4601162374019623, "lr": 0.5853992599538466}
{"step": 4140, "loss": 0.28101617097854614, "lr": 0.5829200339385266}
{"step": 4160, "loss": 0.3834574222564697, "lr": 0.5804318906773219}
{"step": 4180, "loss": 0.4026251435279846, "lr": 0.577934951465778}
{"step": 4200, "loss": 0.38780677318573, "lr": 0.5754293380282377}
{"step": 4220, "loss": 0.45754432678222656, "lr": 0.572915172511907}
{"step": 4240, "loss": 0.5452560186386108, "lr": 0.5703925774809012}
{"step": 4260, "loss": 0.6496046781539917, "lr": 0.5678616759102696}
{"step": 4280, "loss": 0.7696096301078796, "lr": 0.56532259118}
{"step": 4300, "loss": 0.6191261410713196, "lr": 0.5627754470690048}
{"step": 4320, "loss": 0.8231325149536133, "lr": 0.5602203677490868}
{"step": 4340, "loss": 0.7462733387947083, "lr": 0.5576574777788855}
{"step": 4360, "loss": 0.9032081961631775, "lr": 0.5550869020978048}
{"step": 4380, "loss": 0.8518443703651428, "lr": 0.5525087660199227}
{"step": 4400, "loss": 0.877586305141449, "lr": 0.5499231952278825}
{"step": 4420, "loss": 0.911620020866394, "lr": 0.547330315766765}
{"step": 4440, "loss": 0.9210563898086548, "lr": 0.5447302540379448}
{"step": 4460, "loss": 0.9459977746009827, "lr": 0.5421231367929278}
{"step": 4480, "loss": 0.9326831102371216, "lr": 0.5395090911271722}
{"step": 4500, "loss": 0.7821756601333618, "lr": 0.5368882444738923}
{"step": 4520, "loss": 0.46367016434669495, "lr": 0.5342607245978473}
{"step": 4540, "loss": 0.6693885922431946, "lr": 0.5316266595891119}
{"step": 4560, "loss": 0.5664981603622437, "lr": 0.5289861778568321}
{"step": 4580, "loss": 0.6455985307693481, "lr": 0.5263394081229655}
{"step": 4600, "loss": 0.6878126859664917, "lr": 0.5236864794160063}
{"step": 4620, "loss": 0.6925265789031982, "lr": 0.5210275210646949}
{"step": 4640, "loss": 0.7392417788505554, "lr": 0.5183626626917132}
{"step": 4660, "loss": 0.5765158534049988, "lr": 0.5156920342073662}
{"step": 4680, "loss": 0.5109807252883911, "lr": 0.5130157658032485}
{"step": 4700, "loss": 0.46423283219337463, "lr": 0.5103339879458969}
{"step": 4720, "loss": 0.5753349661827087, "lr": 0.5076468313704314}
{"step": 4740, "loss": 0.586906909942627, "lr": 0.5049544270741814}
{"step": 4760, "loss": 0.5339812636375427, "lr": 0.5022569063102993}
{"step": 4780, "loss": 0.6649287343025208, "lr": 0.4995544005813627}
{"step": 4800, "loss": 0.5909262895584106, "lr": 0.4968470416329632}
{"step": 4820, "loss": 0.47403234243392944, "lr": 0.49413496144728397}
{"step": 4840, "loss": 0.47721654176712036, "lr": 0.4914182922366659}
{"step": 4860, "loss": 0.43511080741882324, "lr": 0.488697166437162}
{"step": 4880, "loss": 0.5186986923217773, "lr": 0.48597171670208184}
{"step": 4900, "loss": 0.44708365201950073, "lr": 0.48324207589552404}
{"step": 4920, "loss": 0.5993450284004211, "lr": 0.48050837708589933}
{"step": 4940, "loss": 0.5131111145019531, "lr": 0.477770753539444}
{"step": 4960, "loss": 0.640688419342041, "lr": 0.4750293387137231}
{"step": 4980, "loss": 0.593658983707428, "lr": 0.47228426625112424}
{"step": 5000, "loss": 0.41861194372177124, "lr": 0.46953566997234264}
{"step": 5020, "loss": 0.5368878245353699, "lr": 0.4667836838698575}
{"step": 5040, "loss": 0.31432172656059265, "lr": 0.46402844210140004}
{"step": 5060, "loss": 0.34099751710891724, "lr": 0.46127007898341327}
{"step": 5080, "loss": 0.40206706523895264, "lr": 0.4585087289845044}
{"step": 5100, "loss": 0.3193332254886627, "lr": 0.45574452671888904}
{"step": 5120, "loss": 0.21526697278022766, "lr": 0.45297760693982936}
{"step": 5140, "loss": 0.4487646222114563, "lr": 0.4502081045330646}
{"step": 5160, "loss": 0.2678992450237274, "lr": 0.4474361545102357}
{"step": 5180, "loss": 0.2007358819246292, "lr": 0.4446618920023035}
{"step": 5200, "loss": 0.3707491457462311, "lr": 0.44188545225296105}
{"step": 5220, "loss": 0.28175806999206543, "lr": 0.4391069706120407}
{"step": 5240, "loss": 0.16402146220207214, "lr": 0.43632658252891593}
{"step": 5260, "loss": 0.21062855422496796, "lr": 0.43354442354589795}
{"step": 5280, "loss": 0.4090905487537384, "lr": 0.4307606292916285}
{"step": 5300, "loss": 0.3772200644016266, "lr": 0.42797533547446787}
{"step": 5320, "loss": 0.31904441118240356, "lr": 0.425188677875879}
{"step": 5340, "loss": 0.25644391775131226, "lr": 0.42240079234380856}
{"step": 5360, "loss": 0.20152898132801056, "lr": 0.41961181478606424}
{"step": 5380, "loss": 0.301183819770813, "lr": 0.4168218811636892}
{"step": 5400, "loss": 0.3424806594848633, "lr": 0.41403112748433435}
{"step": 5420, "loss": 0.28724661469459534, "lr": 0.4112396897956278}
{"step": 5440, "loss": 0.21992936730384827, "lr": 0.40844770417854304}
{"step": 5460, "loss": 0.2726849317550659, "lr": 0.40565530674076417}
{"step": 5480, "loss": 0.22167731821537018, "lr": 0.4028626336100518}
{"step": 5500, "loss": 0.20411089062690735, "lr": 0.4000698209276061}
{"step": 5520, "loss": 0.19436092674732208, "lr": 0.39727700484143064}
{"step": 5540, "loss": 0.20607012510299683, "lr": 0.3944843214996947}
{"step": 5560, "loss": 0.10695973038673401, "lr": 0.3916919070440962}
{"step": 5580, "loss": 0.13764390349388123, "lr": 0.3888998976032254}
{"step": 5600, "loss": 0.12797905504703522, "lr": 0.386108429285928}
{"step": 5620, "loss": 0.1833106428384781, "lr": 0.38331763817467024}
{"step": 5640, "loss": 0.18116609752178192, "lr": 0.3805276603189054}
{"step": 5660, "loss": 0.29262179136276245, "lr": 0.37773863172844035}
{"step": 5680, "loss": 0.29053956270217896, "lr": 0.37495068836680656}
{"step": 5700, "loss": 0.2085627317428589, "lr": 0.3721639661446305}
{"step": 5720, "loss": 0.1687701940536499, "lr": 0.3693786009130091}
{"step": 5740, "loss": 0.21469421684741974, "lr": 0.3665947284568872}
{"step": 5760, "loss": 0.2231786698102951, "lr": 0.36381248448843684}
{"step": 5780, "loss": 0.16570527851581573, "lr": 0.36103200464044316}
{"step": 5800, "loss": 0.26519450545310974, "lr": 0.35825342445969055}
{"step": 5820, "loss": 0.14783188700675964, "lr": 0.3554768794003565}
{"step": 5840, "loss": 0.2064456194639206, "lr": 0.35270250481740717}
{"step": 5860, "loss": 0.227025106549263, "lr": 0.3499304359599989}
{"step": 5880, "loss": 0.14280284941196442, "lr": 0.34716080796488596}
{"step": 5900, "loss": 0.2008780688047409, "lr": 0.34439375584983134}
{"step": 5920, "loss": 0.23195138573646545, "lr": 0.34162941450702605}
{"step": 5940, "loss": 0.2563324570655823, "lr": 0.3388679186965119}
{"step": 5960, "loss": 0.16406649351119995, "lr": 0.3361094030396126}
{"step": 5980, "loss": 0.18464204668998718, "lr": 0.3333540020123718}
{"step": 6000, "loss": 0.20963412523269653, "lr": 0.330601849938996}
{"step": 6020, "loss": 0.3182359039783478, "lr": 0.32785308098530774}
{"step": 6040, "loss": 0.2971141040325165, "lr": 0.3251078291522039}
{"step": 6060, "loss": 0.2554447650909424, "lr": 0.32236622826912376}
{"step": 6080, "loss": 0.1275257021188736, "lr": 0.31962841198752534}
{"step": 6100, "loss": 0.23442187905311584, "lr": 0.3168945137743691}
{"step": 6120, "loss": 0.3818383514881134, "lr": 0.3141646669056125}
{"step": 6140, "loss": 0.27626216411590576, "lr": 0.31143900445971157}
{"step": 6160, "loss": 0.2167993187904358, "lr": 0.3087176593111344}
{"step": 6180, "loss": 0.1502920389175415, "lr": 0.3060007641238836}
{"step": 6200, "loss": 0.3500119745731354, "lr": 0.3032884513450285}
{"step": 6220, "loss": 0.09515766054391861, "lr": 0.30058085319824895}
{"step": 6240, "loss": 0.26325491070747375, "lr": 0.29787810167738876}
{"step": 6260, "loss": 0.1887880563735962, "lr": 0.2951803285400216}
{"step": 6280, "loss": 0.3391558527946472, "lr": 0.29248766530102827}
{"step": 6300, "loss": 0.13936127722263336, "lr": 0.28980024322618453}
{"step": 6320, "loss": 0.3062323033809662, "lr": 0.28711819332576277}
{"step": 6340, "loss": 0.21441635489463806, "lr": 0.2844416463481445}
{"step": 6360, "loss": 0.18200770020484924, "lr": 0.28177073277344755}
{"step": 6380, "loss": 0.17571601271629333, "lr": 0.2791055828071642}
{"step": 6400, "loss": 0.07748709619045258, "lr": 0.2764463263738139}
{"step": 6420, "loss": 0.23637655377388, "lr": 0.2737930931106105}
{"step": 6440, "loss": 0.3203789293766022, "lr": 0.27114601236114116}
{"step": 6460, "loss": 0.2624005377292633, "lr": 0.268505213169062}
{"step": 6480, "loss": 0.19104710221290588, "lr": 0.2658708242718066}
{"step": 6500, "loss": 0.3197263777256012, "lr": 0.2632429740943102}
{"step": 6520, "loss": 0.26138150691986084, "lr": 0.26062179074274966}
{"step": 6540, "loss": 0.24582873284816742, "lr": 0.25800740199829764}
{"step": 6560, "loss": 0.23535043001174927, "lr": 0.2553999353108938}
{"step": 6580, "loss": 0.24075305461883545, "lr": 0.25279951779303145}
{"step": 6600, "loss": 0.3698728680610657, "lr": 0.2502062762135607}
{"step": 6620, "loss": 0.30056971311569214, "lr": 0.24762033699150932}
{"step": 6640, "loss": 0.23908135294914246, "lr": 0.24504182618991896}
{"step": 6660, "loss": 0.42040199041366577, "lr": 0.24247086950970032}
{"step": 6680, "loss": 0.2184332311153412, "lr": 0.239907592283505}
{"step": 6700, "loss": 0.3255052864551544, "lr": 0.23735211946961537}
{"step": 6720, "loss": 0.25550341606140137, "lr": 0.23480457564585377}
{"step": 6740, "loss": 0.3041214048862457, "lr": 0.2322650850035083}
{"step": 6760, "loss": 0.2795813977718353, "lr": 0.22973377134127945}
{"step": 6780, "loss": 0.24814504384994507, "lr": 0.22721075805924454}
{"step": 6800, "loss": 0.20887628197669983, "lr": 0.2246961681528423}
{"step": 6820, "loss": 0.25222665071487427, "lr": 0.2221901242068765}
{"step": 6840, "loss": 0.21602405607700348, "lr": 0.21969274838954056}
{"step": 6860, "loss": 0.2120157778263092, "lr": 0.21720416244646146}
{"step": 6880, "loss": 0.2288639396429062, "lr": 0.21472448769476493}
{"step": 6900, "loss": 0.20399171113967896, "lr": 0.2122538450171613}
{"step": 6920, "loss": 0.26149263978004456, "lr": 0.20979235485605252}
{"step": 6940, "loss": 0.36634212732315063, "lr": 0.20734013720766065}
{"step": 6960, "loss": 0.25465822219848633, "lr": 0.20489731161617808}
{"step": 6980, "loss": 0.3077765703201294, "lr": 0.20246399716793984}
{"step": 7000, "loss": 0.23377734422683716, "lr": 0.20004031248561838}
{"step": 7020, "loss": 0.24734504520893097, "lr": 0.19762637572244035}
{"step": 7040, "loss": 0.24378110468387604, "lr": 0.19522230455642725}
{"step": 7060, "loss": 0.31217828392982483, "lr": 0.1928282161846583}
{"step": 7080, "loss": 0.26233792304992676, "lr": 0.19044422731755734}
{"step": 7100, "loss": 0.2977759540081024, "lr": 0.188070454173203}
{"step": 7120, "loss": 0.28713497519493103, "lr": 0.18570701247166366}
{"step": 7140, "loss": 0.324778288602829, "lr": 0.1833540174293555}
{"step": 7160, "loss": 0.3351023495197296, "lr": 0.18101158375342635}
{"step": 7180, "loss": 0.25868722796440125, "lr": 0.17867982563616325}
{"step": 7200, "loss": 0.29717734456062317, "lr": 0.17635885674942664}
{"step": 7220, "loss": 0.3610289692878723, "lr": 0.17404879023910716}
{"step": 7240, "loss": 0.3337690234184265, "lr": 0.17174973871961163}
{"step": 7260, "loss": 0.16788648068904877, "lr": 0.16946181426837226}
{"step": 7280, "loss": 0.3192817270755768, "lr": 0.16718512842038288}
{"step": 7300, "loss": 0.1793859452009201, "lr": 0.16491979216276265}
{"step": 7320, "loss": 0.32286641001701355, "lr": 0.16266591592934374}
{"step": 7340, "loss": 0.2156999111175537, "lr": 0.16042360959528948}
{"step": 7360, "loss": 0.1483411341905594, "lr": 0.15819298247173702}
{"step": 7380, "loss": 0.10014563798904419, "lr": 0.15597414330046877}
{"step": 7400, "loss": 0.20484870672225952, "lr": 0.1537672002486116}
{"step": 7420, "loss": 0.39840036630630493, "lr": 0.15157226090336287}
{"step": 7440, "loss": 0.1586497724056244, "lr": 0.1493894322667466}
{"step": 7460, "loss": 0.18207259476184845, "lr": 0.1472188207503966}
{"step": 7480, "loss": 0.10164445638656616, "lr": 0.14506053217036913}
{"step": 7500, "loss": 0.1357974410057068, "lr": 0.14291467174198477}
{"step": 7520, "loss": 0.122913658618927, "lr": 0.14078134407469817}
{"step": 7540, "loss": 0.18618960678577423, "lr": 0.13866065316699996}
{"step": 7560, "loss": 0.10336392372846603, "lr": 0.1365527024013454}
{"step": 7580, "loss": 0.2665262818336487, "lr": 0.13445759453911532}
{"step": 7600, "loss": 0.13813328742980957, "lr": 0.13237543171560695}
{"step": 7620, "loss": 0.08096500486135483, "lr": 0.13030631543505353}
{"step": 7640, "loss": 0.13864703476428986, "lr": 0.1282503465656776}
{"step": 7660, "loss": 0.11647726595401764, "lr": 0.12620762533477278}
{"step": 7680, "loss": 0.05034945532679558, "lr": 0.12417825132381749}
{"step": 7700, "loss": 0.0413631871342659, "lr": 0.12216232346362187}
{"step": 7720, "loss": 0.07920648157596588, "lr": 0.1201599400295029}
{"step": 7740, "loss": 0.07189164310693741, "lr": 0.1181711986364955}
{"step": 7760, "loss": 0.06846939772367477, "lr": 0.11619619623459268}
{"step": 7780, "loss": 0.07098706066608429, "lr": 0.11423502910401916}
{"step": 7800, "loss": 0.07208642363548279, "lr": 0.11228779285053898}
{"step": 7820, "loss": 0.0706762820482254, "lr": 0.11035458240079313}
{"step": 7840, "loss": 0.0022076740860939026, "lr": 0.10843549199767351}
{"step": 7860, "loss": 0.036654435098171234, "lr": 0.10653061519572758}
{"step": 7880, "loss": 0.06947831809520721, "lr": 0.10464004485659767}
{"step": 7900, "loss": 0.01377495564520359, "lr": 0.10276387314449505}
{"step": 7920, "loss": 0.040298040956258774, "lr": 0.10090219152170539}
{"step": 7940, "loss": 0.002649294212460518, "lr": 0.09905509074413166}
{"step": 7960, "loss": 0.006433308124542236, "lr": 0.09722266085686876}
{"step": 7980, "loss": 0.0037244632840156555, "lr": 0.0954049911898137}
{"step": 8000, "loss": 0.006365027278661728, "lr": 0.09360217035331209}
{"step": 8020, "loss": 0.0030202269554138184, "lr": 0.09181428623383714}
{"step": 8040, "loss": 0.001974409446120262, "lr": 0.09004142598970595}
{"step": 8060, "loss": 0.04799329489469528, "lr": 0.08828367604683018}
{"step": 8080, "loss": 0.004924934357404709, "lr": 0.08654112209450325}
{"step": 8100, "loss": 0.03110814094543457, "lr": 0.08481384908122265}
{"step": 8120, "loss": 0.007821653038263321, "lr": 0.0831019412105491}
{"step": 8140, "loss": 0.0053528472781181335, "lr": 0.08140548193700137}
{"step": 8160, "loss": 0.002246556803584099, "lr": 0.07972455396198815}
{"step": 8180, "loss": 0.07230841368436813, "lr": 0.07805923922977619}
{"step": 8200, "loss": 0.005531724542379379, "lr": 0.07640961892349579}
{"step": 8220, "loss": 0.004597920924425125, "lr": 0.07477577346118301}
{"step": 8240, "loss": 0.003664674237370491, "lr": 0.0731577824918594}
{"step": 8260, "loss": 0.0030375774949789047, "lr": 0.07155572489164914}
{"step": 8280, "loss": 0.04062258079648018, "lr": 0.0699696787599339}
{"step": 8300, "loss": 0.0028549302369356155, "lr": 0.06839972141554544}
{"step": 8320, "loss": 0.006364915519952774, "lr": 0.0668459293929966}
{"step": 8340, "loss": 0.002697965130209923, "lr": 0.06530837843874995}
{"step": 8360, "loss": 0.04395746439695358, "lr": 0.0637871435075255}
{"step": 8380, "loss": 0.0029146280139684677, "lr": 0.062282298758646486}
{"step": 8400, "loss": 0.007661826908588409, "lr": 0.060793917552424276}
{"step": 8420, "loss": 0.0031140726059675217, "lr": 0.05932207244658208}
{"step": 8440, "loss": 0.003161150962114334, "lr": 0.057866835192717674}
{"step": 8460, "loss": 0.008154366165399551, "lr": 0.056428276732805795}
{"step": 8480, "loss": 0.038069337606430054, "lr": 0.0550064671957395}
{"step": 8500, "loss": 0.0032034162431955338, "lr": 0.05360147589391158}
{"step": 8520, "loss": 0.008012281730771065, "lr": 0.05221337131983561}
{"step": 8540, "loss": 0.015542855486273766, "lr": 0.05084222114280697}
{"step": 8560, "loss": 0.0024476516991853714, "lr": 0.049488092205603844}
{"step": 8580, "loss": 0.011219693347811699, "lr": 0.04815105052122903}
{"step": 8600, "loss": 0.010342665016651154, "lr": 0.046831161269691404}
{"step": 8620, "loss": 0.03826176002621651, "lr": 0.045528488794828986}
{"step": 8640, "loss": 0.002626592293381691, "lr": 0.0442430966011715}
{"step": 8660, "loss": 0.008287953212857246, "lr": 0.04297504735084519}
{"step": 8680, "loss": 0.0025361329317092896, "lr": 0.041724402860517755}
{"step": 8700, "loss": 0.0026765987277030945, "lr": 0.04049122409838488}
{"step": 8720, "loss": 0.017965275794267654, "lr": 0.03927557118119838}
{"step": 8740, "loss": 0.04479310289025307, "lr": 0.038077503371334843}
{"step": 8760, "loss": 0.0035172533243894577, "lr": 0.03689707907390729}
{"step": 8780, "loss": 0.03103315457701683, "lr": 0.035734355833917646}
{"step": 8800, "loss": 0.02370321936905384, "lr": 0.03458939033345154}
{"step": 8820, "loss": 0.005748070776462555, "lr": 0.033462238388915204}
{"step": 8840, "loss": 0.04431602358818054, "lr": 0.032352954948313965}
{"step": 8860, "loss": 0.0025414414703845978, "lr": 0.03126159408857423}
{"step": 8880, "loss": 0.006026808172464371, "lr": 0.030188209012906864}
{"step": 8900, "loss": 0.007207630202174187, "lr": 0.029132852048213566}
{"step": 8920, "loss": 0.039763759821653366, "lr": 0.02809557464253634}
{"step": 8940, "loss": 0.008779199793934822, "lr": 0.02707642736254865}
{"step": 8960, "loss": 0.03629016876220703, "lr": 0.02607545989109128}
{"step": 8980, "loss": 0.004260348156094551, "lr": 0.025092721024749576}
{"step": 9000, "loss": 0.004610419273376465, "lr": 0.024128258671475014}
{"step": 9020, "loss": 0.005877772346138954, "lr": 0.023182119848249805}
{"step": 9040, "loss": 0.014555957168340683, "lr": 0.022254350678794266}
{"step": 9060, "loss": 0.008403874933719635, "lr": 0.021344996391319038}
{"step": 9080, "loss": 0.006511110812425613, "lr": 0.02045410131631993}
{"step": 9100, "loss": 0.005828235298395157, "lr": 0.019581708884416484}
{"step": 9120, "loss": 0.00344143807888031, "lr": 0.018727861624235544}
{"step": 9140, "loss": 0.012469785287976265, "lr": 0.01789260116033713}
{"step": 9160, "loss": 0.0037845689803361893, "lr": 0.017075968211185934}
{"step": 9180, "loss": 0.00803501345217228, "lr": 0.016278002587166142}
{"step": 9200, "loss": 0.006199387833476067, "lr": 0.01549874318864033}
{"step": 9220, "loss": 0.006418619304895401, "lr": 0.014738228004053777}
{"step": 9240, "loss": 0.004134796559810638, "lr": 0.013996494108081814}
{"step": 9260, "loss": 0.01446543075144291, "lr": 0.013273577659823088}
{"step": 9280, "loss": 0.02010233700275421, "lr": 0.012569513901036444}
{"step": 9300, "loss": 0.008700231090188026, "lr": 0.01188433715442283}
{"step": 9320, "loss": 0.05369621515274048, "lr": 0.011218080821952726}
{"step": 9340, "loss": 0.004994507879018784, "lr": 0.010570777383236862}
{"step": 9360, "loss": 0.004339002072811127, "lr": 0.009942458393943721}
{"step": 9380, "loss": 0.004832802340388298, "lr": 0.00933315448426071}
{"step": 9400, "loss": 0.04302447289228439, "lr": 0.00874289535740096}
{"step": 9420, "loss": 0.005411304533481598, "lr": 0.008171709788155823}
{"step": 9440, "loss": 0.0028711967170238495, "lr": 0.007619625621491322}
{"step": 9460, "loss": 0.009916601702570915, "lr": 0.0070866697711914565}
{"step": 9480, "loss": 0.0017415974289178848, "lr": 0.006572868218545792}
{"step": 9500, "loss": 0.004343684762716293, "lr": 0.006078246011082822}
{"step": 9520, "loss": 0.04918808117508888, "lr": 0.0056028272613492195}
{"step": 9540, "loss": 0.004816045984625816, "lr": 0.005146635145734102}
{"step": 9560, "loss": 0.010785290971398354, "lr": 0.004709691903339364}
{"step": 9580, "loss": 0.0029225870966911316, "lr": 0.004292018834895384}
{"step": 9600, "loss": 0.036266129463911057, "lr": 0.003893636301722703}
{"step": 9620, "loss": 0.0038724560290575027, "lr": 0.003514563724739528}
{"step": 9640, "loss": 0.035888202488422394, "lr": 0.0031548195835147566}
{"step": 9660, "loss": 0.0036292821168899536, "lr": 0.0028144214153672745}
{"step": 9680, "loss": 0.010042812675237656, "lr": 0.002493385814510951}
{"step": 9700, "loss": 0.0087556391954422, "lr": 0.0021917284312456434}
{"step": 9720, "loss": 0.01608464866876602, "lr": 0.0019094639711944251}
{"step": 9740, "loss": 0.011648708954453468, "lr": 0.0016466061945865198}
{"step": 9760, "loss": 0.04031401127576828, "lr": 0.0014031679155864563}
{"step": 9780, "loss": 0.005766650661826134, "lr": 0.001179161001669682}
{"step": 9800, "loss": 0.00802154652774334, "lr": 0.0009745963730436014}
{"step": 9820, "loss": 0.0023953616619110107, "lr": 0.0007894840021156924}
{"step": 9840, "loss": 0.008325926959514618, "lr": 0.0006238329130069165}
{"step": 9860, "loss": 0.00355333648622036, "lr": 0.0004776511811121154}
{"step": 9880, "loss": 0.007094360888004303, "lr": 0.000350945932706237}
{"step": 9900, "loss": 0.0038234535604715347, "lr": 0.00024372334459679126}
{"step": 9920, "loss": 0.03223856911063194, "lr": 0.00015598864382297963}
{"step": 9940, "loss": 0.03935670107603073, "lr": 8.774610740074351e-05}
{"step": 9960, "loss": 0.014947429299354553, "lr": 3.899906211430882e-05}
{"step": 9980, "loss": 0.009239207953214645, "lr": 9.749884353871252e-06}
{"step": 10000, "loss": 0.04901581257581711, "lr": 0.0}
